43.241.144.40 - - [02/Jun/2019:11:49:25 +0000] "GET /css/project/images/app-icon-1.jpg HTTP/1.1" 304 153 "http://13.126.138.58/" "Mozilla/5.0 (X11; Linux x86_64) AppleWebKit/537.36 (KHTML, like Gecko) Chrome/70.0.3538.110 Safari/537.36"
43.241.144.40 - - [02/Jun/2019:11:49:25 +0000] "GET /js/jquerysession.js HTTP/1.1" 404 1529 "http://13.126.138.58/" "Mozilla/5.0 (X11; Linux x86_64) AppleWebKit/537.36 (KHTML, like Gecko) Chrome/70.0.3538.110 Safari/537.36"
43.241.144.40 - - [02/Jun/2019:11:49:25 +0000] "GET /css/project/images/app-icon-3.jpg HTTP/1.1" 304 154 "http://13.126.138.58/" "Mozilla/5.0 (X11; Linux x86_64) AppleWebKit/537.36 (KHTML, like Gecko) Chrome/70.0.3538.110 Safari/537.36"
43.241.144.40 - - [02/Jun/2019:11:49:26 +0000] "GET /css/project/images/app-icon-5.jpg HTTP/1.1" 304 154 "http://13.126.138.58/" "Mozilla/5.0 (X11; Linux x86_64) AppleWebKit/537.36 (KHTML, like Gecko) Chrome/70.0.3538.110 Safari/537.36"
43.241.144.40 - - [02/Jun/2019:11:49:26 +0000] "GET /css/project/images/app-icon-4.jpg HTTP/1.1" 304 154 "http://13.126.138.58/" "Mozilla/5.0 (X11; Linux x86_64) AppleWebKit/537.36 (KHTML, like Gecko) Chrome/70.0.3538.110 Safari/537.36"
43.241.144.40 - - [02/Jun/2019:11:49:25 +0000] "GET /css/project/images/app-icon-2.jpg HTTP/1.1" 304 154 "http://13.126.138.58/" "Mozilla/5.0 (X11; Linux x86_64) AppleWebKit/537.36 (KHTML, like Gecko) Chrome/70.0.3538.110 Safari/537.36"
43.241.144.40 - - [02/Jun/2019:11:49:26 +0000] "GET /css/project/images/app-icon-6.jpg HTTP/1.1" 304 153 "http://13.126.138.58/" "Mozilla/5.0 (X11; Linux x86_64) AppleWebKit/537.36 (KHTML, like Gecko) Chrome/70.0.3538.110 Safari/537.36"
43.241.144.40 - - [02/Jun/2019:11:49:26 +0000] "GET /css/project/images/app-icon-7.jpg HTTP/1.1" 304 153 "http://13.126.138.58/" "Mozilla/5.0 (X11; Linux x86_64) AppleWebKit/537.36 (KHTML, like Gecko) Chrome/70.0.3538.110 Safari/537.36"
43.241.144.40 - - [02/Jun/2019:11:49:26 +0000] "GET /css/project/images/app-icon-8.jpg HTTP/1.1" 304 153 "http://13.126.138.58/" "Mozilla/5.0 (X11; Linux x86_64) AppleWebKit/537.36 (KHTML, like Gecko) Chrome/70.0.3538.110 Safari/537.36"
43.241.144.40 - - [02/Jun/2019:11:49:26 +0000] "GET /css/project/images/app-icon-9.jpg HTTP/1.1" 304 153 "http://13.126.138.58/" "Mozilla/5.0 (X11; Linux x86_64) AppleWebKit/537.36 (KHTML, like Gecko) Chrome/70.0.3538.110 Safari/537.36"
43.241.144.40 - - [02/Jun/2019:11:49:26 +0000] "GET /css/project/images/mission-statement-icon.png HTTP/1.1" 304 153 "http://13.126.138.58/" "Mozilla/5.0 (X11; Linux x86_64) AppleWebKit/537.36 (KHTML, like Gecko) Chrome/70.0.3538.110 Safari/537.36"
43.241.144.40 - - [02/Jun/2019:11:49:26 +0000] "GET /css/project/images/values-icon.png HTTP/1.1" 304 153 "http://13.126.138.58/" "Mozilla/5.0 (X11; Linux x86_64) AppleWebKit/537.36 (KHTML, like Gecko) Chrome/70.0.3538.110 Safari/537.36"
43.241.144.40 - - [02/Jun/2019:11:49:26 +0000] "GET /css/project/images/vision-icon.png HTTP/1.1" 304 153 "http://13.126.138.58/" "Mozilla/5.0 (X11; Linux x86_64) AppleWebKit/537.36 (KHTML, like Gecko) Chrome/70.0.3538.110 Safari/537.36"
43.241.144.40 - - [02/Jun/2019:11:49:26 +0000] "GET /css/project/images/client-1.jpg HTTP/1.1" 304 153 "http://13.126.138.58/" "Mozilla/5.0 (X11; Linux x86_64) AppleWebKit/537.36 (KHTML, like Gecko) Chrome/70.0.3538.110 Safari/537.36"
43.241.144.40 - - [02/Jun/2019:11:49:26 +0000] "GET /css/project/images/coming-soon-bg.jpg HTTP/1.1" 304 153 "http://13.126.138.58/css/project/css/style.css" "Mozilla/5.0 (X11; Linux x86_64) AppleWebKit/537.36 (KHTML, like Gecko) Chrome/70.0.3538.110 Safari/537.36"
43.241.144.40 - - [02/Jun/2019:11:49:26 +0000] "GET /css/project/images/blog-section-bg.jpg HTTP/1.1" 304 153 "http://13.126.138.58/css/project/css/style.css" "Mozilla/5.0 (X11; Linux x86_64) AppleWebKit/537.36 (KHTML, like Gecko) Chrome/70.0.3538.110 Safari/537.36"
43.241.144.136 - - [02/Jun/2019:11:49:29 +0000] "GET / HTTP/1.1" 200 4393 "http://13.126.138.58/pages/about-us" "Mozilla/5.0 (Windows NT 10.0; Win64; x64) AppleWebKit/537.36 (KHTML, like Gecko) Chrome/74.0.3729.169 Safari/537.36"
43.241.144.136 - - [02/Jun/2019:11:49:29 +0000] "GET /js/jquerysession.js HTTP/1.1" 404 1529 "http://13.126.138.58/" "Mozilla/5.0 (Windows NT 10.0; Win64; x64) AppleWebKit/537.36 (KHTML, like Gecko) Chrome/74.0.3729.169 Safari/537.36"
43.241.144.136 - - [02/Jun/2019:11:49:29 +0000] "GET /js/jquerysession.js HTTP/1.1" 404 1529 "http://13.126.138.58/" "Mozilla/5.0 (Windows NT 10.0; Win64; x64) AppleWebKit/537.36 (KHTML, like Gecko) Chrome/74.0.3729.169 Safari/537.36"
43.241.144.40 - - [02/Jun/2019:11:49:46 +0000] "GET /admin/notification/getlist HTTP/1.1" 200 636 "http://13.126.138.58/admin/pages/7/edit" "Mozilla/5.0 (X11; Linux x86_64) AppleWebKit/537.36 (KHTML, like Gecko) Chrome/70.0.3538.110 Safari/537.36"
43.241.144.136 - - [02/Jun/2019:11:49:48 +0000] "GET /admin/notification/getlist HTTP/1.1" 200 636 "http://13.126.138.58/admin/pages/7/edit" "Mozilla/5.0 (Windows NT 10.0; Win64; x64) AppleWebKit/537.36 (KHTML, like Gecko) Chrome/74.0.3729.169 Safari/537.36"
43.241.144.40 - - [02/Jun/2019:11:49:50 +0000] "GET /admin/pages HTTP/1.1" 200 4295 "http://13.126.138.58/admin/pages/7/edit" "Mozilla/5.0 (X11; Linux x86_64) AppleWebKit/537.36 (KHTML, like Gecko) Chrome/70.0.3538.110 Safari/537.36"
43.241.144.40 - - [02/Jun/2019:11:49:51 +0000] "GET /admin/notification/getlist HTTP/1.1" 200 635 "http://13.126.138.58/admin/pages" "Mozilla/5.0 (X11; Linux x86_64) AppleWebKit/537.36 (KHTML, like Gecko) Chrome/70.0.3538.110 Safari/537.36"
43.241.144.40 - - [02/Jun/2019:11:49:51 +0000] "POST /admin/pages/get HTTP/1.1" 200 1688 "http://13.126.138.58/admin/pages" "Mozilla/5.0 (X11; Linux x86_64) AppleWebKit/537.36 (KHTML, like Gecko) Chrome/70.0.3538.110 Safari/537.36"
43.241.144.40 - - [02/Jun/2019:11:50:10 +0000] "GET /stone-collection HTTP/1.1" 200 3103 "http://13.126.138.58/" "Mozilla/5.0 (X11; Linux x86_64) AppleWebKit/537.36 (KHTML, like Gecko) Chrome/70.0.3538.110 Safari/537.36"
43.241.144.40 - - [02/Jun/2019:11:50:10 +0000] "GET /js/jquerysession.js HTTP/1.1" 404 1529 "http://13.126.138.58/stone-collection" "Mozilla/5.0 (X11; Linux x86_64) AppleWebKit/537.36 (KHTML, like Gecko) Chrome/70.0.3538.110 Safari/537.36"
43.241.144.40 - - [02/Jun/2019:11:50:12 +0000] "GET /pages/production HTTP/1.1" 200 2340 "http://13.126.138.58/stone-collection" "Mozilla/5.0 (X11; Linux x86_64) AppleWebKit/537.36 (KHTML, like Gecko) Chrome/70.0.3538.110 Safari/537.36"
43.241.144.40 - - [02/Jun/2019:11:50:12 +0000] "GET /js/jquerysession.js HTTP/1.1" 404 1529 "http://13.126.138.58/pages/production" "Mozilla/5.0 (X11; Linux x86_64) AppleWebKit/537.36 (KHTML, like Gecko) Chrome/70.0.3538.110 Safari/537.36"
43.241.144.40 - - [02/Jun/2019:11:50:12 +0000] "GET /js/jquerysession.js HTTP/1.1" 404 1529 "http://13.126.138.58/pages/production" "Mozilla/5.0 (X11; Linux x86_64) AppleWebKit/537.36 (KHTML, like Gecko) Chrome/70.0.3538.110 Safari/537.36"
43.241.144.40 - - [02/Jun/2019:11:50:15 +0000] "GET /stone-collection HTTP/1.1" 200 3101 "http://13.126.138.58/pages/production" "Mozilla/5.0 (X11; Linux x86_64) AppleWebKit/537.36 (KHTML, like Gecko) Chrome/70.0.3538.110 Safari/537.36"
43.241.144.40 - - [02/Jun/2019:11:50:15 +0000] "GET /js/jquerysession.js HTTP/1.1" 404 1529 "http://13.126.138.58/stone-collection" "Mozilla/5.0 (X11; Linux x86_64) AppleWebKit/537.36 (KHTML, like Gecko) Chrome/70.0.3538.110 Safari/537.36"
43.241.144.40 - - [02/Jun/2019:11:50:16 +0000] "GET /pages/about-us HTTP/1.1" 200 4851 "http://13.126.138.58/stone-collection" "Mozilla/5.0 (X11; Linux x86_64) AppleWebKit/537.36 (KHTML, like Gecko) Chrome/70.0.3538.110 Safari/537.36"
43.241.144.40 - - [02/Jun/2019:11:50:16 +0000] "GET /js/jquerysession.js HTTP/1.1" 404 1529 "http://13.126.138.58/pages/about-us" "Mozilla/5.0 (X11; Linux x86_64) AppleWebKit/537.36 (KHTML, like Gecko) Chrome/70.0.3538.110 Safari/537.36"
43.241.144.40 - - [02/Jun/2019:11:50:20 +0000] "GET / HTTP/1.1" 200 4390 "http://13.126.138.58/pages/about-us" "Mozilla/5.0 (X11; Linux x86_64) AppleWebKit/537.36 (KHTML, like Gecko) Chrome/70.0.3538.110 Safari/537.36"
43.241.144.40 - - [02/Jun/2019:11:50:20 +0000] "GET /js/jquerysession.js HTTP/1.1" 404 1529 "http://13.126.138.58/" "Mozilla/5.0 (X11; Linux x86_64) AppleWebKit/537.36 (KHTML, like Gecko) Chrome/70.0.3538.110 Safari/537.36"
43.241.144.136 - - [02/Jun/2019:11:50:22 +0000] "GET / HTTP/1.1" 200 4393 "http://13.126.138.58/" "Mozilla/5.0 (Windows NT 10.0; Win64; x64) AppleWebKit/537.36 (KHTML, like Gecko) Chrome/74.0.3729.169 Safari/537.36"
43.241.144.136 - - [02/Jun/2019:11:50:22 +0000] "GET /js/jquerysession.js HTTP/1.1" 404 1529 "http://13.126.138.58/" "Mozilla/5.0 (Windows NT 10.0; Win64; x64) AppleWebKit/537.36 (KHTML, like Gecko) Chrome/74.0.3729.169 Safari/537.36"
43.241.144.136 - - [02/Jun/2019:11:50:23 +0000] "GET /js/jquerysession.js HTTP/1.1" 404 1529 "http://13.126.138.58/" "Mozilla/5.0 (Windows NT 10.0; Win64; x64) AppleWebKit/537.36 (KHTML, like Gecko) Chrome/74.0.3729.169 Safari/537.36"
43.241.144.136 - - [02/Jun/2019:11:50:48 +0000] "GET /admin/notification/getlist HTTP/1.1" 200 636 "http://13.126.138.58/admin/pages/7/edit" "Mozilla/5.0 (Windows NT 10.0; Win64; x64) AppleWebKit/537.36 (KHTML, like Gecko) Chrome/74.0.3729.169 Safari/537.36"
43.241.144.40 - - [02/Jun/2019:11:50:51 +0000] "GET /admin/notification/getlist HTTP/1.1" 200 636 "http://13.126.138.58/admin/pages" "Mozilla/5.0 (X11; Linux x86_64) AppleWebKit/537.36 (KHTML, like Gecko) Chrome/70.0.3538.110 Safari/537.36"
43.241.144.40 - - [02/Jun/2019:11:51:13 +0000] "GET /pages/about-us HTTP/1.1" 200 4849 "http://13.126.138.58/" "Mozilla/5.0 (X11; Linux x86_64) AppleWebKit/537.36 (KHTML, like Gecko) Chrome/70.0.3538.110 Safari/537.36"
43.241.144.40 - - [02/Jun/2019:11:51:13 +0000] "GET /js/jquerysession.js HTTP/1.1" 404 1529 "http://13.126.138.58/pages/about-us" "Mozilla/5.0 (X11; Linux x86_64) AppleWebKit/537.36 (KHTML, like Gecko) Chrome/70.0.3538.110 Safari/537.36"
43.241.144.40 - - [02/Jun/2019:11:51:16 +0000] "GET / HTTP/1.1" 200 4394 "http://13.126.138.58/pages/about-us" "Mozilla/5.0 (X11; Linux x86_64) AppleWebKit/537.36 (KHTML, like Gecko) Chrome/70.0.3538.110 Safari/537.36"
43.241.144.40 - - [02/Jun/2019:11:51:16 +0000] "GET /js/jquerysession.js HTTP/1.1" 404 1529 "http://13.126.138.58/" "Mozilla/5.0 (X11; Linux x86_64) AppleWebKit/537.36 (KHTML, like Gecko) Chrome/70.0.3538.110 Safari/537.36"
43.241.144.40 - - [02/Jun/2019:11:51:16 +0000] "GET /js/jquerysession.js HTTP/1.1" 404 1529 "http://13.126.138.58/" "Mozilla/5.0 (X11; Linux x86_64) AppleWebKit/537.36 (KHTML, like Gecko) Chrome/70.0.3538.110 Safari/537.36"
43.241.144.136 - - [02/Jun/2019:11:51:48 +0000] "GET /admin/notification/getlist HTTP/1.1" 200 636 "http://13.126.138.58/admin/pages/7/edit" "Mozilla/5.0 (Windows NT 10.0; Win64; x64) AppleWebKit/537.36 (KHTML, like Gecko) Chrome/74.0.3729.169 Safari/537.36"
43.241.144.40 - - [02/Jun/2019:11:51:52 +0000] "GET /admin/notification/getlist HTTP/1.1" 200 636 "http://13.126.138.58/admin/pages" "Mozilla/5.0 (X11; Linux x86_64) AppleWebKit/537.36 (KHTML, like Gecko) Chrome/70.0.3538.110 Safari/537.36"
43.241.144.40 - - [02/Jun/2019:11:52:01 +0000] "GET /admin/pages/7/edit HTTP/1.1" 200 6672 "http://13.126.138.58/admin/pages" "Mozilla/5.0 (X11; Linux x86_64) AppleWebKit/537.36 (KHTML, like Gecko) Chrome/70.0.3538.110 Safari/537.36"
43.241.144.40 - - [02/Jun/2019:11:52:02 +0000] "GET /admin/notification/getlist HTTP/1.1" 200 635 "http://13.126.138.58/admin/pages/7/edit" "Mozilla/5.0 (X11; Linux x86_64) AppleWebKit/537.36 (KHTML, like Gecko) Chrome/70.0.3538.110 Safari/537.36"
43.241.144.40 - - [02/Jun/2019:11:52:05 +0000] "GET /pages/about-us HTTP/1.1" 200 4850 "http://13.126.138.58/" "Mozilla/5.0 (X11; Linux x86_64) AppleWebKit/537.36 (KHTML, like Gecko) Chrome/70.0.3538.110 Safari/537.36"
43.241.144.40 - - [02/Jun/2019:11:52:05 +0000] "GET /css/project/images/about-block-img1.jpg HTTP/1.1" 304 153 "http://13.126.138.58/pages/about-us" "Mozilla/5.0 (X11; Linux x86_64) AppleWebKit/537.36 (KHTML, like Gecko) Chrome/70.0.3538.110 Safari/537.36"
43.241.144.40 - - [02/Jun/2019:11:52:05 +0000] "GET /css/project/images/about-block-img2.jpg HTTP/1.1" 304 154 "http://13.126.138.58/pages/about-us" "Mozilla/5.0 (X11; Linux x86_64) AppleWebKit/537.36 (KHTML, like Gecko) Chrome/70.0.3538.110 Safari/537.36"
43.241.144.40 - - [02/Jun/2019:11:52:05 +0000] "GET /css/project/images/about-block-img3.jpg HTTP/1.1" 304 153 "http://13.126.138.58/pages/about-us" "Mozilla/5.0 (X11; Linux x86_64) AppleWebKit/537.36 (KHTML, like Gecko) Chrome/70.0.3538.110 Safari/537.36"
43.241.144.40 - - [02/Jun/2019:11:52:05 +0000] "GET /js/jquerysession.js HTTP/1.1" 404 1529 "http://13.126.138.58/pages/about-us" "Mozilla/5.0 (X11; Linux x86_64) AppleWebKit/537.36 (KHTML, like Gecko) Chrome/70.0.3538.110 Safari/537.36"
43.241.144.40 - - [02/Jun/2019:11:52:05 +0000] "GET /css/project/images/about-block-img5.jpg HTTP/1.1" 304 154 "http://13.126.138.58/pages/about-us" "Mozilla/5.0 (X11; Linux x86_64) AppleWebKit/537.36 (KHTML, like Gecko) Chrome/70.0.3538.110 Safari/537.36"
43.241.144.40 - - [02/Jun/2019:11:52:05 +0000] "GET /css/project/images/about-block-img4.jpg HTTP/1.1" 304 154 "http://13.126.138.58/pages/about-us" "Mozilla/5.0 (X11; Linux x86_64) AppleWebKit/537.36 (KHTML, like Gecko) Chrome/70.0.3538.110 Safari/537.36"
43.241.144.40 - - [02/Jun/2019:11:52:05 +0000] "GET /css/project/images/about-block-img6.jpg HTTP/1.1" 304 154 "http://13.126.138.58/pages/about-us" "Mozilla/5.0 (X11; Linux x86_64) AppleWebKit/537.36 (KHTML, like Gecko) Chrome/70.0.3538.110 Safari/537.36"
43.241.144.40 - - [02/Jun/2019:11:52:05 +0000] "GET /css/project/webfonts/fa-brands-400.woff2 HTTP/1.1" 304 153 "http://13.126.138.58/css/project/css/all.css" "Mozilla/5.0 (X11; Linux x86_64) AppleWebKit/537.36 (KHTML, like Gecko) Chrome/70.0.3538.110 Safari/537.36"
43.241.144.136 - - [02/Jun/2019:11:52:23 +0000] "GET /pages/about-us HTTP/1.1" 200 4849 "http://13.126.138.58/" "Mozilla/5.0 (Windows NT 10.0; Win64; x64) AppleWebKit/537.36 (KHTML, like Gecko) Chrome/74.0.3729.169 Safari/537.36"
43.241.144.136 - - [02/Jun/2019:11:52:23 +0000] "GET /css/project/css/bootstrap.css HTTP/1.1" 304 154 "http://13.126.138.58/pages/about-us" "Mozilla/5.0 (Windows NT 10.0; Win64; x64) AppleWebKit/537.36 (KHTML, like Gecko) Chrome/74.0.3729.169 Safari/537.36"
43.241.144.136 - - [02/Jun/2019:11:52:23 +0000] "GET /css/project/css/all.css HTTP/1.1" 304 153 "http://13.126.138.58/pages/about-us" "Mozilla/5.0 (Windows NT 10.0; Win64; x64) AppleWebKit/537.36 (KHTML, like Gecko) Chrome/74.0.3729.169 Safari/537.36"
43.241.144.136 - - [02/Jun/2019:11:52:23 +0000] "GET /css/project/css/style.css HTTP/1.1" 304 153 "http://13.126.138.58/pages/about-us" "Mozilla/5.0 (Windows NT 10.0; Win64; x64) AppleWebKit/537.36 (KHTML, like Gecko) Chrome/74.0.3729.169 Safari/537.36"
43.241.144.136 - - [02/Jun/2019:11:52:23 +0000] "GET /js/frontend.js?id=59b0488fa4fcb9a5133c HTTP/1.1" 304 153 "http://13.126.138.58/pages/about-us" "Mozilla/5.0 (Windows NT 10.0; Win64; x64) AppleWebKit/537.36 (KHTML, like Gecko) Chrome/74.0.3729.169 Safari/537.36"
43.241.144.136 - - [02/Jun/2019:11:52:23 +0000] "GET /css/project/css/responsive.css HTTP/1.1" 304 153 "http://13.126.138.58/pages/about-us" "Mozilla/5.0 (Windows NT 10.0; Win64; x64) AppleWebKit/537.36 (KHTML, like Gecko) Chrome/74.0.3729.169 Safari/537.36"
43.241.144.136 - - [02/Jun/2019:11:52:23 +0000] "GET /js/jquerysession.js HTTP/1.1" 404 1529 "http://13.126.138.58/pages/about-us" "Mozilla/5.0 (Windows NT 10.0; Win64; x64) AppleWebKit/537.36 (KHTML, like Gecko) Chrome/74.0.3729.169 Safari/537.36"
43.241.144.136 - - [02/Jun/2019:11:52:23 +0000] "GET /css/project/images/logo.png HTTP/1.1" 304 153 "http://13.126.138.58/pages/about-us" "Mozilla/5.0 (Windows NT 10.0; Win64; x64) AppleWebKit/537.36 (KHTML, like Gecko) Chrome/74.0.3729.169 Safari/537.36"
43.241.144.136 - - [02/Jun/2019:11:52:23 +0000] "GET /css/project/images/about-block-img1.jpg HTTP/1.1" 304 154 "http://13.126.138.58/pages/about-us" "Mozilla/5.0 (Windows NT 10.0; Win64; x64) AppleWebKit/537.36 (KHTML, like Gecko) Chrome/74.0.3729.169 Safari/537.36"
43.241.144.136 - - [02/Jun/2019:11:52:23 +0000] "GET /css/project/images/about-block-img3.jpg HTTP/1.1" 304 154 "http://13.126.138.58/pages/about-us" "Mozilla/5.0 (Windows NT 10.0; Win64; x64) AppleWebKit/537.36 (KHTML, like Gecko) Chrome/74.0.3729.169 Safari/537.36"
43.241.144.136 - - [02/Jun/2019:11:52:23 +0000] "GET /css/project/images/about-block-img2.jpg HTTP/1.1" 304 153 "http://13.126.138.58/pages/about-us" "Mozilla/5.0 (Windows NT 10.0; Win64; x64) AppleWebKit/537.36 (KHTML, like Gecko) Chrome/74.0.3729.169 Safari/537.36"
43.241.144.136 - - [02/Jun/2019:11:52:23 +0000] "GET /css/project/images/about-block-img4.jpg HTTP/1.1" 304 153 "http://13.126.138.58/pages/about-us" "Mozilla/5.0 (Windows NT 10.0; Win64; x64) AppleWebKit/537.36 (KHTML, like Gecko) Chrome/74.0.3729.169 Safari/537.36"
43.241.144.136 - - [02/Jun/2019:11:52:23 +0000] "GET /css/project/images/about-block-img5.jpg HTTP/1.1" 304 153 "http://13.126.138.58/pages/about-us" "Mozilla/5.0 (Windows NT 10.0; Win64; x64) AppleWebKit/537.36 (KHTML, like Gecko) Chrome/74.0.3729.169 Safari/537.36"
43.241.144.136 - - [02/Jun/2019:11:52:23 +0000] "GET /js/jquerysession.js HTTP/1.1" 404 1529 "http://13.126.138.58/pages/about-us" "Mozilla/5.0 (Windows NT 10.0; Win64; x64) AppleWebKit/537.36 (KHTML, like Gecko) Chrome/74.0.3729.169 Safari/537.36"
43.241.144.136 - - [02/Jun/2019:11:52:23 +0000] "GET /css/project/images/about-block-img6.jpg HTTP/1.1" 304 153 "http://13.126.138.58/pages/about-us" "Mozilla/5.0 (Windows NT 10.0; Win64; x64) AppleWebKit/537.36 (KHTML, like Gecko) Chrome/74.0.3729.169 Safari/537.36"
43.241.144.136 - - [02/Jun/2019:11:52:24 +0000] "GET /css/project/images/about-bg.png HTTP/1.1" 304 153 "http://13.126.138.58/css/project/css/style.css" "Mozilla/5.0 (Windows NT 10.0; Win64; x64) AppleWebKit/537.36 (KHTML, like Gecko) Chrome/74.0.3729.169 Safari/537.36"
43.241.144.136 - - [02/Jun/2019:11:52:24 +0000] "GET /css/project/webfonts/chandelier-bold-webfont.woff2 HTTP/1.1" 304 153 "http://13.126.138.58/css/project/css/style.css" "Mozilla/5.0 (Windows NT 10.0; Win64; x64) AppleWebKit/537.36 (KHTML, like Gecko) Chrome/74.0.3729.169 Safari/537.36"
43.241.144.136 - - [02/Jun/2019:11:52:24 +0000] "GET /css/project/webfonts/fa-brands-400.woff2 HTTP/1.1" 304 153 "http://13.126.138.58/css/project/css/all.css" "Mozilla/5.0 (Windows NT 10.0; Win64; x64) AppleWebKit/537.36 (KHTML, like Gecko) Chrome/74.0.3729.169 Safari/537.36"
43.241.144.136 - - [02/Jun/2019:11:52:24 +0000] "GET /css/project/webfonts/fa-solid-900.woff2 HTTP/1.1" 304 153 "http://13.126.138.58/css/project/css/all.css" "Mozilla/5.0 (Windows NT 10.0; Win64; x64) AppleWebKit/537.36 (KHTML, like Gecko) Chrome/74.0.3729.169 Safari/537.36"
43.241.144.40 - - [02/Jun/2019:11:52:46 +0000] "GET / HTTP/1.1" 200 4392 "http://13.126.138.58/pages/about-us" "Mozilla/5.0 (X11; Linux x86_64) AppleWebKit/537.36 (KHTML, like Gecko) Chrome/70.0.3538.110 Safari/537.36"
43.241.144.40 - - [02/Jun/2019:11:52:46 +0000] "GET /js/jquerysession.js HTTP/1.1" 404 1529 "http://13.126.138.58/" "Mozilla/5.0 (X11; Linux x86_64) AppleWebKit/537.36 (KHTML, like Gecko) Chrome/70.0.3538.110 Safari/537.36"
43.241.144.136 - - [02/Jun/2019:11:52:48 +0000] "GET /admin/notification/getlist HTTP/1.1" 200 636 "http://13.126.138.58/admin/pages/7/edit" "Mozilla/5.0 (Windows NT 10.0; Win64; x64) AppleWebKit/537.36 (KHTML, like Gecko) Chrome/74.0.3729.169 Safari/537.36"
43.241.144.40 - - [02/Jun/2019:11:53:03 +0000] "GET /admin/notification/getlist HTTP/1.1" 200 636 "http://13.126.138.58/admin/pages/7/edit" "Mozilla/5.0 (X11; Linux x86_64) AppleWebKit/537.36 (KHTML, like Gecko) Chrome/70.0.3538.110 Safari/537.36"
43.241.144.40 - - [02/Jun/2019:11:53:06 +0000] "GET /pages/about-us HTTP/1.1" 200 4850 "http://13.126.138.58/" "Mozilla/5.0 (X11; Linux x86_64) AppleWebKit/537.36 (KHTML, like Gecko) Chrome/70.0.3538.110 Safari/537.36"
43.241.144.40 - - [02/Jun/2019:11:53:06 +0000] "GET /css/project/css/bootstrap.css HTTP/1.1" 304 153 "http://13.126.138.58/pages/about-us" "Mozilla/5.0 (X11; Linux x86_64) AppleWebKit/537.36 (KHTML, like Gecko) Chrome/70.0.3538.110 Safari/537.36"
43.241.144.40 - - [02/Jun/2019:11:53:06 +0000] "GET /css/project/css/style.css HTTP/1.1" 304 154 "http://13.126.138.58/pages/about-us" "Mozilla/5.0 (X11; Linux x86_64) AppleWebKit/537.36 (KHTML, like Gecko) Chrome/70.0.3538.110 Safari/537.36"
43.241.144.40 - - [02/Jun/2019:11:53:06 +0000] "GET /css/project/css/all.css HTTP/1.1" 304 154 "http://13.126.138.58/pages/about-us" "Mozilla/5.0 (X11; Linux x86_64) AppleWebKit/537.36 (KHTML, like Gecko) Chrome/70.0.3538.110 Safari/537.36"
43.241.144.40 - - [02/Jun/2019:11:53:06 +0000] "GET /css/project/css/responsive.css HTTP/1.1" 304 154 "http://13.126.138.58/pages/about-us" "Mozilla/5.0 (X11; Linux x86_64) AppleWebKit/537.36 (KHTML, like Gecko) Chrome/70.0.3538.110 Safari/537.36"
43.241.144.40 - - [02/Jun/2019:11:53:06 +0000] "GET /css/project/images/logo.png HTTP/1.1" 304 154 "http://13.126.138.58/pages/about-us" "Mozilla/5.0 (X11; Linux x86_64) AppleWebKit/537.36 (KHTML, like Gecko) Chrome/70.0.3538.110 Safari/537.36"
43.241.144.40 - - [02/Jun/2019:11:53:06 +0000] "GET /js/jquerysession.js HTTP/1.1" 404 1529 "http://13.126.138.58/pages/about-us" "Mozilla/5.0 (X11; Linux x86_64) AppleWebKit/537.36 (KHTML, like Gecko) Chrome/70.0.3538.110 Safari/537.36"
43.241.144.40 - - [02/Jun/2019:11:53:06 +0000] "GET /css/project/images/about-bg.png HTTP/1.1" 304 153 "http://13.126.138.58/css/project/css/style.css" "Mozilla/5.0 (X11; Linux x86_64) AppleWebKit/537.36 (KHTML, like Gecko) Chrome/70.0.3538.110 Safari/537.36"
43.241.144.40 - - [02/Jun/2019:11:53:06 +0000] "GET /css/project/webfonts/chandelier-bold-webfont.woff2 HTTP/1.1" 304 153 "http://13.126.138.58/css/project/css/style.css" "Mozilla/5.0 (X11; Linux x86_64) AppleWebKit/537.36 (KHTML, like Gecko) Chrome/70.0.3538.110 Safari/537.36"
43.241.144.40 - - [02/Jun/2019:11:53:06 +0000] "GET /css/project/webfonts/fa-solid-900.woff2 HTTP/1.1" 304 153 "http://13.126.138.58/css/project/css/all.css" "Mozilla/5.0 (X11; Linux x86_64) AppleWebKit/537.36 (KHTML, like Gecko) Chrome/70.0.3538.110 Safari/537.36"
43.241.144.40 - - [02/Jun/2019:11:53:08 +0000] "GET /contact-us HTTP/1.1" 200 3233 "http://13.126.138.58/pages/about-us" "Mozilla/5.0 (X11; Linux x86_64) AppleWebKit/537.36 (KHTML, like Gecko) Chrome/70.0.3538.110 Safari/537.36"
43.241.144.40 - - [02/Jun/2019:11:53:08 +0000] "GET /css/project/images/location.png HTTP/1.1" 304 153 "http://13.126.138.58/contact-us" "Mozilla/5.0 (X11; Linux x86_64) AppleWebKit/537.36 (KHTML, like Gecko) Chrome/70.0.3538.110 Safari/537.36"
43.241.144.40 - - [02/Jun/2019:11:53:08 +0000] "GET /css/project/images/location1.png HTTP/1.1" 304 153 "http://13.126.138.58/contact-us" "Mozilla/5.0 (X11; Linux x86_64) AppleWebKit/537.36 (KHTML, like Gecko) Chrome/70.0.3538.110 Safari/537.36"
43.241.144.40 - - [02/Jun/2019:11:53:08 +0000] "GET /js/jquerysession.js HTTP/1.1" 404 1529 "http://13.126.138.58/contact-us" "Mozilla/5.0 (X11; Linux x86_64) AppleWebKit/537.36 (KHTML, like Gecko) Chrome/70.0.3538.110 Safari/537.36"
43.241.144.40 - - [02/Jun/2019:11:53:22 +0000] "GET / HTTP/1.1" 200 4394 "http://13.126.138.58/contact-us" "Mozilla/5.0 (X11; Linux x86_64) AppleWebKit/537.36 (KHTML, like Gecko) Chrome/70.0.3538.110 Safari/537.36"
43.241.144.40 - - [02/Jun/2019:11:53:22 +0000] "GET /css/project/images/home-slider.jpg HTTP/1.1" 304 153 "http://13.126.138.58/" "Mozilla/5.0 (X11; Linux x86_64) AppleWebKit/537.36 (KHTML, like Gecko) Chrome/70.0.3538.110 Safari/537.36"
43.241.144.40 - - [02/Jun/2019:11:53:22 +0000] "GET /css/project/images/about-pic.jpg HTTP/1.1" 304 154 "http://13.126.138.58/" "Mozilla/5.0 (X11; Linux x86_64) AppleWebKit/537.36 (KHTML, like Gecko) Chrome/70.0.3538.110 Safari/537.36"
43.241.144.40 - - [02/Jun/2019:11:53:22 +0000] "GET /js/frontend.js?id=59b0488fa4fcb9a5133c HTTP/1.1" 304 153 "http://13.126.138.58/" "Mozilla/5.0 (X11; Linux x86_64) AppleWebKit/537.36 (KHTML, like Gecko) Chrome/70.0.3538.110 Safari/537.36"
43.241.144.40 - - [02/Jun/2019:11:53:22 +0000] "GET /js/jquerysession.js HTTP/1.1" 404 1529 "http://13.126.138.58/" "Mozilla/5.0 (X11; Linux x86_64) AppleWebKit/537.36 (KHTML, like Gecko) Chrome/70.0.3538.110 Safari/537.36"
43.241.144.40 - - [02/Jun/2019:11:53:22 +0000] "GET /css/project/images/app-icon-1.jpg HTTP/1.1" 304 154 "http://13.126.138.58/" "Mozilla/5.0 (X11; Linux x86_64) AppleWebKit/537.36 (KHTML, like Gecko) Chrome/70.0.3538.110 Safari/537.36"
43.241.144.40 - - [02/Jun/2019:11:53:22 +0000] "GET /css/project/images/app-icon-2.jpg HTTP/1.1" 304 154 "http://13.126.138.58/" "Mozilla/5.0 (X11; Linux x86_64) AppleWebKit/537.36 (KHTML, like Gecko) Chrome/70.0.3538.110 Safari/537.36"
43.241.144.40 - - [02/Jun/2019:11:53:22 +0000] "GET /css/project/images/app-icon-3.jpg HTTP/1.1" 304 154 "http://13.126.138.58/" "Mozilla/5.0 (X11; Linux x86_64) AppleWebKit/537.36 (KHTML, like Gecko) Chrome/70.0.3538.110 Safari/537.36"
43.241.144.40 - - [02/Jun/2019:11:53:22 +0000] "GET /css/project/images/app-icon-4.jpg HTTP/1.1" 304 154 "http://13.126.138.58/" "Mozilla/5.0 (X11; Linux x86_64) AppleWebKit/537.36 (KHTML, like Gecko) Chrome/70.0.3538.110 Safari/537.36"
43.241.144.40 - - [02/Jun/2019:11:53:22 +0000] "GET /css/project/images/app-icon-5.jpg HTTP/1.1" 304 153 "http://13.126.138.58/" "Mozilla/5.0 (X11; Linux x86_64) AppleWebKit/537.36 (KHTML, like Gecko) Chrome/70.0.3538.110 Safari/537.36"
43.241.144.40 - - [02/Jun/2019:11:53:22 +0000] "GET /css/project/images/app-icon-8.jpg HTTP/1.1" 304 153 "http://13.126.138.58/" "Mozilla/5.0 (X11; Linux x86_64) AppleWebKit/537.36 (KHTML, like Gecko) Chrome/70.0.3538.110 Safari/537.36"
43.241.144.40 - - [02/Jun/2019:11:53:22 +0000] "GET /css/project/images/app-icon-7.jpg HTTP/1.1" 304 153 "http://13.126.138.58/" "Mozilla/5.0 (X11; Linux x86_64) AppleWebKit/537.36 (KHTML, like Gecko) Chrome/70.0.3538.110 Safari/537.36"
43.241.144.40 - - [02/Jun/2019:11:53:22 +0000] "GET /css/project/images/mission-statement-icon.png HTTP/1.1" 304 153 "http://13.126.138.58/" "Mozilla/5.0 (X11; Linux x86_64) AppleWebKit/537.36 (KHTML, like Gecko) Chrome/70.0.3538.110 Safari/537.36"
43.241.144.40 - - [02/Jun/2019:11:53:22 +0000] "GET /css/project/images/app-icon-9.jpg HTTP/1.1" 304 153 "http://13.126.138.58/" "Mozilla/5.0 (X11; Linux x86_64) AppleWebKit/537.36 (KHTML, like Gecko) Chrome/70.0.3538.110 Safari/537.36"
43.241.144.40 - - [02/Jun/2019:11:53:22 +0000] "GET /css/project/images/app-icon-6.jpg HTTP/1.1" 304 153 "http://13.126.138.58/" "Mozilla/5.0 (X11; Linux x86_64) AppleWebKit/537.36 (KHTML, like Gecko) Chrome/70.0.3538.110 Safari/537.36"
43.241.144.40 - - [02/Jun/2019:11:53:22 +0000] "GET /css/project/images/values-icon.png HTTP/1.1" 304 153 "http://13.126.138.58/" "Mozilla/5.0 (X11; Linux x86_64) AppleWebKit/537.36 (KHTML, like Gecko) Chrome/70.0.3538.110 Safari/537.36"
43.241.144.40 - - [02/Jun/2019:11:53:22 +0000] "GET /css/project/images/client-1.jpg HTTP/1.1" 304 153 "http://13.126.138.58/" "Mozilla/5.0 (X11; Linux x86_64) AppleWebKit/537.36 (KHTML, like Gecko) Chrome/70.0.3538.110 Safari/537.36"
43.241.144.40 - - [02/Jun/2019:11:53:22 +0000] "GET /css/project/images/blog-section-bg.jpg HTTP/1.1" 304 153 "http://13.126.138.58/css/project/css/style.css" "Mozilla/5.0 (X11; Linux x86_64) AppleWebKit/537.36 (KHTML, like Gecko) Chrome/70.0.3538.110 Safari/537.36"
43.241.144.40 - - [02/Jun/2019:11:53:22 +0000] "GET /css/project/images/coming-soon-bg.jpg HTTP/1.1" 304 153 "http://13.126.138.58/css/project/css/style.css" "Mozilla/5.0 (X11; Linux x86_64) AppleWebKit/537.36 (KHTML, like Gecko) Chrome/70.0.3538.110 Safari/537.36"
43.241.144.40 - - [02/Jun/2019:11:53:22 +0000] "GET /css/project/images/vision-icon.png HTTP/1.1" 304 153 "http://13.126.138.58/" "Mozilla/5.0 (X11; Linux x86_64) AppleWebKit/537.36 (KHTML, like Gecko) Chrome/70.0.3538.110 Safari/537.36"
43.241.144.136 - - [02/Jun/2019:11:53:48 +0000] "GET /admin/notification/getlist HTTP/1.1" 200 636 "http://13.126.138.58/admin/pages/7/edit" "Mozilla/5.0 (Windows NT 10.0; Win64; x64) AppleWebKit/537.36 (KHTML, like Gecko) Chrome/74.0.3729.169 Safari/537.36"
43.241.144.40 - - [02/Jun/2019:11:54:03 +0000] "GET /admin/notification/getlist HTTP/1.1" 200 636 "http://13.126.138.58/admin/pages/7/edit" "Mozilla/5.0 (X11; Linux x86_64) AppleWebKit/537.36 (KHTML, like Gecko) Chrome/70.0.3538.110 Safari/537.36"
43.241.144.40 - - [02/Jun/2019:11:54:19 +0000] "GET /stone-collection HTTP/1.1" 200 3097 "http://13.126.138.58/" "Mozilla/5.0 (X11; Linux x86_64) AppleWebKit/537.36 (KHTML, like Gecko) Chrome/70.0.3538.110 Safari/537.36"
43.241.144.40 - - [02/Jun/2019:11:54:19 +0000] "GET /css/project/images/collection-slider-1.jpg HTTP/1.1" 304 153 "http://13.126.138.58/stone-collection" "Mozilla/5.0 (X11; Linux x86_64) AppleWebKit/537.36 (KHTML, like Gecko) Chrome/70.0.3538.110 Safari/537.36"
43.241.144.40 - - [02/Jun/2019:11:54:19 +0000] "GET /css/project/images/product-front-view.png HTTP/1.1" 304 154 "http://13.126.138.58/stone-collection" "Mozilla/5.0 (X11; Linux x86_64) AppleWebKit/537.36 (KHTML, like Gecko) Chrome/70.0.3538.110 Safari/537.36"
43.241.144.40 - - [02/Jun/2019:11:54:19 +0000] "GET /js/jquerysession.js HTTP/1.1" 404 1529 "http://13.126.138.58/stone-collection" "Mozilla/5.0 (X11; Linux x86_64) AppleWebKit/537.36 (KHTML, like Gecko) Chrome/70.0.3538.110 Safari/537.36"
43.241.144.40 - - [02/Jun/2019:11:54:19 +0000] "GET /css/project/images/collection-section-bg.png HTTP/1.1" 304 153 "http://13.126.138.58/css/project/css/style.css" "Mozilla/5.0 (X11; Linux x86_64) AppleWebKit/537.36 (KHTML, like Gecko) Chrome/70.0.3538.110 Safari/537.36"
43.241.144.40 - - [02/Jun/2019:11:54:40 +0000] "GET /pages/production HTTP/1.1" 200 2334 "http://13.126.138.58/stone-collection" "Mozilla/5.0 (X11; Linux x86_64) AppleWebKit/537.36 (KHTML, like Gecko) Chrome/70.0.3538.110 Safari/537.36"
43.241.144.40 - - [02/Jun/2019:11:54:40 +0000] "GET /js/jquerysession.js HTTP/1.1" 404 1529 "http://13.126.138.58/pages/production" "Mozilla/5.0 (X11; Linux x86_64) AppleWebKit/537.36 (KHTML, like Gecko) Chrome/70.0.3538.110 Safari/537.36"
43.241.144.40 - - [02/Jun/2019:11:54:41 +0000] "GET /js/jquerysession.js HTTP/1.1" 404 1529 "http://13.126.138.58/pages/production" "Mozilla/5.0 (X11; Linux x86_64) AppleWebKit/537.36 (KHTML, like Gecko) Chrome/70.0.3538.110 Safari/537.36"
43.241.144.136 - - [02/Jun/2019:11:54:42 +0000] "GET /pages/production HTTP/1.1" 200 2336 "http://13.126.138.58/" "Mozilla/5.0 (Windows NT 10.0; Win64; x64) AppleWebKit/537.36 (KHTML, like Gecko) Chrome/74.0.3729.169 Safari/537.36"
43.241.144.136 - - [02/Jun/2019:11:54:42 +0000] "GET /js/frontend.js?id=59b0488fa4fcb9a5133c HTTP/1.1" 304 154 "http://13.126.138.58/pages/production" "Mozilla/5.0 (Windows NT 10.0; Win64; x64) AppleWebKit/537.36 (KHTML, like Gecko) Chrome/74.0.3729.169 Safari/537.36"
43.241.144.136 - - [02/Jun/2019:11:54:42 +0000] "GET /css/project/images/logo.png HTTP/1.1" 304 153 "http://13.126.138.58/pages/production" "Mozilla/5.0 (Windows NT 10.0; Win64; x64) AppleWebKit/537.36 (KHTML, like Gecko) Chrome/74.0.3729.169 Safari/537.36"
43.241.144.136 - - [02/Jun/2019:11:54:43 +0000] "GET /js/jquerysession.js HTTP/1.1" 404 1529 "http://13.126.138.58/pages/production" "Mozilla/5.0 (Windows NT 10.0; Win64; x64) AppleWebKit/537.36 (KHTML, like Gecko) Chrome/74.0.3729.169 Safari/537.36"
43.241.144.136 - - [02/Jun/2019:11:54:43 +0000] "GET /css/project/webfonts/chandelier-bold-webfont.woff2 HTTP/1.1" 304 153 "http://13.126.138.58/css/project/css/style.css" "Mozilla/5.0 (Windows NT 10.0; Win64; x64) AppleWebKit/537.36 (KHTML, like Gecko) Chrome/74.0.3729.169 Safari/537.36"
43.241.144.40 - - [02/Jun/2019:11:54:45 +0000] "GET /stone-collection HTTP/1.1" 200 3101 "http://13.126.138.58/pages/production" "Mozilla/5.0 (X11; Linux x86_64) AppleWebKit/537.36 (KHTML, like Gecko) Chrome/70.0.3538.110 Safari/537.36"
43.241.144.40 - - [02/Jun/2019:11:54:45 +0000] "GET /js/jquerysession.js HTTP/1.1" 404 1529 "http://13.126.138.58/stone-collection" "Mozilla/5.0 (X11; Linux x86_64) AppleWebKit/537.36 (KHTML, like Gecko) Chrome/70.0.3538.110 Safari/537.36"
43.241.144.136 - - [02/Jun/2019:11:54:45 +0000] "GET /stone-collection HTTP/1.1" 200 3093 "http://13.126.138.58/pages/production" "Mozilla/5.0 (Windows NT 10.0; Win64; x64) AppleWebKit/537.36 (KHTML, like Gecko) Chrome/74.0.3729.169 Safari/537.36"
43.241.144.136 - - [02/Jun/2019:11:54:45 +0000] "GET /css/project/images/product-front-view.png HTTP/1.1" 304 154 "http://13.126.138.58/stone-collection" "Mozilla/5.0 (Windows NT 10.0; Win64; x64) AppleWebKit/537.36 (KHTML, like Gecko) Chrome/74.0.3729.169 Safari/537.36"
43.241.144.136 - - [02/Jun/2019:11:54:45 +0000] "GET /css/project/images/collection-slider-1.jpg HTTP/1.1" 304 153 "http://13.126.138.58/stone-collection" "Mozilla/5.0 (Windows NT 10.0; Win64; x64) AppleWebKit/537.36 (KHTML, like Gecko) Chrome/74.0.3729.169 Safari/537.36"
43.241.144.136 - - [02/Jun/2019:11:54:45 +0000] "GET /js/jquerysession.js HTTP/1.1" 404 1529 "http://13.126.138.58/stone-collection" "Mozilla/5.0 (Windows NT 10.0; Win64; x64) AppleWebKit/537.36 (KHTML, like Gecko) Chrome/74.0.3729.169 Safari/537.36"
43.241.144.136 - - [02/Jun/2019:11:54:45 +0000] "GET /css/project/images/collection-section-bg.png HTTP/1.1" 304 153 "http://13.126.138.58/css/project/css/style.css" "Mozilla/5.0 (Windows NT 10.0; Win64; x64) AppleWebKit/537.36 (KHTML, like Gecko) Chrome/74.0.3729.169 Safari/537.36"
43.241.144.136 - - [02/Jun/2019:11:54:45 +0000] "GET /css/project/webfonts/fa-solid-900.woff2 HTTP/1.1" 304 153 "http://13.126.138.58/css/project/css/all.css" "Mozilla/5.0 (Windows NT 10.0; Win64; x64) AppleWebKit/537.36 (KHTML, like Gecko) Chrome/74.0.3729.169 Safari/537.36"
43.241.144.136 - - [02/Jun/2019:11:54:48 +0000] "GET /admin/notification/getlist HTTP/1.1" 200 635 "http://13.126.138.58/admin/pages/7/edit" "Mozilla/5.0 (Windows NT 10.0; Win64; x64) AppleWebKit/537.36 (KHTML, like Gecko) Chrome/74.0.3729.169 Safari/537.36"
43.241.144.40 - - [02/Jun/2019:11:55:03 +0000] "GET /admin/notification/getlist HTTP/1.1" 200 636 "http://13.126.138.58/admin/pages/7/edit" "Mozilla/5.0 (X11; Linux x86_64) AppleWebKit/537.36 (KHTML, like Gecko) Chrome/70.0.3538.110 Safari/537.36"
43.241.144.40 - - [02/Jun/2019:11:55:09 +0000] "GET /stone-collection HTTP/1.1" 200 3099 "http://13.126.138.58/stone-collection" "Mozilla/5.0 (X11; Linux x86_64) AppleWebKit/537.36 (KHTML, like Gecko) Chrome/70.0.3538.110 Safari/537.36"
43.241.144.40 - - [02/Jun/2019:11:55:09 +0000] "GET /js/jquerysession.js HTTP/1.1" 404 1529 "http://13.126.138.58/stone-collection" "Mozilla/5.0 (X11; Linux x86_64) AppleWebKit/537.36 (KHTML, like Gecko) Chrome/70.0.3538.110 Safari/537.36"
43.241.144.40 - - [02/Jun/2019:11:55:09 +0000] "GET /js/frontend/frontend.js HTTP/1.1" 304 154 "http://13.126.138.58/stone-collection" "Mozilla/5.0 (X11; Linux x86_64) AppleWebKit/537.36 (KHTML, like Gecko) Chrome/70.0.3538.110 Safari/537.36"
43.241.144.40 - - [02/Jun/2019:11:55:09 +0000] "GET /js/select2/select2.js HTTP/1.1" 304 153 "http://13.126.138.58/stone-collection" "Mozilla/5.0 (X11; Linux x86_64) AppleWebKit/537.36 (KHTML, like Gecko) Chrome/70.0.3538.110 Safari/537.36"
43.241.144.40 - - [02/Jun/2019:11:55:09 +0000] "GET /js/project/js/bootstrap.min.js HTTP/1.1" 304 154 "http://13.126.138.58/stone-collection" "Mozilla/5.0 (X11; Linux x86_64) AppleWebKit/537.36 (KHTML, like Gecko) Chrome/70.0.3538.110 Safari/537.36"
43.241.144.40 - - [02/Jun/2019:11:55:09 +0000] "GET /js/project/js/main.js HTTP/1.1" 304 154 "http://13.126.138.58/stone-collection" "Mozilla/5.0 (X11; Linux x86_64) AppleWebKit/537.36 (KHTML, like Gecko) Chrome/70.0.3538.110 Safari/537.36"
43.241.144.40 - - [02/Jun/2019:11:55:09 +0000] "GET /js/jquerysession.js HTTP/1.1" 404 1529 "http://13.126.138.58/stone-collection" "Mozilla/5.0 (X11; Linux x86_64) AppleWebKit/537.36 (KHTML, like Gecko) Chrome/70.0.3538.110 Safari/537.36"
43.241.144.136 - - [02/Jun/2019:11:55:48 +0000] "GET /admin/notification/getlist HTTP/1.1" 200 636 "http://13.126.138.58/admin/pages/7/edit" "Mozilla/5.0 (Windows NT 10.0; Win64; x64) AppleWebKit/537.36 (KHTML, like Gecko) Chrome/74.0.3729.169 Safari/537.36"
43.241.144.40 - - [02/Jun/2019:11:56:03 +0000] "GET /admin/notification/getlist HTTP/1.1" 200 636 "http://13.126.138.58/admin/pages/7/edit" "Mozilla/5.0 (X11; Linux x86_64) AppleWebKit/537.36 (KHTML, like Gecko) Chrome/70.0.3538.110 Safari/537.36"
43.241.144.40 - - [02/Jun/2019:11:56:31 +0000] "GET /stone-collection HTTP/1.1" 200 3099 "http://13.126.138.58/stone-collection" "Mozilla/5.0 (X11; Linux x86_64) AppleWebKit/537.36 (KHTML, like Gecko) Chrome/70.0.3538.110 Safari/537.36"
43.241.144.40 - - [02/Jun/2019:11:56:31 +0000] "GET /js/jquerysession.js HTTP/1.1" 404 1529 "http://13.126.138.58/stone-collection" "Mozilla/5.0 (X11; Linux x86_64) AppleWebKit/537.36 (KHTML, like Gecko) Chrome/70.0.3538.110 Safari/537.36"
43.241.144.40 - - [02/Jun/2019:11:56:31 +0000] "GET /js/jquerysession.js HTTP/1.1" 404 1529 "http://13.126.138.58/stone-collection" "Mozilla/5.0 (X11; Linux x86_64) AppleWebKit/537.36 (KHTML, like Gecko) Chrome/70.0.3538.110 Safari/537.36"
43.241.144.136 - - [02/Jun/2019:11:56:38 +0000] "GET /stone-collection HTTP/1.1" 200 3098 "http://13.126.138.58/pages/production" "Mozilla/5.0 (Windows NT 10.0; Win64; x64) AppleWebKit/537.36 (KHTML, like Gecko) Chrome/74.0.3729.169 Safari/537.36"
43.241.144.136 - - [02/Jun/2019:11:56:38 +0000] "GET /css/project/css/all.css HTTP/1.1" 304 154 "http://13.126.138.58/stone-collection" "Mozilla/5.0 (Windows NT 10.0; Win64; x64) AppleWebKit/537.36 (KHTML, like Gecko) Chrome/74.0.3729.169 Safari/537.36"
43.241.144.136 - - [02/Jun/2019:11:56:38 +0000] "GET /css/project/css/bootstrap.css HTTP/1.1" 304 153 "http://13.126.138.58/stone-collection" "Mozilla/5.0 (Windows NT 10.0; Win64; x64) AppleWebKit/537.36 (KHTML, like Gecko) Chrome/74.0.3729.169 Safari/537.36"
43.241.144.136 - - [02/Jun/2019:11:56:38 +0000] "GET /css/project/css/responsive.css HTTP/1.1" 304 154 "http://13.126.138.58/stone-collection" "Mozilla/5.0 (Windows NT 10.0; Win64; x64) AppleWebKit/537.36 (KHTML, like Gecko) Chrome/74.0.3729.169 Safari/537.36"
43.241.144.136 - - [02/Jun/2019:11:56:38 +0000] "GET /css/project/css/style.css HTTP/1.1" 304 153 "http://13.126.138.58/stone-collection" "Mozilla/5.0 (Windows NT 10.0; Win64; x64) AppleWebKit/537.36 (KHTML, like Gecko) Chrome/74.0.3729.169 Safari/537.36"
43.241.144.136 - - [02/Jun/2019:11:56:38 +0000] "GET /js/jquerysession.js HTTP/1.1" 404 1529 "http://13.126.138.58/stone-collection" "Mozilla/5.0 (Windows NT 10.0; Win64; x64) AppleWebKit/537.36 (KHTML, like Gecko) Chrome/74.0.3729.169 Safari/537.36"
43.241.144.136 - - [02/Jun/2019:11:56:38 +0000] "GET /js/jquerysession.js HTTP/1.1" 404 1529 "http://13.126.138.58/stone-collection" "Mozilla/5.0 (Windows NT 10.0; Win64; x64) AppleWebKit/537.36 (KHTML, like Gecko) Chrome/74.0.3729.169 Safari/537.36"
43.241.144.136 - - [02/Jun/2019:11:56:39 +0000] "GET /favicon.ico HTTP/1.1" 200 291 "http://13.126.138.58/stone-collection" "Mozilla/5.0 (Windows NT 10.0; Win64; x64) AppleWebKit/537.36 (KHTML, like Gecko) Chrome/74.0.3729.169 Safari/537.36"
43.241.144.136 - - [02/Jun/2019:11:56:48 +0000] "GET /admin/notification/getlist HTTP/1.1" 200 636 "http://13.126.138.58/admin/pages/7/edit" "Mozilla/5.0 (Windows NT 10.0; Win64; x64) AppleWebKit/537.36 (KHTML, like Gecko) Chrome/74.0.3729.169 Safari/537.36"
43.241.144.136 - - [02/Jun/2019:11:56:50 +0000] "GET /stone-collection HTTP/1.1" 200 3093 "-" "Mozilla/5.0 (Windows NT 10.0; Win64; x64) AppleWebKit/537.36 (KHTML, like Gecko) Chrome/74.0.3729.169 Safari/537.36"
43.241.144.136 - - [02/Jun/2019:11:56:50 +0000] "GET /js/jquerysession.js HTTP/1.1" 404 1529 "http://13.126.138.58/stone-collection" "Mozilla/5.0 (Windows NT 10.0; Win64; x64) AppleWebKit/537.36 (KHTML, like Gecko) Chrome/74.0.3729.169 Safari/537.36"
43.241.144.136 - - [02/Jun/2019:11:56:50 +0000] "GET /js/jquerysession.js HTTP/1.1" 404 1529 "http://13.126.138.58/stone-collection" "Mozilla/5.0 (Windows NT 10.0; Win64; x64) AppleWebKit/537.36 (KHTML, like Gecko) Chrome/74.0.3729.169 Safari/537.36"
43.241.144.40 - - [02/Jun/2019:11:57:03 +0000] "GET /admin/notification/getlist HTTP/1.1" 200 636 "http://13.126.138.58/admin/pages/7/edit" "Mozilla/5.0 (X11; Linux x86_64) AppleWebKit/537.36 (KHTML, like Gecko) Chrome/70.0.3538.110 Safari/537.36"
43.241.144.136 - - [02/Jun/2019:11:57:21 +0000] "GET /contact-us HTTP/1.1" 200 3236 "http://13.126.138.58/pages/about-us" "Mozilla/5.0 (Windows NT 10.0; Win64; x64) AppleWebKit/537.36 (KHTML, like Gecko) Chrome/74.0.3729.169 Safari/537.36"
43.241.144.136 - - [02/Jun/2019:11:57:21 +0000] "GET /css/project/images/location.png HTTP/1.1" 304 154 "http://13.126.138.58/contact-us" "Mozilla/5.0 (Windows NT 10.0; Win64; x64) AppleWebKit/537.36 (KHTML, like Gecko) Chrome/74.0.3729.169 Safari/537.36"
43.241.144.136 - - [02/Jun/2019:11:57:21 +0000] "GET /js/frontend.js?id=59b0488fa4fcb9a5133c HTTP/1.1" 304 153 "http://13.126.138.58/contact-us" "Mozilla/5.0 (Windows NT 10.0; Win64; x64) AppleWebKit/537.36 (KHTML, like Gecko) Chrome/74.0.3729.169 Safari/537.36"
43.241.144.136 - - [02/Jun/2019:11:57:21 +0000] "GET /css/project/images/location1.png HTTP/1.1" 304 154 "http://13.126.138.58/contact-us" "Mozilla/5.0 (Windows NT 10.0; Win64; x64) AppleWebKit/537.36 (KHTML, like Gecko) Chrome/74.0.3729.169 Safari/537.36"
43.241.144.136 - - [02/Jun/2019:11:57:21 +0000] "GET /js/jquerysession.js HTTP/1.1" 404 1529 "http://13.126.138.58/contact-us" "Mozilla/5.0 (Windows NT 10.0; Win64; x64) AppleWebKit/537.36 (KHTML, like Gecko) Chrome/74.0.3729.169 Safari/537.36"
43.241.144.136 - - [02/Jun/2019:11:57:21 +0000] "GET /css/project/webfonts/fa-brands-400.woff2 HTTP/1.1" 304 154 "http://13.126.138.58/css/project/css/all.css" "Mozilla/5.0 (Windows NT 10.0; Win64; x64) AppleWebKit/537.36 (KHTML, like Gecko) Chrome/74.0.3729.169 Safari/537.36"
43.241.144.136 - - [02/Jun/2019:11:57:21 +0000] "GET /css/project/webfonts/fa-solid-900.woff2 HTTP/1.1" 304 154 "http://13.126.138.58/css/project/css/all.css" "Mozilla/5.0 (Windows NT 10.0; Win64; x64) AppleWebKit/537.36 (KHTML, like Gecko) Chrome/74.0.3729.169 Safari/537.36"
43.241.144.136 - - [02/Jun/2019:11:57:21 +0000] "GET /css/project/webfonts/chandelier-bold-webfont.woff2 HTTP/1.1" 304 153 "http://13.126.138.58/css/project/css/style.css" "Mozilla/5.0 (Windows NT 10.0; Win64; x64) AppleWebKit/537.36 (KHTML, like Gecko) Chrome/74.0.3729.169 Safari/537.36"
43.241.144.136 - - [02/Jun/2019:11:57:21 +0000] "GET /css/project/images/logo.png HTTP/1.1" 304 153 "http://13.126.138.58/contact-us" "Mozilla/5.0 (Windows NT 10.0; Win64; x64) AppleWebKit/537.36 (KHTML, like Gecko) Chrome/74.0.3729.169 Safari/537.36"
43.241.144.136 - - [02/Jun/2019:11:57:28 +0000] "GET /admin/pages HTTP/1.1" 200 4291 "http://13.126.138.58/admin/pages/7/edit" "Mozilla/5.0 (Windows NT 10.0; Win64; x64) AppleWebKit/537.36 (KHTML, like Gecko) Chrome/74.0.3729.169 Safari/537.36"
43.241.144.136 - - [02/Jun/2019:11:57:28 +0000] "GET /css/backend-custom.css?id=ab1e21613e2dd47ef38e HTTP/1.1" 304 154 "http://13.126.138.58/admin/pages" "Mozilla/5.0 (Windows NT 10.0; Win64; x64) AppleWebKit/537.36 (KHTML, like Gecko) Chrome/74.0.3729.169 Safari/537.36"
43.241.144.136 - - [02/Jun/2019:11:57:28 +0000] "GET /css/backend.css?id=01e06c4e524418579f81 HTTP/1.1" 304 153 "http://13.126.138.58/admin/pages" "Mozilla/5.0 (Windows NT 10.0; Win64; x64) AppleWebKit/537.36 (KHTML, like Gecko) Chrome/74.0.3729.169 Safari/537.36"
43.241.144.136 - - [02/Jun/2019:11:57:28 +0000] "GET /js/backend.js?id=30fc80d4e78c2ead5538 HTTP/1.1" 304 154 "http://13.126.138.58/admin/pages" "Mozilla/5.0 (Windows NT 10.0; Win64; x64) AppleWebKit/537.36 (KHTML, like Gecko) Chrome/74.0.3729.169 Safari/537.36"
43.241.144.136 - - [02/Jun/2019:11:57:28 +0000] "GET /js/backend-custom.js?id=4bfe525330673547ae8c HTTP/1.1" 304 154 "http://13.126.138.58/admin/pages" "Mozilla/5.0 (Windows NT 10.0; Win64; x64) AppleWebKit/537.36 (KHTML, like Gecko) Chrome/74.0.3729.169 Safari/537.36"
43.241.144.136 - - [02/Jun/2019:11:57:28 +0000] "GET /js/dataTable.js?id=59f8fc5aa00aa24635c2 HTTP/1.1" 304 154 "http://13.126.138.58/admin/pages" "Mozilla/5.0 (Windows NT 10.0; Win64; x64) AppleWebKit/537.36 (KHTML, like Gecko) Chrome/74.0.3729.169 Safari/537.36"
43.241.144.136 - - [02/Jun/2019:11:57:28 +0000] "GET /fonts/vendor/font-awesome/fontawesome-webfont.woff2?af7ae505a9eed503f8b8e6982036873e HTTP/1.1" 304 153 "http://13.126.138.58/css/backend.css?id=01e06c4e524418579f81" "Mozilla/5.0 (Windows NT 10.0; Win64; x64) AppleWebKit/537.36 (KHTML, like Gecko) Chrome/74.0.3729.169 Safari/537.36"
43.241.144.136 - - [02/Jun/2019:11:57:29 +0000] "GET /admin/notification/getlist HTTP/1.1" 200 635 "http://13.126.138.58/admin/pages" "Mozilla/5.0 (Windows NT 10.0; Win64; x64) AppleWebKit/537.36 (KHTML, like Gecko) Chrome/74.0.3729.169 Safari/537.36"
43.241.144.136 - - [02/Jun/2019:11:57:29 +0000] "POST /admin/pages/get HTTP/1.1" 200 1694 "http://13.126.138.58/admin/pages" "Mozilla/5.0 (Windows NT 10.0; Win64; x64) AppleWebKit/537.36 (KHTML, like Gecko) Chrome/74.0.3729.169 Safari/537.36"
43.241.144.40 - - [02/Jun/2019:11:57:29 +0000] "GET /contact-us HTTP/1.1" 200 3234 "http://13.126.138.58/stone-collection" "Mozilla/5.0 (X11; Linux x86_64) AppleWebKit/537.36 (KHTML, like Gecko) Chrome/70.0.3538.110 Safari/537.36"
43.241.144.40 - - [02/Jun/2019:11:57:29 +0000] "GET /css/project/css/bootstrap.css HTTP/1.1" 304 153 "http://13.126.138.58/contact-us" "Mozilla/5.0 (X11; Linux x86_64) AppleWebKit/537.36 (KHTML, like Gecko) Chrome/70.0.3538.110 Safari/537.36"
43.241.144.40 - - [02/Jun/2019:11:57:29 +0000] "GET /css/project/css/all.css HTTP/1.1" 304 154 "http://13.126.138.58/contact-us" "Mozilla/5.0 (X11; Linux x86_64) AppleWebKit/537.36 (KHTML, like Gecko) Chrome/70.0.3538.110 Safari/537.36"
43.241.144.40 - - [02/Jun/2019:11:57:29 +0000] "GET /css/project/css/style.css HTTP/1.1" 304 154 "http://13.126.138.58/contact-us" "Mozilla/5.0 (X11; Linux x86_64) AppleWebKit/537.36 (KHTML, like Gecko) Chrome/70.0.3538.110 Safari/537.36"
43.241.144.40 - - [02/Jun/2019:11:57:29 +0000] "GET /css/project/images/location.png HTTP/1.1" 304 154 "http://13.126.138.58/contact-us" "Mozilla/5.0 (X11; Linux x86_64) AppleWebKit/537.36 (KHTML, like Gecko) Chrome/70.0.3538.110 Safari/537.36"
43.241.144.40 - - [02/Jun/2019:11:57:29 +0000] "GET /css/project/images/logo.png HTTP/1.1" 304 154 "http://13.126.138.58/contact-us" "Mozilla/5.0 (X11; Linux x86_64) AppleWebKit/537.36 (KHTML, like Gecko) Chrome/70.0.3538.110 Safari/537.36"
43.241.144.40 - - [02/Jun/2019:11:57:29 +0000] "GET /css/project/css/responsive.css HTTP/1.1" 304 153 "http://13.126.138.58/contact-us" "Mozilla/5.0 (X11; Linux x86_64) AppleWebKit/537.36 (KHTML, like Gecko) Chrome/70.0.3538.110 Safari/537.36"
43.241.144.40 - - [02/Jun/2019:11:57:29 +0000] "GET /css/project/images/location1.png HTTP/1.1" 304 153 "http://13.126.138.58/contact-us" "Mozilla/5.0 (X11; Linux x86_64) AppleWebKit/537.36 (KHTML, like Gecko) Chrome/70.0.3538.110 Safari/537.36"
43.241.144.40 - - [02/Jun/2019:11:57:30 +0000] "GET /css/project/webfonts/fa-solid-900.woff2 HTTP/1.1" 304 153 "http://13.126.138.58/css/project/css/all.css" "Mozilla/5.0 (X11; Linux x86_64) AppleWebKit/537.36 (KHTML, like Gecko) Chrome/70.0.3538.110 Safari/537.36"
43.241.144.40 - - [02/Jun/2019:11:57:30 +0000] "GET /css/project/webfonts/chandelier-bold-webfont.woff2 HTTP/1.1" 304 153 "http://13.126.138.58/css/project/css/style.css" "Mozilla/5.0 (X11; Linux x86_64) AppleWebKit/537.36 (KHTML, like Gecko) Chrome/70.0.3538.110 Safari/537.36"
43.241.144.40 - - [02/Jun/2019:11:57:30 +0000] "GET /css/project/webfonts/fa-brands-400.woff2 HTTP/1.1" 304 153 "http://13.126.138.58/css/project/css/all.css" "Mozilla/5.0 (X11; Linux x86_64) AppleWebKit/537.36 (KHTML, like Gecko) Chrome/70.0.3538.110 Safari/537.36"
43.241.144.40 - - [02/Jun/2019:11:57:30 +0000] "GET /js/jquerysession.js HTTP/1.1" 404 1529 "http://13.126.138.58/contact-us" "Mozilla/5.0 (X11; Linux x86_64) AppleWebKit/537.36 (KHTML, like Gecko) Chrome/70.0.3538.110 Safari/537.36"
43.241.144.136 - - [02/Jun/2019:11:57:32 +0000] "GET /admin/pages/11/edit HTTP/1.1" 200 4064 "http://13.126.138.58/admin/pages" "Mozilla/5.0 (Windows NT 10.0; Win64; x64) AppleWebKit/537.36 (KHTML, like Gecko) Chrome/74.0.3729.169 Safari/537.36"
43.241.144.136 - - [02/Jun/2019:11:57:33 +0000] "GET /admin/notification/getlist HTTP/1.1" 200 635 "http://13.126.138.58/admin/pages/11/edit" "Mozilla/5.0 (Windows NT 10.0; Win64; x64) AppleWebKit/537.36 (KHTML, like Gecko) Chrome/74.0.3729.169 Safari/537.36"
::1 - - [02/Jun/2019:11:57:37 +0000] "OPTIONS * HTTP/1.0" 200 126 "-" "Apache/2.4.18 (Ubuntu) OpenSSL/1.0.2g (internal dummy connection)"
43.241.144.40 - - [02/Jun/2019:11:57:37 +0000] "GET /admin/pages HTTP/1.1" 200 4294 "http://13.126.138.58/admin/pages/7/edit" "Mozilla/5.0 (X11; Linux x86_64) AppleWebKit/537.36 (KHTML, like Gecko) Chrome/70.0.3538.110 Safari/537.36"
43.241.144.40 - - [02/Jun/2019:11:57:37 +0000] "GET /css/backend.css?id=01e06c4e524418579f81 HTTP/1.1" 304 153 "http://13.126.138.58/admin/pages" "Mozilla/5.0 (X11; Linux x86_64) AppleWebKit/537.36 (KHTML, like Gecko) Chrome/70.0.3538.110 Safari/537.36"
43.241.144.40 - - [02/Jun/2019:11:57:37 +0000] "GET /css/backend-custom.css?id=ab1e21613e2dd47ef38e HTTP/1.1" 304 154 "http://13.126.138.58/admin/pages" "Mozilla/5.0 (X11; Linux x86_64) AppleWebKit/537.36 (KHTML, like Gecko) Chrome/70.0.3538.110 Safari/537.36"
43.241.144.40 - - [02/Jun/2019:11:57:37 +0000] "GET /js/backend.js?id=30fc80d4e78c2ead5538 HTTP/1.1" 304 154 "http://13.126.138.58/admin/pages" "Mozilla/5.0 (X11; Linux x86_64) AppleWebKit/537.36 (KHTML, like Gecko) Chrome/70.0.3538.110 Safari/537.36"
