122.170.71.56 - - [02/Jun/2019:11:09:21 +0000] "GET /js/frontend/frontend.js HTTP/1.1" 200 1358 "http://13.126.138.58/" "Mozilla/5.0 (X11; Linux x86_64) AppleWebKit/537.36 (KHTML, like Gecko) Chrome/64.0.3282.186 Safari/537.36"
122.170.71.56 - - [02/Jun/2019:11:09:21 +0000] "GET /js/project/js/bootstrap.min.js HTTP/1.1" 200 15805 "http://13.126.138.58/" "Mozilla/5.0 (X11; Linux x86_64) AppleWebKit/537.36 (KHTML, like Gecko) Chrome/64.0.3282.186 Safari/537.36"
122.170.71.56 - - [02/Jun/2019:11:09:21 +0000] "GET /js/project/js/main.js HTTP/1.1" 200 741 "http://13.126.138.58/" "Mozilla/5.0 (X11; Linux x86_64) AppleWebKit/537.36 (KHTML, like Gecko) Chrome/64.0.3282.186 Safari/537.36"
122.170.71.56 - - [02/Jun/2019:11:09:21 +0000] "GET /js/select2/select2.js HTTP/1.1" 200 31536 "http://13.126.138.58/" "Mozilla/5.0 (X11; Linux x86_64) AppleWebKit/537.36 (KHTML, like Gecko) Chrome/64.0.3282.186 Safari/537.36"
122.170.71.56 - - [02/Jun/2019:11:09:21 +0000] "GET /js/jquerysession.js HTTP/1.1" 404 34485 "http://13.126.138.58/" "Mozilla/5.0 (X11; Linux x86_64) AppleWebKit/537.36 (KHTML, like Gecko) Chrome/64.0.3282.186 Safari/537.36"
122.170.71.56 - - [02/Jun/2019:11:09:21 +0000] "GET /css/project/images/logo.png HTTP/1.1" 404 34605 "http://13.126.138.58/" "Mozilla/5.0 (X11; Linux x86_64) AppleWebKit/537.36 (KHTML, like Gecko) Chrome/64.0.3282.186 Safari/537.36"
43.241.144.40 - - [02/Jun/2019:11:09:29 +0000] "GET /css/project/css/all.css HTTP/1.1" 404 34522 "-" "Mozilla/5.0 (X11; Linux x86_64) AppleWebKit/537.36 (KHTML, like Gecko) Chrome/70.0.3538.110 Safari/537.36"
43.241.144.40 - - [02/Jun/2019:11:09:46 +0000] "GET /admin/stonecollection HTTP/1.1" 200 15051 "http://13.126.138.58/admin/pages" "Mozilla/5.0 (X11; Linux x86_64) AppleWebKit/537.36 (KHTML, like Gecko) Chrome/70.0.3538.110 Safari/537.36"
43.241.144.40 - - [02/Jun/2019:11:09:47 +0000] "GET /css/backend.css?id=01e06c4e524418579f81 HTTP/1.1" 304 153 "http://13.126.138.58/admin/stonecollection" "Mozilla/5.0 (X11; Linux x86_64) AppleWebKit/537.36 (KHTML, like Gecko) Chrome/70.0.3538.110 Safari/537.36"
43.241.144.40 - - [02/Jun/2019:11:09:47 +0000] "GET /css/backend-custom.css?id=ab1e21613e2dd47ef38e HTTP/1.1" 304 154 "http://13.126.138.58/admin/stonecollection" "Mozilla/5.0 (X11; Linux x86_64) AppleWebKit/537.36 (KHTML, like Gecko) Chrome/70.0.3538.110 Safari/537.36"
43.241.144.40 - - [02/Jun/2019:11:09:47 +0000] "GET /js/backend.js?id=30fc80d4e78c2ead5538 HTTP/1.1" 304 154 "http://13.126.138.58/admin/stonecollection" "Mozilla/5.0 (X11; Linux x86_64) AppleWebKit/537.36 (KHTML, like Gecko) Chrome/70.0.3538.110 Safari/537.36"
43.241.144.40 - - [02/Jun/2019:11:09:47 +0000] "GET /js/backend-custom.js?id=4bfe525330673547ae8c HTTP/1.1" 304 154 "http://13.126.138.58/admin/stonecollection" "Mozilla/5.0 (X11; Linux x86_64) AppleWebKit/537.36 (KHTML, like Gecko) Chrome/70.0.3538.110 Safari/537.36"
43.241.144.40 - - [02/Jun/2019:11:09:47 +0000] "GET /js/dataTable.js?id=59f8fc5aa00aa24635c2 HTTP/1.1" 304 154 "http://13.126.138.58/admin/stonecollection" "Mozilla/5.0 (X11; Linux x86_64) AppleWebKit/537.36 (KHTML, like Gecko) Chrome/70.0.3538.110 Safari/537.36"
43.241.144.40 - - [02/Jun/2019:11:09:47 +0000] "GET /fonts/vendor/font-awesome/fontawesome-webfont.woff2?af7ae505a9eed503f8b8e6982036873e HTTP/1.1" 304 153 "http://13.126.138.58/css/backend.css?id=01e06c4e524418579f81" "Mozilla/5.0 (X11; Linux x86_64) AppleWebKit/537.36 (KHTML, like Gecko) Chrome/70.0.3538.110 Safari/537.36"
43.241.144.40 - - [02/Jun/2019:11:09:48 +0000] "GET /admin/notification/getlist HTTP/1.1" 200 636 "http://13.126.138.58/admin/stonecollection" "Mozilla/5.0 (X11; Linux x86_64) AppleWebKit/537.36 (KHTML, like Gecko) Chrome/70.0.3538.110 Safari/537.36"
43.241.144.40 - - [02/Jun/2019:11:09:48 +0000] "POST /admin/stonecollection/get HTTP/1.1" 200 2731 "http://13.126.138.58/admin/stonecollection" "Mozilla/5.0 (X11; Linux x86_64) AppleWebKit/537.36 (KHTML, like Gecko) Chrome/70.0.3538.110 Safari/537.36"
43.241.144.40 - - [02/Jun/2019:11:09:48 +0000] "GET /_debugbar/open?op=get&id=Xd3e16c7433c30bd8942c9fbfa7d80f18 HTTP/1.1" 200 6327 "http://13.126.138.58/admin/stonecollection" "Mozilla/5.0 (X11; Linux x86_64) AppleWebKit/537.36 (KHTML, like Gecko) Chrome/70.0.3538.110 Safari/537.36"
43.241.144.40 - - [02/Jun/2019:11:09:55 +0000] "POST /admin/stonecollection/5 HTTP/1.1" 500 737385 "http://13.126.138.58/admin/stonecollection" "Mozilla/5.0 (X11; Linux x86_64) AppleWebKit/537.36 (KHTML, like Gecko) Chrome/70.0.3538.110 Safari/537.36"
43.241.144.40 - - [02/Jun/2019:11:10:00 +0000] "POST /admin/stonecollection/get HTTP/1.1" 200 2736 "http://13.126.138.58/admin/stonecollection" "Mozilla/5.0 (X11; Linux x86_64) AppleWebKit/537.36 (KHTML, like Gecko) Chrome/70.0.3538.110 Safari/537.36"
43.241.144.40 - - [02/Jun/2019:11:10:00 +0000] "GET /_debugbar/open?op=get&id=X15125c2ac28318055f39131451249932 HTTP/1.1" 200 6336 "http://13.126.138.58/admin/stonecollection" "Mozilla/5.0 (X11; Linux x86_64) AppleWebKit/537.36 (KHTML, like Gecko) Chrome/70.0.3538.110 Safari/537.36"
43.241.144.40 - - [02/Jun/2019:11:10:37 +0000] "GET /public/css/project/css/all.css HTTP/1.1" 404 34573 "-" "Mozilla/5.0 (X11; Linux x86_64) AppleWebKit/537.36 (KHTML, like Gecko) Chrome/70.0.3538.110 Safari/537.36"
122.170.71.56 - - [02/Jun/2019:11:10:57 +0000] "GET / HTTP/1.1" 200 14273 "-" "Mozilla/5.0 (X11; Linux x86_64) AppleWebKit/537.36 (KHTML, like Gecko) Chrome/64.0.3282.186 Safari/537.36"
122.170.71.56 - - [02/Jun/2019:11:10:57 +0000] "GET /css/project/css/style.css HTTP/1.1" 404 34529 "http://13.126.138.58/" "Mozilla/5.0 (X11; Linux x86_64) AppleWebKit/537.36 (KHTML, like Gecko) Chrome/64.0.3282.186 Safari/537.36"
122.170.71.56 - - [02/Jun/2019:11:10:57 +0000] "GET /css/project/css/bootstrap.css HTTP/1.1" 404 34544 "http://13.126.138.58/" "Mozilla/5.0 (X11; Linux x86_64) AppleWebKit/537.36 (KHTML, like Gecko) Chrome/64.0.3282.186 Safari/537.36"
122.170.71.56 - - [02/Jun/2019:11:10:57 +0000] "GET /css/project/css/responsive.css HTTP/1.1" 404 34549 "http://13.126.138.58/" "Mozilla/5.0 (X11; Linux x86_64) AppleWebKit/537.36 (KHTML, like Gecko) Chrome/64.0.3282.186 Safari/537.36"
122.170.71.56 - - [02/Jun/2019:11:10:57 +0000] "GET /css/project/css/all.css HTTP/1.1" 404 34505 "http://13.126.138.58/" "Mozilla/5.0 (X11; Linux x86_64) AppleWebKit/537.36 (KHTML, like Gecko) Chrome/64.0.3282.186 Safari/537.36"
122.170.71.56 - - [02/Jun/2019:11:10:57 +0000] "GET /js/frontend.js?id=59b0488fa4fcb9a5133c HTTP/1.1" 304 154 "http://13.126.138.58/" "Mozilla/5.0 (X11; Linux x86_64) AppleWebKit/537.36 (KHTML, like Gecko) Chrome/64.0.3282.186 Safari/537.36"
122.170.71.56 - - [02/Jun/2019:11:10:57 +0000] "GET /js/jquerysession.js HTTP/1.1" 404 34461 "http://13.126.138.58/" "Mozilla/5.0 (X11; Linux x86_64) AppleWebKit/537.36 (KHTML, like Gecko) Chrome/64.0.3282.186 Safari/537.36"
122.170.71.56 - - [02/Jun/2019:11:10:57 +0000] "GET /css/project/images/logo.png HTTP/1.1" 404 34574 "http://13.126.138.58/" "Mozilla/5.0 (X11; Linux x86_64) AppleWebKit/537.36 (KHTML, like Gecko) Chrome/64.0.3282.186 Safari/537.36"
122.170.71.56 - - [02/Jun/2019:11:10:58 +0000] "GET /css/project/css/responsive.css HTTP/1.1" 404 34542 "http://13.126.138.58/" "Mozilla/5.0 (X11; Linux x86_64) AppleWebKit/537.36 (KHTML, like Gecko) Chrome/64.0.3282.186 Safari/537.36"
122.170.71.56 - - [02/Jun/2019:11:10:58 +0000] "GET /css/project/css/style.css HTTP/1.1" 404 34533 "http://13.126.138.58/" "Mozilla/5.0 (X11; Linux x86_64) AppleWebKit/537.36 (KHTML, like Gecko) Chrome/64.0.3282.186 Safari/537.36"
122.170.71.56 - - [02/Jun/2019:11:10:58 +0000] "GET /css/project/css/all.css HTTP/1.1" 404 34519 "http://13.126.138.58/" "Mozilla/5.0 (X11; Linux x86_64) AppleWebKit/537.36 (KHTML, like Gecko) Chrome/64.0.3282.186 Safari/537.36"
122.170.71.56 - - [02/Jun/2019:11:10:59 +0000] "GET /js/jquerysession.js HTTP/1.1" 404 34469 "http://13.126.138.58/" "Mozilla/5.0 (X11; Linux x86_64) AppleWebKit/537.36 (KHTML, like Gecko) Chrome/64.0.3282.186 Safari/537.36"
43.241.144.40 - - [02/Jun/2019:11:11:00 +0000] "GET /admin/notification/getlist HTTP/1.1" 200 637 "http://13.126.138.58/admin/stonecollection" "Mozilla/5.0 (X11; Linux x86_64) AppleWebKit/537.36 (KHTML, like Gecko) Chrome/70.0.3538.110 Safari/537.36"
43.241.144.40 - - [02/Jun/2019:11:11:36 +0000] "GET /css/project/images/logo.png HTTP/1.1" 404 34561 "-" "Mozilla/5.0 (X11; Linux x86_64) AppleWebKit/537.36 (KHTML, like Gecko) Chrome/70.0.3538.110 Safari/537.36"
43.241.144.40 - - [02/Jun/2019:11:12:00 +0000] "GET /admin/notification/getlist HTTP/1.1" 200 637 "http://13.126.138.58/admin/stonecollection" "Mozilla/5.0 (X11; Linux x86_64) AppleWebKit/537.36 (KHTML, like Gecko) Chrome/70.0.3538.110 Safari/537.36"
43.241.144.40 - - [02/Jun/2019:11:13:00 +0000] "GET /admin/notification/getlist HTTP/1.1" 200 637 "http://13.126.138.58/admin/stonecollection" "Mozilla/5.0 (X11; Linux x86_64) AppleWebKit/537.36 (KHTML, like Gecko) Chrome/70.0.3538.110 Safari/537.36"
43.241.144.40 - - [02/Jun/2019:11:13:08 +0000] "GET /css/project/images/logo.png HTTP/1.1" 200 5010 "-" "Mozilla/5.0 (X11; Linux x86_64) AppleWebKit/537.36 (KHTML, like Gecko) Chrome/70.0.3538.110 Safari/537.36"
43.241.144.40 - - [02/Jun/2019:11:13:13 +0000] "GET /pages/about-us HTTP/1.1" 200 15844 "http://13.126.138.58/admin/pages" "Mozilla/5.0 (X11; Linux x86_64) AppleWebKit/537.36 (KHTML, like Gecko) Chrome/70.0.3538.110 Safari/537.36"
43.241.144.40 - - [02/Jun/2019:11:13:14 +0000] "GET /css/project/css/bootstrap.css HTTP/1.1" 200 25789 "http://13.126.138.58/pages/about-us" "Mozilla/5.0 (X11; Linux x86_64) AppleWebKit/537.36 (KHTML, like Gecko) Chrome/70.0.3538.110 Safari/537.36"
43.241.144.40 - - [02/Jun/2019:11:13:14 +0000] "GET /css/project/css/responsive.css HTTP/1.1" 200 1120 "http://13.126.138.58/pages/about-us" "Mozilla/5.0 (X11; Linux x86_64) AppleWebKit/537.36 (KHTML, like Gecko) Chrome/70.0.3538.110 Safari/537.36"
43.241.144.40 - - [02/Jun/2019:11:13:14 +0000] "GET /css/project/css/all.css HTTP/1.1" 200 12960 "http://13.126.138.58/pages/about-us" "Mozilla/5.0 (X11; Linux x86_64) AppleWebKit/537.36 (KHTML, like Gecko) Chrome/70.0.3538.110 Safari/537.36"
43.241.144.40 - - [02/Jun/2019:11:13:14 +0000] "GET /css/project/css/style.css HTTP/1.1" 200 3061 "http://13.126.138.58/pages/about-us" "Mozilla/5.0 (X11; Linux x86_64) AppleWebKit/537.36 (KHTML, like Gecko) Chrome/70.0.3538.110 Safari/537.36"
43.241.144.40 - - [02/Jun/2019:11:13:14 +0000] "GET /css/project/images/logo.png HTTP/1.1" 200 5010 "http://13.126.138.58/pages/about-us" "Mozilla/5.0 (X11; Linux x86_64) AppleWebKit/537.36 (KHTML, like Gecko) Chrome/70.0.3538.110 Safari/537.36"
43.241.144.40 - - [02/Jun/2019:11:13:14 +0000] "GET /_debugbar/assets/stylesheets?v=1551204114 HTTP/1.1" 200 120407 "http://13.126.138.58/pages/about-us" "Mozilla/5.0 (X11; Linux x86_64) AppleWebKit/537.36 (KHTML, like Gecko) Chrome/70.0.3538.110 Safari/537.36"
43.241.144.40 - - [02/Jun/2019:11:13:14 +0000] "GET /js/jquerysession.js HTTP/1.1" 404 35116 "http://13.126.138.58/pages/about-us" "Mozilla/5.0 (X11; Linux x86_64) AppleWebKit/537.36 (KHTML, like Gecko) Chrome/70.0.3538.110 Safari/537.36"
43.241.144.40 - - [02/Jun/2019:11:13:14 +0000] "GET /js/frontend/frontend.js HTTP/1.1" 200 1357 "http://13.126.138.58/pages/about-us" "Mozilla/5.0 (X11; Linux x86_64) AppleWebKit/537.36 (KHTML, like Gecko) Chrome/70.0.3538.110 Safari/537.36"
43.241.144.40 - - [02/Jun/2019:11:13:14 +0000] "GET /js/project/js/bootstrap.min.js HTTP/1.1" 200 15804 "http://13.126.138.58/pages/about-us" "Mozilla/5.0 (X11; Linux x86_64) AppleWebKit/537.36 (KHTML, like Gecko) Chrome/70.0.3538.110 Safari/537.36"
43.241.144.40 - - [02/Jun/2019:11:13:14 +0000] "GET /js/select2/select2.js HTTP/1.1" 200 31535 "http://13.126.138.58/pages/about-us" "Mozilla/5.0 (X11; Linux x86_64) AppleWebKit/537.36 (KHTML, like Gecko) Chrome/70.0.3538.110 Safari/537.36"
43.241.144.40 - - [02/Jun/2019:11:13:14 +0000] "GET /css/project/webfonts/chandelier-bold-webfont.woff2 HTTP/1.1" 200 17157 "http://13.126.138.58/css/project/css/style.css" "Mozilla/5.0 (X11; Linux x86_64) AppleWebKit/537.36 (KHTML, like Gecko) Chrome/70.0.3538.110 Safari/537.36"
43.241.144.40 - - [02/Jun/2019:11:13:14 +0000] "GET /css/project/webfonts/fa-brands-400.woff2 HTTP/1.1" 200 74993 "http://13.126.138.58/css/project/css/all.css" "Mozilla/5.0 (X11; Linux x86_64) AppleWebKit/537.36 (KHTML, like Gecko) Chrome/70.0.3538.110 Safari/537.36"
43.241.144.40 - - [02/Jun/2019:11:13:14 +0000] "GET /css/project/webfonts/fa-solid-900.woff2 HTTP/1.1" 200 74665 "http://13.126.138.58/css/project/css/all.css" "Mozilla/5.0 (X11; Linux x86_64) AppleWebKit/537.36 (KHTML, like Gecko) Chrome/70.0.3538.110 Safari/537.36"
43.241.144.40 - - [02/Jun/2019:11:13:14 +0000] "GET /js/project/js/main.js HTTP/1.1" 200 741 "http://13.126.138.58/pages/about-us" "Mozilla/5.0 (X11; Linux x86_64) AppleWebKit/537.36 (KHTML, like Gecko) Chrome/70.0.3538.110 Safari/537.36"
43.241.144.40 - - [02/Jun/2019:11:13:14 +0000] "GET /css/project/images/about-bg.png HTTP/1.1" 200 171953 "http://13.126.138.58/css/project/css/style.css" "Mozilla/5.0 (X11; Linux x86_64) AppleWebKit/537.36 (KHTML, like Gecko) Chrome/70.0.3538.110 Safari/537.36"
43.241.144.40 - - [02/Jun/2019:11:13:14 +0000] "GET /_debugbar/assets/javascript?v=1551204114 HTTP/1.1" 200 115870 "http://13.126.138.58/pages/about-us" "Mozilla/5.0 (X11; Linux x86_64) AppleWebKit/537.36 (KHTML, like Gecko) Chrome/70.0.3538.110 Safari/537.36"
43.241.144.40 - - [02/Jun/2019:11:13:14 +0000] "GET /js/frontend.js?id=59b0488fa4fcb9a5133c HTTP/1.1" 200 506078 "http://13.126.138.58/pages/about-us" "Mozilla/5.0 (X11; Linux x86_64) AppleWebKit/537.36 (KHTML, like Gecko) Chrome/70.0.3538.110 Safari/537.36"
43.241.144.40 - - [02/Jun/2019:11:13:14 +0000] "GET /js/jquerysession.js HTTP/1.1" 404 35115 "http://13.126.138.58/pages/about-us" "Mozilla/5.0 (X11; Linux x86_64) AppleWebKit/537.36 (KHTML, like Gecko) Chrome/70.0.3538.110 Safari/537.36"
43.241.144.40 - - [02/Jun/2019:11:13:15 +0000] "GET /favicon.ico HTTP/1.1" 200 291 "http://13.126.138.58/pages/about-us" "Mozilla/5.0 (X11; Linux x86_64) AppleWebKit/537.36 (KHTML, like Gecko) Chrome/70.0.3538.110 Safari/537.36"
::1 - - [02/Jun/2019:11:13:22 +0000] "OPTIONS * HTTP/1.0" 200 126 "-" "Apache/2.4.18 (Ubuntu) OpenSSL/1.0.2g (internal dummy connection)"
43.241.144.40 - - [02/Jun/2019:11:13:28 +0000] "GET /pages/about-us HTTP/1.1" 200 15791 "http://13.126.138.58/pages/about-us" "Mozilla/5.0 (X11; Linux x86_64) AppleWebKit/537.36 (KHTML, like Gecko) Chrome/70.0.3538.110 Safari/537.36"
43.241.144.40 - - [02/Jun/2019:11:13:28 +0000] "GET /css/project/css/bootstrap.css HTTP/1.1" 304 153 "http://13.126.138.58/pages/about-us" "Mozilla/5.0 (X11; Linux x86_64) AppleWebKit/537.36 (KHTML, like Gecko) Chrome/70.0.3538.110 Safari/537.36"
43.241.144.40 - - [02/Jun/2019:11:13:28 +0000] "GET /css/project/css/all.css HTTP/1.1" 304 154 "http://13.126.138.58/pages/about-us" "Mozilla/5.0 (X11; Linux x86_64) AppleWebKit/537.36 (KHTML, like Gecko) Chrome/70.0.3538.110 Safari/537.36"
43.241.144.40 - - [02/Jun/2019:11:13:28 +0000] "GET /css/project/css/responsive.css HTTP/1.1" 304 154 "http://13.126.138.58/pages/about-us" "Mozilla/5.0 (X11; Linux x86_64) AppleWebKit/537.36 (KHTML, like Gecko) Chrome/70.0.3538.110 Safari/537.36"
43.241.144.40 - - [02/Jun/2019:11:13:28 +0000] "GET /css/project/images/logo.png HTTP/1.1" 304 154 "http://13.126.138.58/pages/about-us" "Mozilla/5.0 (X11; Linux x86_64) AppleWebKit/537.36 (KHTML, like Gecko) Chrome/70.0.3538.110 Safari/537.36"
43.241.144.40 - - [02/Jun/2019:11:13:28 +0000] "GET /css/project/css/style.css HTTP/1.1" 304 154 "http://13.126.138.58/pages/about-us" "Mozilla/5.0 (X11; Linux x86_64) AppleWebKit/537.36 (KHTML, like Gecko) Chrome/70.0.3538.110 Safari/537.36"
43.241.144.40 - - [02/Jun/2019:11:13:28 +0000] "GET /js/jquerysession.js HTTP/1.1" 404 34406 "http://13.126.138.58/pages/about-us" "Mozilla/5.0 (X11; Linux x86_64) AppleWebKit/537.36 (KHTML, like Gecko) Chrome/70.0.3538.110 Safari/537.36"
43.241.144.40 - - [02/Jun/2019:11:13:28 +0000] "GET /css/project/images/about-bg.png HTTP/1.1" 304 153 "http://13.126.138.58/css/project/css/style.css" "Mozilla/5.0 (X11; Linux x86_64) AppleWebKit/537.36 (KHTML, like Gecko) Chrome/70.0.3538.110 Safari/537.36"
43.241.144.40 - - [02/Jun/2019:11:13:28 +0000] "GET /css/project/webfonts/fa-brands-400.woff2 HTTP/1.1" 304 153 "http://13.126.138.58/css/project/css/all.css" "Mozilla/5.0 (X11; Linux x86_64) AppleWebKit/537.36 (KHTML, like Gecko) Chrome/70.0.3538.110 Safari/537.36"
43.241.144.40 - - [02/Jun/2019:11:13:28 +0000] "GET /css/project/webfonts/fa-solid-900.woff2 HTTP/1.1" 304 153 "http://13.126.138.58/css/project/css/all.css" "Mozilla/5.0 (X11; Linux x86_64) AppleWebKit/537.36 (KHTML, like Gecko) Chrome/70.0.3538.110 Safari/537.36"
43.241.144.40 - - [02/Jun/2019:11:13:28 +0000] "GET /css/project/webfonts/chandelier-bold-webfont.woff2 HTTP/1.1" 304 153 "http://13.126.138.58/css/project/css/style.css" "Mozilla/5.0 (X11; Linux x86_64) AppleWebKit/537.36 (KHTML, like Gecko) Chrome/70.0.3538.110 Safari/537.36"
43.241.144.40 - - [02/Jun/2019:11:13:31 +0000] "GET / HTTP/1.1" 200 14894 "http://13.126.138.58/pages/about-us" "Mozilla/5.0 (X11; Linux x86_64) AppleWebKit/537.36 (KHTML, like Gecko) Chrome/70.0.3538.110 Safari/537.36"
43.241.144.40 - - [02/Jun/2019:11:13:31 +0000] "GET /css/project/css/style.css HTTP/1.1" 304 153 "http://13.126.138.58/" "Mozilla/5.0 (X11; Linux x86_64) AppleWebKit/537.36 (KHTML, like Gecko) Chrome/70.0.3538.110 Safari/537.36"
43.241.144.40 - - [02/Jun/2019:11:13:31 +0000] "GET /css/project/css/responsive.css HTTP/1.1" 304 153 "http://13.126.138.58/" "Mozilla/5.0 (X11; Linux x86_64) AppleWebKit/537.36 (KHTML, like Gecko) Chrome/70.0.3538.110 Safari/537.36"
43.241.144.40 - - [02/Jun/2019:11:13:31 +0000] "GET /css/project/images/logo.png HTTP/1.1" 304 154 "http://13.126.138.58/" "Mozilla/5.0 (X11; Linux x86_64) AppleWebKit/537.36 (KHTML, like Gecko) Chrome/70.0.3538.110 Safari/537.36"
43.241.144.40 - - [02/Jun/2019:11:13:31 +0000] "GET /js/jquerysession.js HTTP/1.1" 404 34389 "http://13.126.138.58/" "Mozilla/5.0 (X11; Linux x86_64) AppleWebKit/537.36 (KHTML, like Gecko) Chrome/70.0.3538.110 Safari/537.36"
43.241.144.40 - - [02/Jun/2019:11:13:31 +0000] "GET /css/project/css/all.css HTTP/1.1" 304 153 "http://13.126.138.58/" "Mozilla/5.0 (X11; Linux x86_64) AppleWebKit/537.36 (KHTML, like Gecko) Chrome/70.0.3538.110 Safari/537.36"
43.241.144.40 - - [02/Jun/2019:11:13:31 +0000] "GET /css/project/css/bootstrap.css HTTP/1.1" 304 153 "http://13.126.138.58/" "Mozilla/5.0 (X11; Linux x86_64) AppleWebKit/537.36 (KHTML, like Gecko) Chrome/70.0.3538.110 Safari/537.36"
43.241.144.40 - - [02/Jun/2019:11:13:31 +0000] "GET /css/project/images/about-bg.png HTTP/1.1" 304 153 "http://13.126.138.58/css/project/css/style.css" "Mozilla/5.0 (X11; Linux x86_64) AppleWebKit/537.36 (KHTML, like Gecko) Chrome/70.0.3538.110 Safari/537.36"
43.241.144.40 - - [02/Jun/2019:11:13:31 +0000] "GET /css/project/webfonts/chandelier-bold-webfont.woff2 HTTP/1.1" 304 153 "http://13.126.138.58/css/project/css/style.css" "Mozilla/5.0 (X11; Linux x86_64) AppleWebKit/537.36 (KHTML, like Gecko) Chrome/70.0.3538.110 Safari/537.36"
43.241.144.40 - - [02/Jun/2019:11:13:31 +0000] "GET /css/project/images/blog-section-bg.jpg HTTP/1.1" 200 105965 "http://13.126.138.58/css/project/css/style.css" "Mozilla/5.0 (X11; Linux x86_64) AppleWebKit/537.36 (KHTML, like Gecko) Chrome/70.0.3538.110 Safari/537.36"
43.241.144.40 - - [02/Jun/2019:11:13:31 +0000] "GET /css/project/webfonts/fa-solid-900.woff2 HTTP/1.1" 304 154 "http://13.126.138.58/css/project/css/all.css" "Mozilla/5.0 (X11; Linux x86_64) AppleWebKit/537.36 (KHTML, like Gecko) Chrome/70.0.3538.110 Safari/537.36"
43.241.144.40 - - [02/Jun/2019:11:13:31 +0000] "GET /css/project/images/coming-soon-bg.jpg HTTP/1.1" 200 144370 "http://13.126.138.58/css/project/css/style.css" "Mozilla/5.0 (X11; Linux x86_64) AppleWebKit/537.36 (KHTML, like Gecko) Chrome/70.0.3538.110 Safari/537.36"
43.241.144.40 - - [02/Jun/2019:11:13:31 +0000] "GET /js/jquerysession.js HTTP/1.1" 404 34393 "http://13.126.138.58/" "Mozilla/5.0 (X11; Linux x86_64) AppleWebKit/537.36 (KHTML, like Gecko) Chrome/70.0.3538.110 Safari/537.36"
43.241.144.40 - - [02/Jun/2019:11:13:35 +0000] "GET / HTTP/1.1" 200 14869 "http://13.126.138.58/" "Mozilla/5.0 (X11; Linux x86_64) AppleWebKit/537.36 (KHTML, like Gecko) Chrome/70.0.3538.110 Safari/537.36"
43.241.144.40 - - [02/Jun/2019:11:13:35 +0000] "GET /css/project/css/bootstrap.css HTTP/1.1" 304 153 "http://13.126.138.58/" "Mozilla/5.0 (X11; Linux x86_64) AppleWebKit/537.36 (KHTML, like Gecko) Chrome/70.0.3538.110 Safari/537.36"
43.241.144.40 - - [02/Jun/2019:11:13:35 +0000] "GET /css/project/css/all.css HTTP/1.1" 304 153 "http://13.126.138.58/" "Mozilla/5.0 (X11; Linux x86_64) AppleWebKit/537.36 (KHTML, like Gecko) Chrome/70.0.3538.110 Safari/537.36"
43.241.144.40 - - [02/Jun/2019:11:13:35 +0000] "GET /css/project/css/responsive.css HTTP/1.1" 304 153 "http://13.126.138.58/" "Mozilla/5.0 (X11; Linux x86_64) AppleWebKit/537.36 (KHTML, like Gecko) Chrome/70.0.3538.110 Safari/537.36"
43.241.144.40 - - [02/Jun/2019:11:13:35 +0000] "GET /css/project/css/style.css HTTP/1.1" 304 153 "http://13.126.138.58/" "Mozilla/5.0 (X11; Linux x86_64) AppleWebKit/537.36 (KHTML, like Gecko) Chrome/70.0.3538.110 Safari/537.36"
43.241.144.40 - - [02/Jun/2019:11:13:35 +0000] "GET /css/project/images/logo.png HTTP/1.1" 304 153 "http://13.126.138.58/" "Mozilla/5.0 (X11; Linux x86_64) AppleWebKit/537.36 (KHTML, like Gecko) Chrome/70.0.3538.110 Safari/537.36"
43.241.144.40 - - [02/Jun/2019:11:13:35 +0000] "GET /js/jquerysession.js HTTP/1.1" 404 34373 "http://13.126.138.58/" "Mozilla/5.0 (X11; Linux x86_64) AppleWebKit/537.36 (KHTML, like Gecko) Chrome/70.0.3538.110 Safari/537.36"
43.241.144.40 - - [02/Jun/2019:11:13:35 +0000] "GET /css/project/images/coming-soon-bg.jpg HTTP/1.1" 304 153 "http://13.126.138.58/css/project/css/style.css" "Mozilla/5.0 (X11; Linux x86_64) AppleWebKit/537.36 (KHTML, like Gecko) Chrome/70.0.3538.110 Safari/537.36"
43.241.144.40 - - [02/Jun/2019:11:13:35 +0000] "GET /css/project/images/blog-section-bg.jpg HTTP/1.1" 304 153 "http://13.126.138.58/css/project/css/style.css" "Mozilla/5.0 (X11; Linux x86_64) AppleWebKit/537.36 (KHTML, like Gecko) Chrome/70.0.3538.110 Safari/537.36"
43.241.144.40 - - [02/Jun/2019:11:13:35 +0000] "GET /css/project/images/about-bg.png HTTP/1.1" 304 153 "http://13.126.138.58/css/project/css/style.css" "Mozilla/5.0 (X11; Linux x86_64) AppleWebKit/537.36 (KHTML, like Gecko) Chrome/70.0.3538.110 Safari/537.36"
43.241.144.40 - - [02/Jun/2019:11:13:35 +0000] "GET /css/project/webfonts/chandelier-bold-webfont.woff2 HTTP/1.1" 304 154 "http://13.126.138.58/css/project/css/style.css" "Mozilla/5.0 (X11; Linux x86_64) AppleWebKit/537.36 (KHTML, like Gecko) Chrome/70.0.3538.110 Safari/537.36"
43.241.144.40 - - [02/Jun/2019:11:13:35 +0000] "GET /css/project/webfonts/fa-solid-900.woff2 HTTP/1.1" 304 153 "http://13.126.138.58/css/project/css/all.css" "Mozilla/5.0 (X11; Linux x86_64) AppleWebKit/537.36 (KHTML, like Gecko) Chrome/70.0.3538.110 Safari/537.36"
43.241.144.40 - - [02/Jun/2019:11:13:37 +0000] "GET /pages/about-us HTTP/1.1" 200 15766 "http://13.126.138.58/" "Mozilla/5.0 (X11; Linux x86_64) AppleWebKit/537.36 (KHTML, like Gecko) Chrome/70.0.3538.110 Safari/537.36"
43.241.144.40 - - [02/Jun/2019:11:13:38 +0000] "GET /js/jquerysession.js HTTP/1.1" 404 34408 "http://13.126.138.58/pages/about-us" "Mozilla/5.0 (X11; Linux x86_64) AppleWebKit/537.36 (KHTML, like Gecko) Chrome/70.0.3538.110 Safari/537.36"
43.241.144.40 - - [02/Jun/2019:11:13:38 +0000] "GET /css/project/webfonts/fa-brands-400.woff2 HTTP/1.1" 304 153 "http://13.126.138.58/css/project/css/all.css" "Mozilla/5.0 (X11; Linux x86_64) AppleWebKit/537.36 (KHTML, like Gecko) Chrome/70.0.3538.110 Safari/537.36"
43.241.144.40 - - [02/Jun/2019:11:13:44 +0000] "GET / HTTP/1.1" 200 14876 "http://13.126.138.58/pages/about-us" "Mozilla/5.0 (X11; Linux x86_64) AppleWebKit/537.36 (KHTML, like Gecko) Chrome/70.0.3538.110 Safari/537.36"
43.241.144.40 - - [02/Jun/2019:11:13:44 +0000] "GET /css/project/css/bootstrap.css HTTP/1.1" 304 153 "http://13.126.138.58/" "Mozilla/5.0 (X11; Linux x86_64) AppleWebKit/537.36 (KHTML, like Gecko) Chrome/70.0.3538.110 Safari/537.36"
43.241.144.40 - - [02/Jun/2019:11:13:44 +0000] "GET /css/project/css/all.css HTTP/1.1" 304 154 "http://13.126.138.58/" "Mozilla/5.0 (X11; Linux x86_64) AppleWebKit/537.36 (KHTML, like Gecko) Chrome/70.0.3538.110 Safari/537.36"
43.241.144.40 - - [02/Jun/2019:11:13:44 +0000] "GET /css/project/css/style.css HTTP/1.1" 304 154 "http://13.126.138.58/" "Mozilla/5.0 (X11; Linux x86_64) AppleWebKit/537.36 (KHTML, like Gecko) Chrome/70.0.3538.110 Safari/537.36"
43.241.144.40 - - [02/Jun/2019:11:13:44 +0000] "GET /css/project/css/responsive.css HTTP/1.1" 304 153 "http://13.126.138.58/" "Mozilla/5.0 (X11; Linux x86_64) AppleWebKit/537.36 (KHTML, like Gecko) Chrome/70.0.3538.110 Safari/537.36"
43.241.144.40 - - [02/Jun/2019:11:13:44 +0000] "GET /css/project/images/logo.png HTTP/1.1" 304 154 "http://13.126.138.58/" "Mozilla/5.0 (X11; Linux x86_64) AppleWebKit/537.36 (KHTML, like Gecko) Chrome/70.0.3538.110 Safari/537.36"
43.241.144.40 - - [02/Jun/2019:11:13:44 +0000] "GET /js/frontend.js?id=59b0488fa4fcb9a5133c HTTP/1.1" 304 154 "http://13.126.138.58/" "Mozilla/5.0 (X11; Linux x86_64) AppleWebKit/537.36 (KHTML, like Gecko) Chrome/70.0.3538.110 Safari/537.36"
43.241.144.40 - - [02/Jun/2019:11:13:44 +0000] "GET /js/jquerysession.js HTTP/1.1" 404 34389 "http://13.126.138.58/" "Mozilla/5.0 (X11; Linux x86_64) AppleWebKit/537.36 (KHTML, like Gecko) Chrome/70.0.3538.110 Safari/537.36"
43.241.144.40 - - [02/Jun/2019:11:13:44 +0000] "GET /css/project/images/coming-soon-bg.jpg HTTP/1.1" 304 153 "http://13.126.138.58/css/project/css/style.css" "Mozilla/5.0 (X11; Linux x86_64) AppleWebKit/537.36 (KHTML, like Gecko) Chrome/70.0.3538.110 Safari/537.36"
43.241.144.40 - - [02/Jun/2019:11:13:44 +0000] "GET /css/project/images/blog-section-bg.jpg HTTP/1.1" 304 153 "http://13.126.138.58/css/project/css/style.css" "Mozilla/5.0 (X11; Linux x86_64) AppleWebKit/537.36 (KHTML, like Gecko) Chrome/70.0.3538.110 Safari/537.36"
43.241.144.40 - - [02/Jun/2019:11:13:44 +0000] "GET /css/project/images/about-bg.png HTTP/1.1" 304 153 "http://13.126.138.58/css/project/css/style.css" "Mozilla/5.0 (X11; Linux x86_64) AppleWebKit/537.36 (KHTML, like Gecko) Chrome/70.0.3538.110 Safari/537.36"
43.241.144.40 - - [02/Jun/2019:11:13:44 +0000] "GET /css/project/webfonts/chandelier-bold-webfont.woff2 HTTP/1.1" 304 153 "http://13.126.138.58/css/project/css/style.css" "Mozilla/5.0 (X11; Linux x86_64) AppleWebKit/537.36 (KHTML, like Gecko) Chrome/70.0.3538.110 Safari/537.36"
43.241.144.40 - - [02/Jun/2019:11:13:44 +0000] "GET /css/project/webfonts/fa-solid-900.woff2 HTTP/1.1" 304 153 "http://13.126.138.58/css/project/css/all.css" "Mozilla/5.0 (X11; Linux x86_64) AppleWebKit/537.36 (KHTML, like Gecko) Chrome/70.0.3538.110 Safari/537.36"
122.170.71.56 - - [02/Jun/2019:11:13:56 +0000] "GET / HTTP/1.1" 200 14298 "-" "Mozilla/5.0 (X11; Linux x86_64) AppleWebKit/537.36 (KHTML, like Gecko) Chrome/64.0.3282.186 Safari/537.36"
122.170.71.56 - - [02/Jun/2019:11:13:56 +0000] "GET /css/project/css/bootstrap.css HTTP/1.1" 200 25789 "http://13.126.138.58/" "Mozilla/5.0 (X11; Linux x86_64) AppleWebKit/537.36 (KHTML, like Gecko) Chrome/64.0.3282.186 Safari/537.36"
122.170.71.56 - - [02/Jun/2019:11:13:56 +0000] "GET /css/project/css/all.css HTTP/1.1" 200 12960 "http://13.126.138.58/" "Mozilla/5.0 (X11; Linux x86_64) AppleWebKit/537.36 (KHTML, like Gecko) Chrome/64.0.3282.186 Safari/537.36"
122.170.71.56 - - [02/Jun/2019:11:13:56 +0000] "GET /css/project/css/responsive.css HTTP/1.1" 200 1120 "http://13.126.138.58/" "Mozilla/5.0 (X11; Linux x86_64) AppleWebKit/537.36 (KHTML, like Gecko) Chrome/64.0.3282.186 Safari/537.36"
122.170.71.56 - - [02/Jun/2019:11:13:56 +0000] "GET /css/project/css/style.css HTTP/1.1" 200 3061 "http://13.126.138.58/" "Mozilla/5.0 (X11; Linux x86_64) AppleWebKit/537.36 (KHTML, like Gecko) Chrome/64.0.3282.186 Safari/537.36"
122.170.71.56 - - [02/Jun/2019:11:13:57 +0000] "GET /js/frontend.js?id=59b0488fa4fcb9a5133c HTTP/1.1" 304 153 "http://13.126.138.58/" "Mozilla/5.0 (X11; Linux x86_64) AppleWebKit/537.36 (KHTML, like Gecko) Chrome/64.0.3282.186 Safari/537.36"
122.170.71.56 - - [02/Jun/2019:11:13:57 +0000] "GET /js/jquerysession.js HTTP/1.1" 404 34495 "http://13.126.138.58/" "Mozilla/5.0 (X11; Linux x86_64) AppleWebKit/537.36 (KHTML, like Gecko) Chrome/64.0.3282.186 Safari/537.36"
122.170.71.56 - - [02/Jun/2019:11:13:57 +0000] "GET /css/project/images/logo.png HTTP/1.1" 200 5009 "http://13.126.138.58/" "Mozilla/5.0 (X11; Linux x86_64) AppleWebKit/537.36 (KHTML, like Gecko) Chrome/64.0.3282.186 Safari/537.36"
43.241.144.40 - - [02/Jun/2019:11:13:57 +0000] "GET /css/project/css/bootstrap.css HTTP/1.1" 304 154 "http://13.126.138.58/" "Mozilla/5.0 (X11; Linux x86_64) AppleWebKit/537.36 (KHTML, like Gecko) Chrome/70.0.3538.110 Safari/537.36"
43.241.144.40 - - [02/Jun/2019:11:13:57 +0000] "GET /css/project/css/all.css HTTP/1.1" 304 154 "http://13.126.138.58/" "Mozilla/5.0 (X11; Linux x86_64) AppleWebKit/537.36 (KHTML, like Gecko) Chrome/70.0.3538.110 Safari/537.36"
43.241.144.40 - - [02/Jun/2019:11:13:57 +0000] "GET /css/project/css/style.css HTTP/1.1" 304 154 "http://13.126.138.58/" "Mozilla/5.0 (X11; Linux x86_64) AppleWebKit/537.36 (KHTML, like Gecko) Chrome/70.0.3538.110 Safari/537.36"
43.241.144.40 - - [02/Jun/2019:11:13:57 +0000] "GET /css/project/css/responsive.css HTTP/1.1" 304 154 "http://13.126.138.58/" "Mozilla/5.0 (X11; Linux x86_64) AppleWebKit/537.36 (KHTML, like Gecko) Chrome/70.0.3538.110 Safari/537.36"
43.241.144.40 - - [02/Jun/2019:11:13:57 +0000] "GET /js/project/js/bootstrap.min.js.map HTTP/1.1" 404 33740 "-" "Mozilla/5.0 (X11; Linux x86_64) AppleWebKit/537.36 (KHTML, like Gecko) Chrome/70.0.3538.110 Safari/537.36"
43.241.144.40 - - [02/Jun/2019:11:13:57 +0000] "GET /css/project/css/bootstrap.css.map HTTP/1.1" 404 33733 "-" "Mozilla/5.0 (X11; Linux x86_64) AppleWebKit/537.36 (KHTML, like Gecko) Chrome/70.0.3538.110 Safari/537.36"
122.170.71.56 - - [02/Jun/2019:11:13:58 +0000] "GET /css/project/webfonts/chandelier-bold-webfont.woff2 HTTP/1.1" 200 17157 "http://13.126.138.58/css/project/css/style.css" "Mozilla/5.0 (X11; Linux x86_64) AppleWebKit/537.36 (KHTML, like Gecko) Chrome/64.0.3282.186 Safari/537.36"
122.170.71.56 - - [02/Jun/2019:11:13:58 +0000] "GET /css/project/webfonts/fa-solid-900.woff2 HTTP/1.1" 200 74665 "http://13.126.138.58/css/project/css/all.css" "Mozilla/5.0 (X11; Linux x86_64) AppleWebKit/537.36 (KHTML, like Gecko) Chrome/64.0.3282.186 Safari/537.36"
122.170.71.56 - - [02/Jun/2019:11:13:58 +0000] "GET /css/project/images/about-bg.png HTTP/1.1" 200 171953 "http://13.126.138.58/css/project/css/style.css" "Mozilla/5.0 (X11; Linux x86_64) AppleWebKit/537.36 (KHTML, like Gecko) Chrome/64.0.3282.186 Safari/537.36"
122.170.71.56 - - [02/Jun/2019:11:13:58 +0000] "GET /css/project/images/blog-section-bg.jpg HTTP/1.1" 200 105966 "http://13.126.138.58/css/project/css/style.css" "Mozilla/5.0 (X11; Linux x86_64) AppleWebKit/537.36 (KHTML, like Gecko) Chrome/64.0.3282.186 Safari/537.36"
122.170.71.56 - - [02/Jun/2019:11:13:58 +0000] "GET /css/project/images/coming-soon-bg.jpg HTTP/1.1" 200 144371 "http://13.126.138.58/css/project/css/style.css" "Mozilla/5.0 (X11; Linux x86_64) AppleWebKit/537.36 (KHTML, like Gecko) Chrome/64.0.3282.186 Safari/537.36"
122.170.71.56 - - [02/Jun/2019:11:13:58 +0000] "GET /js/jquerysession.js HTTP/1.1" 404 34500 "http://13.126.138.58/" "Mozilla/5.0 (X11; Linux x86_64) AppleWebKit/537.36 (KHTML, like Gecko) Chrome/64.0.3282.186 Safari/537.36"
43.241.144.40 - - [02/Jun/2019:11:14:00 +0000] "GET /admin/notification/getlist HTTP/1.1" 200 636 "http://13.126.138.58/admin/stonecollection" "Mozilla/5.0 (X11; Linux x86_64) AppleWebKit/537.36 (KHTML, like Gecko) Chrome/70.0.3538.110 Safari/537.36"
122.170.71.56 - - [02/Jun/2019:11:14:02 +0000] "GET /pages/about-us HTTP/1.1" 200 15177 "http://13.126.138.58/" "Mozilla/5.0 (X11; Linux x86_64) AppleWebKit/537.36 (KHTML, like Gecko) Chrome/64.0.3282.186 Safari/537.36"
122.170.71.56 - - [02/Jun/2019:11:14:02 +0000] "GET /css/project/css/bootstrap.css HTTP/1.1" 304 153 "http://13.126.138.58/pages/about-us" "Mozilla/5.0 (X11; Linux x86_64) AppleWebKit/537.36 (KHTML, like Gecko) Chrome/64.0.3282.186 Safari/537.36"
122.170.71.56 - - [02/Jun/2019:11:14:02 +0000] "GET /css/project/css/all.css HTTP/1.1" 304 153 "http://13.126.138.58/pages/about-us" "Mozilla/5.0 (X11; Linux x86_64) AppleWebKit/537.36 (KHTML, like Gecko) Chrome/64.0.3282.186 Safari/537.36"
122.170.71.56 - - [02/Jun/2019:11:14:02 +0000] "GET /css/project/css/style.css HTTP/1.1" 304 153 "http://13.126.138.58/pages/about-us" "Mozilla/5.0 (X11; Linux x86_64) AppleWebKit/537.36 (KHTML, like Gecko) Chrome/64.0.3282.186 Safari/537.36"
122.170.71.56 - - [02/Jun/2019:11:14:02 +0000] "GET /css/project/css/responsive.css HTTP/1.1" 304 153 "http://13.126.138.58/pages/about-us" "Mozilla/5.0 (X11; Linux x86_64) AppleWebKit/537.36 (KHTML, like Gecko) Chrome/64.0.3282.186 Safari/537.36"
122.170.71.56 - - [02/Jun/2019:11:14:02 +0000] "GET /js/jquerysession.js HTTP/1.1" 404 34493 "http://13.126.138.58/pages/about-us" "Mozilla/5.0 (X11; Linux x86_64) AppleWebKit/537.36 (KHTML, like Gecko) Chrome/64.0.3282.186 Safari/537.36"
122.170.71.56 - - [02/Jun/2019:11:14:02 +0000] "GET /css/project/webfonts/fa-brands-400.woff2 HTTP/1.1" 200 74993 "http://13.126.138.58/css/project/css/all.css" "Mozilla/5.0 (X11; Linux x86_64) AppleWebKit/537.36 (KHTML, like Gecko) Chrome/64.0.3282.186 Safari/537.36"
122.170.71.56 - - [02/Jun/2019:11:14:03 +0000] "GET /pages/about-us HTTP/1.1" 200 15148 "http://13.126.138.58/pages/about-us" "Mozilla/5.0 (X11; Linux x86_64) AppleWebKit/537.36 (KHTML, like Gecko) Chrome/64.0.3282.186 Safari/537.36"
122.170.71.56 - - [02/Jun/2019:11:14:03 +0000] "GET /css/project/images/logo.png HTTP/1.1" 304 153 "http://13.126.138.58/pages/about-us" "Mozilla/5.0 (X11; Linux x86_64) AppleWebKit/537.36 (KHTML, like Gecko) Chrome/64.0.3282.186 Safari/537.36"
122.170.71.56 - - [02/Jun/2019:11:14:03 +0000] "GET /js/jquerysession.js HTTP/1.1" 404 34486 "http://13.126.138.58/pages/about-us" "Mozilla/5.0 (X11; Linux x86_64) AppleWebKit/537.36 (KHTML, like Gecko) Chrome/64.0.3282.186 Safari/537.36"
122.170.71.56 - - [02/Jun/2019:11:14:03 +0000] "GET /js/jquerysession.js HTTP/1.1" 404 34489 "http://13.126.138.58/pages/about-us" "Mozilla/5.0 (X11; Linux x86_64) AppleWebKit/537.36 (KHTML, like Gecko) Chrome/64.0.3282.186 Safari/537.36"
122.170.71.56 - - [02/Jun/2019:11:14:04 +0000] "GET /pages/about-us HTTP/1.1" 200 15157 "http://13.126.138.58/pages/about-us" "Mozilla/5.0 (X11; Linux x86_64) AppleWebKit/537.36 (KHTML, like Gecko) Chrome/64.0.3282.186 Safari/537.36"
::1 - - [02/Jun/2019:11:14:04 +0000] "OPTIONS * HTTP/1.0" 200 126 "-" "Apache/2.4.18 (Ubuntu) OpenSSL/1.0.2g (internal dummy connection)"
122.170.71.56 - - [02/Jun/2019:11:14:04 +0000] "GET /js/jquerysession.js HTTP/1.1" 404 34490 "http://13.126.138.58/pages/about-us" "Mozilla/5.0 (X11; Linux x86_64) AppleWebKit/537.36 (KHTML, like Gecko) Chrome/64.0.3282.186 Safari/537.36"
122.170.71.56 - - [02/Jun/2019:11:14:05 +0000] "GET /js/jquerysession.js HTTP/1.1" 404 34496 "http://13.126.138.58/pages/about-us" "Mozilla/5.0 (X11; Linux x86_64) AppleWebKit/537.36 (KHTML, like Gecko) Chrome/64.0.3282.186 Safari/537.36"
::1 - - [02/Jun/2019:11:14:05 +0000] "OPTIONS * HTTP/1.0" 200 126 "-" "Apache/2.4.18 (Ubuntu) OpenSSL/1.0.2g (internal dummy connection)"
::1 - - [02/Jun/2019:11:14:07 +0000] "OPTIONS * HTTP/1.0" 200 126 "-" "Apache/2.4.18 (Ubuntu) OpenSSL/1.0.2g (internal dummy connection)"
122.170.71.56 - - [02/Jun/2019:11:14:07 +0000] "GET /stone-collection HTTP/1.1" 200 12343 "http://13.126.138.58/pages/about-us" "Mozilla/5.0 (X11; Linux x86_64) AppleWebKit/537.36 (KHTML, like Gecko) Chrome/64.0.3282.186 Safari/537.36"
122.170.71.56 - - [02/Jun/2019:11:14:07 +0000] "GET /js/jquerysession.js HTTP/1.1" 404 34492 "http://13.126.138.58/stone-collection" "Mozilla/5.0 (X11; Linux x86_64) AppleWebKit/537.36 (KHTML, like Gecko) Chrome/64.0.3282.186 Safari/537.36"
122.170.71.56 - - [02/Jun/2019:11:14:08 +0000] "GET /css/project/images/collection-section-bg.png HTTP/1.1" 200 171954 "http://13.126.138.58/css/project/css/style.css" "Mozilla/5.0 (X11; Linux x86_64) AppleWebKit/537.36 (KHTML, like Gecko) Chrome/64.0.3282.186 Safari/537.36"
122.170.71.56 - - [02/Jun/2019:11:14:08 +0000] "GET /js/jquerysession.js HTTP/1.1" 404 34494 "http://13.126.138.58/stone-collection" "Mozilla/5.0 (X11; Linux x86_64) AppleWebKit/537.36 (KHTML, like Gecko) Chrome/64.0.3282.186 Safari/537.36"
122.170.71.56 - - [02/Jun/2019:11:14:39 +0000] "GET /pages/about-us HTTP/1.1" 200 15197 "http://13.126.138.58/stone-collection" "Mozilla/5.0 (X11; Linux x86_64) AppleWebKit/537.36 (KHTML, like Gecko) Chrome/64.0.3282.186 Safari/537.36"
122.170.71.56 - - [02/Jun/2019:11:14:39 +0000] "GET /css/project/css/bootstrap.css HTTP/1.1" 304 153 "http://13.126.138.58/pages/about-us" "Mozilla/5.0 (X11; Linux x86_64) AppleWebKit/537.36 (KHTML, like Gecko) Chrome/64.0.3282.186 Safari/537.36"
122.170.71.56 - - [02/Jun/2019:11:14:39 +0000] "GET /css/project/css/all.css HTTP/1.1" 304 154 "http://13.126.138.58/pages/about-us" "Mozilla/5.0 (X11; Linux x86_64) AppleWebKit/537.36 (KHTML, like Gecko) Chrome/64.0.3282.186 Safari/537.36"
122.170.71.56 - - [02/Jun/2019:11:14:39 +0000] "GET /css/project/css/style.css HTTP/1.1" 304 154 "http://13.126.138.58/pages/about-us" "Mozilla/5.0 (X11; Linux x86_64) AppleWebKit/537.36 (KHTML, like Gecko) Chrome/64.0.3282.186 Safari/537.36"
122.170.71.56 - - [02/Jun/2019:11:14:39 +0000] "GET /css/project/css/responsive.css HTTP/1.1" 304 154 "http://13.126.138.58/pages/about-us" "Mozilla/5.0 (X11; Linux x86_64) AppleWebKit/537.36 (KHTML, like Gecko) Chrome/64.0.3282.186 Safari/537.36"
122.170.71.56 - - [02/Jun/2019:11:14:39 +0000] "GET /js/frontend.js?id=59b0488fa4fcb9a5133c HTTP/1.1" 304 153 "http://13.126.138.58/pages/about-us" "Mozilla/5.0 (X11; Linux x86_64) AppleWebKit/537.36 (KHTML, like Gecko) Chrome/64.0.3282.186 Safari/537.36"
122.170.71.56 - - [02/Jun/2019:11:14:39 +0000] "GET /js/jquerysession.js HTTP/1.1" 404 34492 "http://13.126.138.58/pages/about-us" "Mozilla/5.0 (X11; Linux x86_64) AppleWebKit/537.36 (KHTML, like Gecko) Chrome/64.0.3282.186 Safari/537.36"
122.170.71.56 - - [02/Jun/2019:11:14:39 +0000] "GET /css/project/images/logo.png HTTP/1.1" 304 153 "http://13.126.138.58/pages/about-us" "Mozilla/5.0 (X11; Linux x86_64) AppleWebKit/537.36 (KHTML, like Gecko) Chrome/64.0.3282.186 Safari/537.36"
122.170.71.56 - - [02/Jun/2019:11:14:40 +0000] "GET /js/jquerysession.js HTTP/1.1" 404 34496 "http://13.126.138.58/pages/about-us" "Mozilla/5.0 (X11; Linux x86_64) AppleWebKit/537.36 (KHTML, like Gecko) Chrome/64.0.3282.186 Safari/537.36"
43.241.144.40 - - [02/Jun/2019:11:15:00 +0000] "GET /admin/notification/getlist HTTP/1.1" 200 637 "http://13.126.138.58/admin/stonecollection" "Mozilla/5.0 (X11; Linux x86_64) AppleWebKit/537.36 (KHTML, like Gecko) Chrome/70.0.3538.110 Safari/537.36"
122.170.71.56 - - [02/Jun/2019:11:15:05 +0000] "GET /css/project/css/bootstrap.css HTTP/1.1" 304 154 "http://13.126.138.58/pages/about-us" "Mozilla/5.0 (X11; Linux x86_64) AppleWebKit/537.36 (KHTML, like Gecko) Chrome/64.0.3282.186 Safari/537.36"
122.170.71.56 - - [02/Jun/2019:11:15:05 +0000] "GET /css/project/css/all.css HTTP/1.1" 304 154 "http://13.126.138.58/pages/about-us" "Mozilla/5.0 (X11; Linux x86_64) AppleWebKit/537.36 (KHTML, like Gecko) Chrome/64.0.3282.186 Safari/537.36"
122.170.71.56 - - [02/Jun/2019:11:15:05 +0000] "GET /css/project/css/style.css HTTP/1.1" 304 154 "http://13.126.138.58/pages/about-us" "Mozilla/5.0 (X11; Linux x86_64) AppleWebKit/537.36 (KHTML, like Gecko) Chrome/64.0.3282.186 Safari/537.36"
122.170.71.56 - - [02/Jun/2019:11:15:05 +0000] "GET /css/project/css/responsive.css HTTP/1.1" 304 154 "http://13.126.138.58/pages/about-us" "Mozilla/5.0 (X11; Linux x86_64) AppleWebKit/537.36 (KHTML, like Gecko) Chrome/64.0.3282.186 Safari/537.36"
122.170.71.56 - - [02/Jun/2019:11:15:05 +0000] "GET /js/project/js/bootstrap.min.js.map HTTP/1.1" 404 34174 "-" "Mozilla/5.0 (X11; Linux x86_64) AppleWebKit/537.36 (KHTML, like Gecko) Chrome/64.0.3282.186 Safari/537.36"
122.170.71.56 - - [02/Jun/2019:11:15:05 +0000] "GET /css/project/css/bootstrap.css.map HTTP/1.1" 404 34168 "-" "Mozilla/5.0 (X11; Linux x86_64) AppleWebKit/537.36 (KHTML, like Gecko) Chrome/64.0.3282.186 Safari/537.36"
43.241.144.40 - - [02/Jun/2019:11:16:00 +0000] "GET /admin/notification/getlist HTTP/1.1" 200 637 "http://13.126.138.58/admin/stonecollection" "Mozilla/5.0 (X11; Linux x86_64) AppleWebKit/537.36 (KHTML, like Gecko) Chrome/70.0.3538.110 Safari/537.36"
122.170.71.56 - - [02/Jun/2019:11:16:06 +0000] "GET /pages/about-us HTTP/1.1" 200 4873 "-" "Mozilla/5.0 (X11; Linux x86_64) AppleWebKit/537.36 (KHTML, like Gecko) Chrome/64.0.3282.186 Safari/537.36"
122.170.71.56 - - [02/Jun/2019:11:16:06 +0000] "GET /css/project/css/style.css HTTP/1.1" 200 3061 "http://13.126.138.58/pages/about-us" "Mozilla/5.0 (X11; Linux x86_64) AppleWebKit/537.36 (KHTML, like Gecko) Chrome/64.0.3282.186 Safari/537.36"
122.170.71.56 - - [02/Jun/2019:11:16:06 +0000] "GET /css/project/css/responsive.css HTTP/1.1" 200 1120 "http://13.126.138.58/pages/about-us" "Mozilla/5.0 (X11; Linux x86_64) AppleWebKit/537.36 (KHTML, like Gecko) Chrome/64.0.3282.186 Safari/537.36"
122.170.71.56 - - [02/Jun/2019:11:16:06 +0000] "GET /css/project/css/all.css HTTP/1.1" 200 12960 "http://13.126.138.58/pages/about-us" "Mozilla/5.0 (X11; Linux x86_64) AppleWebKit/537.36 (KHTML, like Gecko) Chrome/64.0.3282.186 Safari/537.36"
122.170.71.56 - - [02/Jun/2019:11:16:06 +0000] "GET /css/project/css/bootstrap.css HTTP/1.1" 200 25789 "http://13.126.138.58/pages/about-us" "Mozilla/5.0 (X11; Linux x86_64) AppleWebKit/537.36 (KHTML, like Gecko) Chrome/64.0.3282.186 Safari/537.36"
122.170.71.56 - - [02/Jun/2019:11:16:06 +0000] "GET /js/frontend.js?id=59b0488fa4fcb9a5133c HTTP/1.1" 200 506078 "http://13.126.138.58/pages/about-us" "Mozilla/5.0 (X11; Linux x86_64) AppleWebKit/537.36 (KHTML, like Gecko) Chrome/64.0.3282.186 Safari/537.36"
122.170.71.56 - - [02/Jun/2019:11:16:07 +0000] "GET /js/frontend/frontend.js HTTP/1.1" 200 1357 "http://13.126.138.58/pages/about-us" "Mozilla/5.0 (X11; Linux x86_64) AppleWebKit/537.36 (KHTML, like Gecko) Chrome/64.0.3282.186 Safari/537.36"
122.170.71.56 - - [02/Jun/2019:11:16:07 +0000] "GET /js/project/js/main.js HTTP/1.1" 200 741 "http://13.126.138.58/pages/about-us" "Mozilla/5.0 (X11; Linux x86_64) AppleWebKit/537.36 (KHTML, like Gecko) Chrome/64.0.3282.186 Safari/537.36"
122.170.71.56 - - [02/Jun/2019:11:16:07 +0000] "GET /js/project/js/bootstrap.min.js HTTP/1.1" 200 15805 "http://13.126.138.58/pages/about-us" "Mozilla/5.0 (X11; Linux x86_64) AppleWebKit/537.36 (KHTML, like Gecko) Chrome/64.0.3282.186 Safari/537.36"
122.170.71.56 - - [02/Jun/2019:11:16:07 +0000] "GET /js/select2/select2.js HTTP/1.1" 200 31535 "http://13.126.138.58/pages/about-us" "Mozilla/5.0 (X11; Linux x86_64) AppleWebKit/537.36 (KHTML, like Gecko) Chrome/64.0.3282.186 Safari/537.36"
122.170.71.56 - - [02/Jun/2019:11:16:07 +0000] "GET /js/jquerysession.js HTTP/1.1" 404 1529 "http://13.126.138.58/pages/about-us" "Mozilla/5.0 (X11; Linux x86_64) AppleWebKit/537.36 (KHTML, like Gecko) Chrome/64.0.3282.186 Safari/537.36"
122.170.71.56 - - [02/Jun/2019:11:16:07 +0000] "GET /css/project/images/logo.png HTTP/1.1" 200 5009 "http://13.126.138.58/pages/about-us" "Mozilla/5.0 (X11; Linux x86_64) AppleWebKit/537.36 (KHTML, like Gecko) Chrome/64.0.3282.186 Safari/537.36"
122.170.71.56 - - [02/Jun/2019:11:16:07 +0000] "GET /css/project/webfonts/chandelier-bold-webfont.woff2 HTTP/1.1" 200 17157 "http://13.126.138.58/css/project/css/style.css" "Mozilla/5.0 (X11; Linux x86_64) AppleWebKit/537.36 (KHTML, like Gecko) Chrome/64.0.3282.186 Safari/537.36"
122.170.71.56 - - [02/Jun/2019:11:16:07 +0000] "GET /css/project/webfonts/fa-brands-400.woff2 HTTP/1.1" 200 74993 "http://13.126.138.58/css/project/css/all.css" "Mozilla/5.0 (X11; Linux x86_64) AppleWebKit/537.36 (KHTML, like Gecko) Chrome/64.0.3282.186 Safari/537.36"
122.170.71.56 - - [02/Jun/2019:11:16:07 +0000] "GET /css/project/webfonts/fa-solid-900.woff2 HTTP/1.1" 200 74665 "http://13.126.138.58/css/project/css/all.css" "Mozilla/5.0 (X11; Linux x86_64) AppleWebKit/537.36 (KHTML, like Gecko) Chrome/64.0.3282.186 Safari/537.36"
122.170.71.56 - - [02/Jun/2019:11:16:07 +0000] "GET /css/project/images/about-bg.png HTTP/1.1" 200 171953 "http://13.126.138.58/css/project/css/style.css" "Mozilla/5.0 (X11; Linux x86_64) AppleWebKit/537.36 (KHTML, like Gecko) Chrome/64.0.3282.186 Safari/537.36"
122.170.71.56 - - [02/Jun/2019:11:16:07 +0000] "GET /css/project/css/bootstrap.css.map HTTP/1.1" 404 1529 "-" "Mozilla/5.0 (X11; Linux x86_64) AppleWebKit/537.36 (KHTML, like Gecko) Chrome/64.0.3282.186 Safari/537.36"
122.170.71.56 - - [02/Jun/2019:11:16:08 +0000] "GET /js/jquerysession.js HTTP/1.1" 404 1529 "http://13.126.138.58/pages/about-us" "Mozilla/5.0 (X11; Linux x86_64) AppleWebKit/537.36 (KHTML, like Gecko) Chrome/64.0.3282.186 Safari/537.36"
122.170.71.56 - - [02/Jun/2019:11:16:08 +0000] "GET /js/project/js/bootstrap.min.js.map HTTP/1.1" 404 1529 "-" "Mozilla/5.0 (X11; Linux x86_64) AppleWebKit/537.36 (KHTML, like Gecko) Chrome/64.0.3282.186 Safari/537.36"
43.241.144.40 - - [02/Jun/2019:11:16:14 +0000] "GET /js/project/js/bootstrap.min.js.map HTTP/1.1" 404 1529 "-" "Mozilla/5.0 (X11; Linux x86_64) AppleWebKit/537.36 (KHTML, like Gecko) Chrome/70.0.3538.110 Safari/537.36"
122.170.71.56 - - [02/Jun/2019:11:16:15 +0000] "GET /pages/stone-talk HTTP/1.1" 200 2346 "http://13.126.138.58/pages/about-us" "Mozilla/5.0 (X11; Linux x86_64) AppleWebKit/537.36 (KHTML, like Gecko) Chrome/64.0.3282.186 Safari/537.36"
43.241.144.40 - - [02/Jun/2019:11:16:15 +0000] "GET /css/project/css/bootstrap.css.map HTTP/1.1" 404 1529 "-" "Mozilla/5.0 (X11; Linux x86_64) AppleWebKit/537.36 (KHTML, like Gecko) Chrome/70.0.3538.110 Safari/537.36"
122.170.71.56 - - [02/Jun/2019:11:16:15 +0000] "GET /js/jquerysession.js HTTP/1.1" 404 1529 "http://13.126.138.58/pages/stone-talk" "Mozilla/5.0 (X11; Linux x86_64) AppleWebKit/537.36 (KHTML, like Gecko) Chrome/64.0.3282.186 Safari/537.36"
122.170.71.56 - - [02/Jun/2019:11:16:16 +0000] "GET /js/jquerysession.js HTTP/1.1" 404 1529 "http://13.126.138.58/pages/stone-talk" "Mozilla/5.0 (X11; Linux x86_64) AppleWebKit/537.36 (KHTML, like Gecko) Chrome/64.0.3282.186 Safari/537.36"
122.170.71.56 - - [02/Jun/2019:11:16:18 +0000] "GET /contact-us HTTP/1.1" 200 3240 "http://13.126.138.58/pages/stone-talk" "Mozilla/5.0 (X11; Linux x86_64) AppleWebKit/537.36 (KHTML, like Gecko) Chrome/64.0.3282.186 Safari/537.36"
122.170.71.56 - - [02/Jun/2019:11:16:19 +0000] "GET /js/jquerysession.js HTTP/1.1" 404 1529 "http://13.126.138.58/contact-us" "Mozilla/5.0 (X11; Linux x86_64) AppleWebKit/537.36 (KHTML, like Gecko) Chrome/64.0.3282.186 Safari/537.36"
122.170.71.56 - - [02/Jun/2019:11:16:19 +0000] "GET /js/jquerysession.js HTTP/1.1" 404 1529 "http://13.126.138.58/contact-us" "Mozilla/5.0 (X11; Linux x86_64) AppleWebKit/537.36 (KHTML, like Gecko) Chrome/64.0.3282.186 Safari/537.36"
122.170.71.56 - - [02/Jun/2019:11:16:22 +0000] "GET /pages/stone-talk HTTP/1.1" 200 2346 "http://13.126.138.58/contact-us" "Mozilla/5.0 (X11; Linux x86_64) AppleWebKit/537.36 (KHTML, like Gecko) Chrome/64.0.3282.186 Safari/537.36"
122.170.71.56 - - [02/Jun/2019:11:16:22 +0000] "GET /js/jquerysession.js HTTP/1.1" 404 1529 "http://13.126.138.58/pages/stone-talk" "Mozilla/5.0 (X11; Linux x86_64) AppleWebKit/537.36 (KHTML, like Gecko) Chrome/64.0.3282.186 Safari/537.36"
122.170.71.56 - - [02/Jun/2019:11:16:22 +0000] "GET /js/jquerysession.js HTTP/1.1" 404 1529 "http://13.126.138.58/pages/stone-talk" "Mozilla/5.0 (X11; Linux x86_64) AppleWebKit/537.36 (KHTML, like Gecko) Chrome/64.0.3282.186 Safari/537.36"
43.241.144.40 - - [02/Jun/2019:11:17:00 +0000] "GET /admin/notification/getlist HTTP/1.1" 200 637 "http://13.126.138.58/admin/stonecollection" "Mozilla/5.0 (X11; Linux x86_64) AppleWebKit/537.36 (KHTML, like Gecko) Chrome/70.0.3538.110 Safari/537.36"
43.241.144.40 - - [02/Jun/2019:11:18:00 +0000] "GET /admin/notification/getlist HTTP/1.1" 200 637 "http://13.126.138.58/admin/stonecollection" "Mozilla/5.0 (X11; Linux x86_64) AppleWebKit/537.36 (KHTML, like Gecko) Chrome/70.0.3538.110 Safari/537.36"
43.241.144.40 - - [02/Jun/2019:11:19:00 +0000] "GET /admin/notification/getlist HTTP/1.1" 200 637 "http://13.126.138.58/admin/stonecollection" "Mozilla/5.0 (X11; Linux x86_64) AppleWebKit/537.36 (KHTML, like Gecko) Chrome/70.0.3538.110 Safari/537.36"
43.241.144.40 - - [02/Jun/2019:11:20:00 +0000] "GET /admin/notification/getlist HTTP/1.1" 200 637 "http://13.126.138.58/admin/stonecollection" "Mozilla/5.0 (X11; Linux x86_64) AppleWebKit/537.36 (KHTML, like Gecko) Chrome/70.0.3538.110 Safari/537.36"
43.241.144.40 - - [02/Jun/2019:11:21:00 +0000] "GET /admin/notification/getlist HTTP/1.1" 200 637 "http://13.126.138.58/admin/stonecollection" "Mozilla/5.0 (X11; Linux x86_64) AppleWebKit/537.36 (KHTML, like Gecko) Chrome/70.0.3538.110 Safari/537.36"
122.170.71.56 - - [02/Jun/2019:11:21:16 +0000] "GET /pages/stone-talk HTTP/1.1" 200 2342 "-" "Mozilla/5.0 (X11; Linux x86_64) AppleWebKit/537.36 (KHTML, like Gecko) Chrome/64.0.3282.186 Safari/537.36"
122.170.71.56 - - [02/Jun/2019:11:21:16 +0000] "GET /css/project/css/bootstrap.css HTTP/1.1" 304 153 "http://13.126.138.58/pages/stone-talk" "Mozilla/5.0 (X11; Linux x86_64) AppleWebKit/537.36 (KHTML, like Gecko) Chrome/64.0.3282.186 Safari/537.36"
