43.241.144.40 - - [02/Jun/2019:11:57:37 +0000] "GET /js/backend-custom.js?id=4bfe525330673547ae8c HTTP/1.1" 304 154 "http://13.126.138.58/admin/pages" "Mozilla/5.0 (X11; Linux x86_64) AppleWebKit/537.36 (KHTML, like Gecko) Chrome/70.0.3538.110 Safari/537.36"
43.241.144.40 - - [02/Jun/2019:11:57:37 +0000] "GET /js/dataTable.js?id=59f8fc5aa00aa24635c2 HTTP/1.1" 304 154 "http://13.126.138.58/admin/pages" "Mozilla/5.0 (X11; Linux x86_64) AppleWebKit/537.36 (KHTML, like Gecko) Chrome/70.0.3538.110 Safari/537.36"
43.241.144.40 - - [02/Jun/2019:11:57:37 +0000] "GET /fonts/vendor/font-awesome/fontawesome-webfont.woff2?af7ae505a9eed503f8b8e6982036873e HTTP/1.1" 304 153 "http://13.126.138.58/css/backend.css?id=01e06c4e524418579f81" "Mozilla/5.0 (X11; Linux x86_64) AppleWebKit/537.36 (KHTML, like Gecko) Chrome/70.0.3538.110 Safari/537.36"
43.241.144.40 - - [02/Jun/2019:11:57:38 +0000] "GET /admin/notification/getlist HTTP/1.1" 200 635 "http://13.126.138.58/admin/pages" "Mozilla/5.0 (X11; Linux x86_64) AppleWebKit/537.36 (KHTML, like Gecko) Chrome/70.0.3538.110 Safari/537.36"
43.241.144.40 - - [02/Jun/2019:11:57:38 +0000] "POST /admin/pages/get HTTP/1.1" 200 1694 "http://13.126.138.58/admin/pages" "Mozilla/5.0 (X11; Linux x86_64) AppleWebKit/537.36 (KHTML, like Gecko) Chrome/70.0.3538.110 Safari/537.36"
43.241.144.40 - - [02/Jun/2019:11:57:38 +0000] "GET /img/backend/down-arrow.png HTTP/1.1" 304 153 "http://13.126.138.58/css/backend-custom.css?id=ab1e21613e2dd47ef38e" "Mozilla/5.0 (X11; Linux x86_64) AppleWebKit/537.36 (KHTML, like Gecko) Chrome/70.0.3538.110 Safari/537.36"
::1 - - [02/Jun/2019:11:57:40 +0000] "OPTIONS * HTTP/1.0" 200 126 "-" "Apache/2.4.18 (Ubuntu) OpenSSL/1.0.2g (internal dummy connection)"
43.241.144.40 - - [02/Jun/2019:11:57:42 +0000] "GET /admin/pages/11/edit HTTP/1.1" 200 4065 "http://13.126.138.58/admin/pages" "Mozilla/5.0 (X11; Linux x86_64) AppleWebKit/537.36 (KHTML, like Gecko) Chrome/70.0.3538.110 Safari/537.36"
43.241.144.40 - - [02/Jun/2019:11:57:42 +0000] "GET /admin/notification/getlist HTTP/1.1" 200 635 "http://13.126.138.58/admin/pages/11/edit" "Mozilla/5.0 (X11; Linux x86_64) AppleWebKit/537.36 (KHTML, like Gecko) Chrome/70.0.3538.110 Safari/537.36"
::1 - - [02/Jun/2019:11:57:43 +0000] "OPTIONS * HTTP/1.0" 200 126 "-" "Apache/2.4.18 (Ubuntu) OpenSSL/1.0.2g (internal dummy connection)"
::1 - - [02/Jun/2019:11:57:44 +0000] "OPTIONS * HTTP/1.0" 200 126 "-" "Apache/2.4.18 (Ubuntu) OpenSSL/1.0.2g (internal dummy connection)"
::1 - - [02/Jun/2019:11:57:45 +0000] "OPTIONS * HTTP/1.0" 200 126 "-" "Apache/2.4.18 (Ubuntu) OpenSSL/1.0.2g (internal dummy connection)"
::1 - - [02/Jun/2019:11:57:46 +0000] "OPTIONS * HTTP/1.0" 200 126 "-" "Apache/2.4.18 (Ubuntu) OpenSSL/1.0.2g (internal dummy connection)"
::1 - - [02/Jun/2019:11:57:50 +0000] "OPTIONS * HTTP/1.0" 200 126 "-" "Apache/2.4.18 (Ubuntu) OpenSSL/1.0.2g (internal dummy connection)"
43.241.144.136 - - [02/Jun/2019:11:58:33 +0000] "GET /admin/notification/getlist HTTP/1.1" 200 636 "http://13.126.138.58/admin/pages/11/edit" "Mozilla/5.0 (Windows NT 10.0; Win64; x64) AppleWebKit/537.36 (KHTML, like Gecko) Chrome/74.0.3729.169 Safari/537.36"
43.241.144.40 - - [02/Jun/2019:11:58:43 +0000] "GET /admin/notification/getlist HTTP/1.1" 200 636 "http://13.126.138.58/admin/pages/11/edit" "Mozilla/5.0 (X11; Linux x86_64) AppleWebKit/537.36 (KHTML, like Gecko) Chrome/70.0.3538.110 Safari/537.36"
43.241.144.136 - - [02/Jun/2019:11:58:52 +0000] "GET /admin/dashboard HTTP/1.1" 200 3405 "http://13.126.138.58/admin/pages/11/edit" "Mozilla/5.0 (Windows NT 10.0; Win64; x64) AppleWebKit/537.36 (KHTML, like Gecko) Chrome/74.0.3729.169 Safari/537.36"
43.241.144.136 - - [02/Jun/2019:11:58:53 +0000] "GET /admin/notification/getlist HTTP/1.1" 200 635 "http://13.126.138.58/admin/dashboard" "Mozilla/5.0 (Windows NT 10.0; Win64; x64) AppleWebKit/537.36 (KHTML, like Gecko) Chrome/74.0.3729.169 Safari/537.36"
43.241.144.40 - - [02/Jun/2019:11:59:04 +0000] "GET /pages/about-us HTTP/1.1" 200 4847 "http://13.126.138.58/contact-us" "Mozilla/5.0 (X11; Linux x86_64) AppleWebKit/537.36 (KHTML, like Gecko) Chrome/70.0.3538.110 Safari/537.36"
43.241.144.40 - - [02/Jun/2019:11:59:04 +0000] "GET /css/project/images/about-block-img1.jpg HTTP/1.1" 304 153 "http://13.126.138.58/pages/about-us" "Mozilla/5.0 (X11; Linux x86_64) AppleWebKit/537.36 (KHTML, like Gecko) Chrome/70.0.3538.110 Safari/537.36"
43.241.144.40 - - [02/Jun/2019:11:59:04 +0000] "GET /css/project/images/about-block-img2.jpg HTTP/1.1" 304 154 "http://13.126.138.58/pages/about-us" "Mozilla/5.0 (X11; Linux x86_64) AppleWebKit/537.36 (KHTML, like Gecko) Chrome/70.0.3538.110 Safari/537.36"
43.241.144.40 - - [02/Jun/2019:11:59:04 +0000] "GET /js/frontend.js?id=59b0488fa4fcb9a5133c HTTP/1.1" 304 153 "http://13.126.138.58/pages/about-us" "Mozilla/5.0 (X11; Linux x86_64) AppleWebKit/537.36 (KHTML, like Gecko) Chrome/70.0.3538.110 Safari/537.36"
43.241.144.40 - - [02/Jun/2019:11:59:04 +0000] "GET /css/project/images/about-block-img3.jpg HTTP/1.1" 304 154 "http://13.126.138.58/pages/about-us" "Mozilla/5.0 (X11; Linux x86_64) AppleWebKit/537.36 (KHTML, like Gecko) Chrome/70.0.3538.110 Safari/537.36"
43.241.144.40 - - [02/Jun/2019:11:59:04 +0000] "GET /css/project/images/about-block-img5.jpg HTTP/1.1" 304 154 "http://13.126.138.58/pages/about-us" "Mozilla/5.0 (X11; Linux x86_64) AppleWebKit/537.36 (KHTML, like Gecko) Chrome/70.0.3538.110 Safari/537.36"
43.241.144.40 - - [02/Jun/2019:11:59:04 +0000] "GET /css/project/images/about-block-img4.jpg HTTP/1.1" 304 154 "http://13.126.138.58/pages/about-us" "Mozilla/5.0 (X11; Linux x86_64) AppleWebKit/537.36 (KHTML, like Gecko) Chrome/70.0.3538.110 Safari/537.36"
43.241.144.40 - - [02/Jun/2019:11:59:04 +0000] "GET /js/jquerysession.js HTTP/1.1" 404 1529 "http://13.126.138.58/pages/about-us" "Mozilla/5.0 (X11; Linux x86_64) AppleWebKit/537.36 (KHTML, like Gecko) Chrome/70.0.3538.110 Safari/537.36"
43.241.144.40 - - [02/Jun/2019:11:59:04 +0000] "GET /css/project/images/about-block-img6.jpg HTTP/1.1" 304 154 "http://13.126.138.58/pages/about-us" "Mozilla/5.0 (X11; Linux x86_64) AppleWebKit/537.36 (KHTML, like Gecko) Chrome/70.0.3538.110 Safari/537.36"
43.241.144.40 - - [02/Jun/2019:11:59:04 +0000] "GET /css/project/images/about-bg.png HTTP/1.1" 304 153 "http://13.126.138.58/css/project/css/style.css" "Mozilla/5.0 (X11; Linux x86_64) AppleWebKit/537.36 (KHTML, like Gecko) Chrome/70.0.3538.110 Safari/537.36"
43.241.144.40 - - [02/Jun/2019:11:59:06 +0000] "GET /stone-collection HTTP/1.1" 200 3102 "http://13.126.138.58/pages/about-us" "Mozilla/5.0 (X11; Linux x86_64) AppleWebKit/537.36 (KHTML, like Gecko) Chrome/70.0.3538.110 Safari/537.36"
43.241.144.40 - - [02/Jun/2019:11:59:06 +0000] "GET /css/project/images/collection-slider-1.jpg HTTP/1.1" 304 153 "http://13.126.138.58/stone-collection" "Mozilla/5.0 (X11; Linux x86_64) AppleWebKit/537.36 (KHTML, like Gecko) Chrome/70.0.3538.110 Safari/537.36"
43.241.144.40 - - [02/Jun/2019:11:59:06 +0000] "GET /css/project/images/product-front-view.png HTTP/1.1" 304 153 "http://13.126.138.58/stone-collection" "Mozilla/5.0 (X11; Linux x86_64) AppleWebKit/537.36 (KHTML, like Gecko) Chrome/70.0.3538.110 Safari/537.36"
43.241.144.40 - - [02/Jun/2019:11:59:06 +0000] "GET /js/jquerysession.js HTTP/1.1" 404 1529 "http://13.126.138.58/stone-collection" "Mozilla/5.0 (X11; Linux x86_64) AppleWebKit/537.36 (KHTML, like Gecko) Chrome/70.0.3538.110 Safari/537.36"
43.241.144.40 - - [02/Jun/2019:11:59:06 +0000] "GET /css/project/images/collection-section-bg.png HTTP/1.1" 304 153 "http://13.126.138.58/css/project/css/style.css" "Mozilla/5.0 (X11; Linux x86_64) AppleWebKit/537.36 (KHTML, like Gecko) Chrome/70.0.3538.110 Safari/537.36"
43.241.144.40 - - [02/Jun/2019:11:59:10 +0000] "GET /pages/production HTTP/1.1" 200 2331 "http://13.126.138.58/stone-collection" "Mozilla/5.0 (X11; Linux x86_64) AppleWebKit/537.36 (KHTML, like Gecko) Chrome/70.0.3538.110 Safari/537.36"
43.241.144.40 - - [02/Jun/2019:11:59:10 +0000] "GET /js/jquerysession.js HTTP/1.1" 404 1529 "http://13.126.138.58/pages/production" "Mozilla/5.0 (X11; Linux x86_64) AppleWebKit/537.36 (KHTML, like Gecko) Chrome/70.0.3538.110 Safari/537.36"
43.241.144.40 - - [02/Jun/2019:11:59:10 +0000] "GET /js/jquerysession.js HTTP/1.1" 404 1529 "http://13.126.138.58/pages/production" "Mozilla/5.0 (X11; Linux x86_64) AppleWebKit/537.36 (KHTML, like Gecko) Chrome/70.0.3538.110 Safari/537.36"
43.241.144.40 - - [02/Jun/2019:11:59:11 +0000] "GET /pages/stone-talk HTTP/1.1" 200 2344 "http://13.126.138.58/pages/production" "Mozilla/5.0 (X11; Linux x86_64) AppleWebKit/537.36 (KHTML, like Gecko) Chrome/70.0.3538.110 Safari/537.36"
43.241.144.40 - - [02/Jun/2019:11:59:11 +0000] "GET /js/jquerysession.js HTTP/1.1" 404 1529 "http://13.126.138.58/pages/stone-talk" "Mozilla/5.0 (X11; Linux x86_64) AppleWebKit/537.36 (KHTML, like Gecko) Chrome/70.0.3538.110 Safari/537.36"
43.241.144.40 - - [02/Jun/2019:11:59:13 +0000] "GET /contact-us HTTP/1.1" 200 3236 "http://13.126.138.58/pages/stone-talk" "Mozilla/5.0 (X11; Linux x86_64) AppleWebKit/537.36 (KHTML, like Gecko) Chrome/70.0.3538.110 Safari/537.36"
43.241.144.40 - - [02/Jun/2019:11:59:13 +0000] "GET /js/jquerysession.js HTTP/1.1" 404 1529 "http://13.126.138.58/contact-us" "Mozilla/5.0 (X11; Linux x86_64) AppleWebKit/537.36 (KHTML, like Gecko) Chrome/70.0.3538.110 Safari/537.36"
43.241.144.136 - - [02/Jun/2019:11:59:25 +0000] "GET /pages/about-us HTTP/1.1" 200 4847 "http://13.126.138.58/stone-collection" "Mozilla/5.0 (Windows NT 10.0; Win64; x64) AppleWebKit/537.36 (KHTML, like Gecko) Chrome/74.0.3729.169 Safari/537.36"
43.241.144.136 - - [02/Jun/2019:11:59:25 +0000] "GET /css/project/images/about-block-img1.jpg HTTP/1.1" 304 154 "http://13.126.138.58/pages/about-us" "Mozilla/5.0 (Windows NT 10.0; Win64; x64) AppleWebKit/537.36 (KHTML, like Gecko) Chrome/74.0.3729.169 Safari/537.36"
43.241.144.136 - - [02/Jun/2019:11:59:25 +0000] "GET /css/project/images/logo.png HTTP/1.1" 304 153 "http://13.126.138.58/pages/about-us" "Mozilla/5.0 (Windows NT 10.0; Win64; x64) AppleWebKit/537.36 (KHTML, like Gecko) Chrome/74.0.3729.169 Safari/537.36"
43.241.144.136 - - [02/Jun/2019:11:59:26 +0000] "GET /js/frontend.js?id=59b0488fa4fcb9a5133c HTTP/1.1" 304 153 "http://13.126.138.58/pages/about-us" "Mozilla/5.0 (Windows NT 10.0; Win64; x64) AppleWebKit/537.36 (KHTML, like Gecko) Chrome/74.0.3729.169 Safari/537.36"
43.241.144.136 - - [02/Jun/2019:11:59:26 +0000] "GET /js/jquerysession.js HTTP/1.1" 404 1529 "http://13.126.138.58/pages/about-us" "Mozilla/5.0 (Windows NT 10.0; Win64; x64) AppleWebKit/537.36 (KHTML, like Gecko) Chrome/74.0.3729.169 Safari/537.36"
43.241.144.136 - - [02/Jun/2019:11:59:26 +0000] "GET /css/project/webfonts/fa-brands-400.woff2 HTTP/1.1" 304 154 "http://13.126.138.58/css/project/css/all.css" "Mozilla/5.0 (Windows NT 10.0; Win64; x64) AppleWebKit/537.36 (KHTML, like Gecko) Chrome/74.0.3729.169 Safari/537.36"
43.241.144.136 - - [02/Jun/2019:11:59:26 +0000] "GET /css/project/webfonts/fa-solid-900.woff2 HTTP/1.1" 304 154 "http://13.126.138.58/css/project/css/all.css" "Mozilla/5.0 (Windows NT 10.0; Win64; x64) AppleWebKit/537.36 (KHTML, like Gecko) Chrome/74.0.3729.169 Safari/537.36"
43.241.144.136 - - [02/Jun/2019:11:59:26 +0000] "GET /css/project/images/about-bg.png HTTP/1.1" 304 154 "http://13.126.138.58/css/project/css/style.css" "Mozilla/5.0 (Windows NT 10.0; Win64; x64) AppleWebKit/537.36 (KHTML, like Gecko) Chrome/74.0.3729.169 Safari/537.36"
43.241.144.136 - - [02/Jun/2019:11:59:26 +0000] "GET /css/project/images/about-block-img2.jpg HTTP/1.1" 304 154 "http://13.126.138.58/pages/about-us" "Mozilla/5.0 (Windows NT 10.0; Win64; x64) AppleWebKit/537.36 (KHTML, like Gecko) Chrome/74.0.3729.169 Safari/537.36"
43.241.144.136 - - [02/Jun/2019:11:59:26 +0000] "GET /css/project/webfonts/chandelier-bold-webfont.woff2 HTTP/1.1" 304 153 "http://13.126.138.58/css/project/css/style.css" "Mozilla/5.0 (Windows NT 10.0; Win64; x64) AppleWebKit/537.36 (KHTML, like Gecko) Chrome/74.0.3729.169 Safari/537.36"
43.241.144.136 - - [02/Jun/2019:11:59:26 +0000] "GET /css/project/images/about-block-img4.jpg HTTP/1.1" 304 154 "http://13.126.138.58/pages/about-us" "Mozilla/5.0 (Windows NT 10.0; Win64; x64) AppleWebKit/537.36 (KHTML, like Gecko) Chrome/74.0.3729.169 Safari/537.36"
43.241.144.136 - - [02/Jun/2019:11:59:26 +0000] "GET /css/project/images/about-block-img5.jpg HTTP/1.1" 304 153 "http://13.126.138.58/pages/about-us" "Mozilla/5.0 (Windows NT 10.0; Win64; x64) AppleWebKit/537.36 (KHTML, like Gecko) Chrome/74.0.3729.169 Safari/537.36"
43.241.144.136 - - [02/Jun/2019:11:59:26 +0000] "GET /css/project/images/about-block-img3.jpg HTTP/1.1" 304 153 "http://13.126.138.58/pages/about-us" "Mozilla/5.0 (Windows NT 10.0; Win64; x64) AppleWebKit/537.36 (KHTML, like Gecko) Chrome/74.0.3729.169 Safari/537.36"
43.241.144.136 - - [02/Jun/2019:11:59:26 +0000] "GET /css/project/images/about-block-img6.jpg HTTP/1.1" 304 153 "http://13.126.138.58/pages/about-us" "Mozilla/5.0 (Windows NT 10.0; Win64; x64) AppleWebKit/537.36 (KHTML, like Gecko) Chrome/74.0.3729.169 Safari/537.36"
43.241.144.40 - - [02/Jun/2019:11:59:30 +0000] "GET /pages/about-us HTTP/1.1" 200 4855 "http://13.126.138.58/contact-us" "Mozilla/5.0 (X11; Linux x86_64) AppleWebKit/537.36 (KHTML, like Gecko) Chrome/70.0.3538.110 Safari/537.36"
43.241.144.40 - - [02/Jun/2019:11:59:30 +0000] "GET /js/jquerysession.js HTTP/1.1" 404 1529 "http://13.126.138.58/pages/about-us" "Mozilla/5.0 (X11; Linux x86_64) AppleWebKit/537.36 (KHTML, like Gecko) Chrome/70.0.3538.110 Safari/537.36"
43.241.144.136 - - [02/Jun/2019:11:59:33 +0000] "GET /stone-collection HTTP/1.1" 200 3100 "http://13.126.138.58/pages/about-us" "Mozilla/5.0 (Windows NT 10.0; Win64; x64) AppleWebKit/537.36 (KHTML, like Gecko) Chrome/74.0.3729.169 Safari/537.36"
43.241.144.136 - - [02/Jun/2019:11:59:33 +0000] "GET /css/project/images/product-front-view.png HTTP/1.1" 304 154 "http://13.126.138.58/stone-collection" "Mozilla/5.0 (Windows NT 10.0; Win64; x64) AppleWebKit/537.36 (KHTML, like Gecko) Chrome/74.0.3729.169 Safari/537.36"
43.241.144.136 - - [02/Jun/2019:11:59:33 +0000] "GET /css/project/images/collection-slider-1.jpg HTTP/1.1" 304 153 "http://13.126.138.58/stone-collection" "Mozilla/5.0 (Windows NT 10.0; Win64; x64) AppleWebKit/537.36 (KHTML, like Gecko) Chrome/74.0.3729.169 Safari/537.36"
43.241.144.136 - - [02/Jun/2019:11:59:33 +0000] "GET /js/jquerysession.js HTTP/1.1" 404 1529 "http://13.126.138.58/stone-collection" "Mozilla/5.0 (Windows NT 10.0; Win64; x64) AppleWebKit/537.36 (KHTML, like Gecko) Chrome/74.0.3729.169 Safari/537.36"
43.241.144.136 - - [02/Jun/2019:11:59:33 +0000] "GET /css/project/images/collection-section-bg.png HTTP/1.1" 304 153 "http://13.126.138.58/css/project/css/style.css" "Mozilla/5.0 (Windows NT 10.0; Win64; x64) AppleWebKit/537.36 (KHTML, like Gecko) Chrome/74.0.3729.169 Safari/537.36"
::1 - - [02/Jun/2019:11:59:34 +0000] "OPTIONS * HTTP/1.0" 200 126 "-" "Apache/2.4.18 (Ubuntu) OpenSSL/1.0.2g (internal dummy connection)"
43.241.144.136 - - [02/Jun/2019:11:59:36 +0000] "GET /pages/production HTTP/1.1" 200 2337 "http://13.126.138.58/stone-collection" "Mozilla/5.0 (Windows NT 10.0; Win64; x64) AppleWebKit/537.36 (KHTML, like Gecko) Chrome/74.0.3729.169 Safari/537.36"
43.241.144.136 - - [02/Jun/2019:11:59:37 +0000] "GET /js/jquerysession.js HTTP/1.1" 404 1529 "http://13.126.138.58/pages/production" "Mozilla/5.0 (Windows NT 10.0; Win64; x64) AppleWebKit/537.36 (KHTML, like Gecko) Chrome/74.0.3729.169 Safari/537.36"
43.241.144.136 - - [02/Jun/2019:11:59:37 +0000] "GET /js/jquerysession.js HTTP/1.1" 404 1529 "http://13.126.138.58/pages/production" "Mozilla/5.0 (Windows NT 10.0; Win64; x64) AppleWebKit/537.36 (KHTML, like Gecko) Chrome/74.0.3729.169 Safari/537.36"
::1 - - [02/Jun/2019:11:59:37 +0000] "OPTIONS * HTTP/1.0" 200 126 "-" "Apache/2.4.18 (Ubuntu) OpenSSL/1.0.2g (internal dummy connection)"
43.241.144.136 - - [02/Jun/2019:11:59:39 +0000] "GET /pages/stone-talk HTTP/1.1" 200 2338 "http://13.126.138.58/pages/production" "Mozilla/5.0 (Windows NT 10.0; Win64; x64) AppleWebKit/537.36 (KHTML, like Gecko) Chrome/74.0.3729.169 Safari/537.36"
43.241.144.136 - - [02/Jun/2019:11:59:39 +0000] "GET /js/jquerysession.js HTTP/1.1" 404 1529 "http://13.126.138.58/pages/stone-talk" "Mozilla/5.0 (Windows NT 10.0; Win64; x64) AppleWebKit/537.36 (KHTML, like Gecko) Chrome/74.0.3729.169 Safari/537.36"
43.241.144.136 - - [02/Jun/2019:11:59:39 +0000] "GET /js/jquerysession.js HTTP/1.1" 404 1529 "http://13.126.138.58/pages/stone-talk" "Mozilla/5.0 (Windows NT 10.0; Win64; x64) AppleWebKit/537.36 (KHTML, like Gecko) Chrome/74.0.3729.169 Safari/537.36"
43.241.144.136 - - [02/Jun/2019:11:59:43 +0000] "GET /contact-us HTTP/1.1" 200 3230 "http://13.126.138.58/pages/stone-talk" "Mozilla/5.0 (Windows NT 10.0; Win64; x64) AppleWebKit/537.36 (KHTML, like Gecko) Chrome/74.0.3729.169 Safari/537.36"
43.241.144.40 - - [02/Jun/2019:11:59:43 +0000] "GET /admin/notification/getlist HTTP/1.1" 200 636 "http://13.126.138.58/admin/pages/11/edit" "Mozilla/5.0 (X11; Linux x86_64) AppleWebKit/537.36 (KHTML, like Gecko) Chrome/70.0.3538.110 Safari/537.36"
43.241.144.136 - - [02/Jun/2019:11:59:43 +0000] "GET /js/jquerysession.js HTTP/1.1" 404 1529 "http://13.126.138.58/contact-us" "Mozilla/5.0 (Windows NT 10.0; Win64; x64) AppleWebKit/537.36 (KHTML, like Gecko) Chrome/74.0.3729.169 Safari/537.36"
43.241.144.40 - - [02/Jun/2019:11:59:47 +0000] "GET /pages/about-us HTTP/1.1" 200 4852 "http://13.126.138.58/pages/about-us" "Mozilla/5.0 (X11; Linux x86_64) AppleWebKit/537.36 (KHTML, like Gecko) Chrome/70.0.3538.110 Safari/537.36"
43.241.144.40 - - [02/Jun/2019:11:59:47 +0000] "GET /js/jquerysession.js HTTP/1.1" 404 1529 "http://13.126.138.58/pages/about-us" "Mozilla/5.0 (X11; Linux x86_64) AppleWebKit/537.36 (KHTML, like Gecko) Chrome/70.0.3538.110 Safari/537.36"
43.241.144.40 - - [02/Jun/2019:11:59:47 +0000] "GET /js/jquerysession.js HTTP/1.1" 404 1529 "http://13.126.138.58/pages/about-us" "Mozilla/5.0 (X11; Linux x86_64) AppleWebKit/537.36 (KHTML, like Gecko) Chrome/70.0.3538.110 Safari/537.36"
43.241.144.136 - - [02/Jun/2019:11:59:48 +0000] "GET /pages/about-us HTTP/1.1" 200 4847 "http://13.126.138.58/contact-us" "Mozilla/5.0 (Windows NT 10.0; Win64; x64) AppleWebKit/537.36 (KHTML, like Gecko) Chrome/74.0.3729.169 Safari/537.36"
43.241.144.136 - - [02/Jun/2019:11:59:48 +0000] "GET /js/jquerysession.js HTTP/1.1" 404 1529 "http://13.126.138.58/pages/about-us" "Mozilla/5.0 (Windows NT 10.0; Win64; x64) AppleWebKit/537.36 (KHTML, like Gecko) Chrome/74.0.3729.169 Safari/537.36"
43.241.144.40 - - [02/Jun/2019:11:59:49 +0000] "POST /phpmyadmin/index.php HTTP/1.1" 200 2499 "http://13.126.138.58/phpmyadmin/tbl_change.php?db=ard&table=pages&where_clause=%60pages%60.%60id%60+%3D+7&clause_is_unique=1&sql_query=SELECT+%2A+FROM+%60pages%60&goto=sql.php&default_action=update&token=34858bcc7dc9213187a6738ded0eec87" "Mozilla/5.0 (X11; Linux x86_64) AppleWebKit/537.36 (KHTML, like Gecko) Chrome/70.0.3538.110 Safari/537.36"
43.241.144.136 - - [02/Jun/2019:11:59:50 +0000] "GET /stone-collection HTTP/1.1" 200 3100 "http://13.126.138.58/pages/about-us" "Mozilla/5.0 (Windows NT 10.0; Win64; x64) AppleWebKit/537.36 (KHTML, like Gecko) Chrome/74.0.3729.169 Safari/537.36"
43.241.144.136 - - [02/Jun/2019:11:59:50 +0000] "GET /js/jquerysession.js HTTP/1.1" 404 1529 "http://13.126.138.58/stone-collection" "Mozilla/5.0 (Windows NT 10.0; Win64; x64) AppleWebKit/537.36 (KHTML, like Gecko) Chrome/74.0.3729.169 Safari/537.36"
43.241.144.136 - - [02/Jun/2019:11:59:50 +0000] "GET /js/jquerysession.js HTTP/1.1" 404 1529 "http://13.126.138.58/stone-collection" "Mozilla/5.0 (Windows NT 10.0; Win64; x64) AppleWebKit/537.36 (KHTML, like Gecko) Chrome/74.0.3729.169 Safari/537.36"
43.241.144.40 - - [02/Jun/2019:11:59:51 +0000] "GET /pages/about-us HTTP/1.1" 200 4848 "http://13.126.138.58/pages/about-us" "Mozilla/5.0 (X11; Linux x86_64) AppleWebKit/537.36 (KHTML, like Gecko) Chrome/70.0.3538.110 Safari/537.36"
43.241.144.40 - - [02/Jun/2019:11:59:51 +0000] "GET /js/jquerysession.js HTTP/1.1" 404 1529 "http://13.126.138.58/pages/about-us" "Mozilla/5.0 (X11; Linux x86_64) AppleWebKit/537.36 (KHTML, like Gecko) Chrome/70.0.3538.110 Safari/537.36"
43.241.144.40 - - [02/Jun/2019:11:59:52 +0000] "GET /stone-collection HTTP/1.1" 200 3095 "http://13.126.138.58/pages/about-us" "Mozilla/5.0 (X11; Linux x86_64) AppleWebKit/537.36 (KHTML, like Gecko) Chrome/70.0.3538.110 Safari/537.36"
43.241.144.40 - - [02/Jun/2019:11:59:52 +0000] "GET /js/jquerysession.js HTTP/1.1" 404 1529 "http://13.126.138.58/stone-collection" "Mozilla/5.0 (X11; Linux x86_64) AppleWebKit/537.36 (KHTML, like Gecko) Chrome/70.0.3538.110 Safari/537.36"
43.241.144.136 - - [02/Jun/2019:11:59:53 +0000] "GET /admin/notification/getlist HTTP/1.1" 200 636 "http://13.126.138.58/admin/dashboard" "Mozilla/5.0 (Windows NT 10.0; Win64; x64) AppleWebKit/537.36 (KHTML, like Gecko) Chrome/74.0.3729.169 Safari/537.36"
43.241.144.40 - - [02/Jun/2019:11:59:54 +0000] "GET /pages/production HTTP/1.1" 200 2334 "http://13.126.138.58/stone-collection" "Mozilla/5.0 (X11; Linux x86_64) AppleWebKit/537.36 (KHTML, like Gecko) Chrome/70.0.3538.110 Safari/537.36"
43.241.144.40 - - [02/Jun/2019:11:59:54 +0000] "GET /js/jquerysession.js HTTP/1.1" 404 1529 "http://13.126.138.58/pages/production" "Mozilla/5.0 (X11; Linux x86_64) AppleWebKit/537.36 (KHTML, like Gecko) Chrome/70.0.3538.110 Safari/537.36"
43.241.144.40 - - [02/Jun/2019:11:59:55 +0000] "GET /js/jquerysession.js HTTP/1.1" 404 1529 "http://13.126.138.58/pages/production" "Mozilla/5.0 (X11; Linux x86_64) AppleWebKit/537.36 (KHTML, like Gecko) Chrome/70.0.3538.110 Safari/537.36"
43.241.144.136 - - [02/Jun/2019:11:59:59 +0000] "GET /stone-collection HTTP/1.1" 200 3098 "http://13.126.138.58/stone-collection" "Mozilla/5.0 (Windows NT 10.0; Win64; x64) AppleWebKit/537.36 (KHTML, like Gecko) Chrome/74.0.3729.169 Safari/537.36"
43.241.144.136 - - [02/Jun/2019:11:59:59 +0000] "GET /js/frontend/frontend.js HTTP/1.1" 304 154 "http://13.126.138.58/stone-collection" "Mozilla/5.0 (Windows NT 10.0; Win64; x64) AppleWebKit/537.36 (KHTML, like Gecko) Chrome/74.0.3729.169 Safari/537.36"
43.241.144.136 - - [02/Jun/2019:11:59:59 +0000] "GET /js/jquerysession.js HTTP/1.1" 404 1529 "http://13.126.138.58/stone-collection" "Mozilla/5.0 (Windows NT 10.0; Win64; x64) AppleWebKit/537.36 (KHTML, like Gecko) Chrome/74.0.3729.169 Safari/537.36"
43.241.144.136 - - [02/Jun/2019:12:00:00 +0000] "GET /js/select2/select2.js HTTP/1.1" 304 153 "http://13.126.138.58/stone-collection" "Mozilla/5.0 (Windows NT 10.0; Win64; x64) AppleWebKit/537.36 (KHTML, like Gecko) Chrome/74.0.3729.169 Safari/537.36"
43.241.144.136 - - [02/Jun/2019:12:00:00 +0000] "GET /js/project/js/bootstrap.min.js HTTP/1.1" 304 154 "http://13.126.138.58/stone-collection" "Mozilla/5.0 (Windows NT 10.0; Win64; x64) AppleWebKit/537.36 (KHTML, like Gecko) Chrome/74.0.3729.169 Safari/537.36"
43.241.144.136 - - [02/Jun/2019:12:00:00 +0000] "GET /js/project/js/main.js HTTP/1.1" 304 154 "http://13.126.138.58/stone-collection" "Mozilla/5.0 (Windows NT 10.0; Win64; x64) AppleWebKit/537.36 (KHTML, like Gecko) Chrome/74.0.3729.169 Safari/537.36"
43.241.144.136 - - [02/Jun/2019:12:00:00 +0000] "GET /js/jquerysession.js HTTP/1.1" 404 1529 "http://13.126.138.58/stone-collection" "Mozilla/5.0 (Windows NT 10.0; Win64; x64) AppleWebKit/537.36 (KHTML, like Gecko) Chrome/74.0.3729.169 Safari/537.36"
43.241.144.136 - - [02/Jun/2019:12:00:01 +0000] "GET /pages/stone-talk HTTP/1.1" 200 2335 "http://13.126.138.58/stone-collection" "Mozilla/5.0 (Windows NT 10.0; Win64; x64) AppleWebKit/537.36 (KHTML, like Gecko) Chrome/74.0.3729.169 Safari/537.36"
43.241.144.136 - - [02/Jun/2019:12:00:01 +0000] "GET /js/jquerysession.js HTTP/1.1" 404 1529 "http://13.126.138.58/pages/stone-talk" "Mozilla/5.0 (Windows NT 10.0; Win64; x64) AppleWebKit/537.36 (KHTML, like Gecko) Chrome/74.0.3729.169 Safari/537.36"
43.241.144.136 - - [02/Jun/2019:12:00:01 +0000] "GET /js/jquerysession.js HTTP/1.1" 404 1529 "http://13.126.138.58/pages/stone-talk" "Mozilla/5.0 (Windows NT 10.0; Win64; x64) AppleWebKit/537.36 (KHTML, like Gecko) Chrome/74.0.3729.169 Safari/537.36"
43.241.144.136 - - [02/Jun/2019:12:00:02 +0000] "GET /contact-us HTTP/1.1" 200 3240 "http://13.126.138.58/pages/stone-talk" "Mozilla/5.0 (Windows NT 10.0; Win64; x64) AppleWebKit/537.36 (KHTML, like Gecko) Chrome/74.0.3729.169 Safari/537.36"
43.241.144.136 - - [02/Jun/2019:12:00:03 +0000] "GET /js/jquerysession.js HTTP/1.1" 404 1529 "http://13.126.138.58/contact-us" "Mozilla/5.0 (Windows NT 10.0; Win64; x64) AppleWebKit/537.36 (KHTML, like Gecko) Chrome/74.0.3729.169 Safari/537.36"
43.241.144.136 - - [02/Jun/2019:12:00:06 +0000] "GET / HTTP/1.1" 200 4395 "http://13.126.138.58/contact-us" "Mozilla/5.0 (Windows NT 10.0; Win64; x64) AppleWebKit/537.36 (KHTML, like Gecko) Chrome/74.0.3729.169 Safari/537.36"
43.241.144.136 - - [02/Jun/2019:12:00:06 +0000] "GET /css/project/images/about-pic.jpg HTTP/1.1" 304 154 "http://13.126.138.58/" "Mozilla/5.0 (Windows NT 10.0; Win64; x64) AppleWebKit/537.36 (KHTML, like Gecko) Chrome/74.0.3729.169 Safari/537.36"
43.241.144.136 - - [02/Jun/2019:12:00:06 +0000] "GET /css/project/images/home-slider.jpg HTTP/1.1" 304 153 "http://13.126.138.58/" "Mozilla/5.0 (Windows NT 10.0; Win64; x64) AppleWebKit/537.36 (KHTML, like Gecko) Chrome/74.0.3729.169 Safari/537.36"
43.241.144.136 - - [02/Jun/2019:12:00:06 +0000] "GET /css/project/images/app-icon-1.jpg HTTP/1.1" 304 153 "http://13.126.138.58/" "Mozilla/5.0 (Windows NT 10.0; Win64; x64) AppleWebKit/537.36 (KHTML, like Gecko) Chrome/74.0.3729.169 Safari/537.36"
43.241.144.136 - - [02/Jun/2019:12:00:06 +0000] "GET /js/jquerysession.js HTTP/1.1" 404 1529 "http://13.126.138.58/" "Mozilla/5.0 (Windows NT 10.0; Win64; x64) AppleWebKit/537.36 (KHTML, like Gecko) Chrome/74.0.3729.169 Safari/537.36"
43.241.144.136 - - [02/Jun/2019:12:00:07 +0000] "GET /css/project/images/app-icon-3.jpg HTTP/1.1" 304 154 "http://13.126.138.58/" "Mozilla/5.0 (Windows NT 10.0; Win64; x64) AppleWebKit/537.36 (KHTML, like Gecko) Chrome/74.0.3729.169 Safari/537.36"
43.241.144.136 - - [02/Jun/2019:12:00:07 +0000] "GET /css/project/images/app-icon-4.jpg HTTP/1.1" 304 154 "http://13.126.138.58/" "Mozilla/5.0 (Windows NT 10.0; Win64; x64) AppleWebKit/537.36 (KHTML, like Gecko) Chrome/74.0.3729.169 Safari/537.36"
43.241.144.136 - - [02/Jun/2019:12:00:07 +0000] "GET /css/project/images/app-icon-5.jpg HTTP/1.1" 304 154 "http://13.126.138.58/" "Mozilla/5.0 (Windows NT 10.0; Win64; x64) AppleWebKit/537.36 (KHTML, like Gecko) Chrome/74.0.3729.169 Safari/537.36"
43.241.144.136 - - [02/Jun/2019:12:00:07 +0000] "GET /css/project/images/app-icon-6.jpg HTTP/1.1" 304 154 "http://13.126.138.58/" "Mozilla/5.0 (Windows NT 10.0; Win64; x64) AppleWebKit/537.36 (KHTML, like Gecko) Chrome/74.0.3729.169 Safari/537.36"
43.241.144.136 - - [02/Jun/2019:12:00:07 +0000] "GET /css/project/images/app-icon-2.jpg HTTP/1.1" 304 153 "http://13.126.138.58/" "Mozilla/5.0 (Windows NT 10.0; Win64; x64) AppleWebKit/537.36 (KHTML, like Gecko) Chrome/74.0.3729.169 Safari/537.36"
43.241.144.136 - - [02/Jun/2019:12:00:07 +0000] "GET /css/project/images/vision-icon.png HTTP/1.1" 304 154 "http://13.126.138.58/" "Mozilla/5.0 (Windows NT 10.0; Win64; x64) AppleWebKit/537.36 (KHTML, like Gecko) Chrome/74.0.3729.169 Safari/537.36"
43.241.144.136 - - [02/Jun/2019:12:00:07 +0000] "GET /css/project/images/app-icon-8.jpg HTTP/1.1" 304 153 "http://13.126.138.58/" "Mozilla/5.0 (Windows NT 10.0; Win64; x64) AppleWebKit/537.36 (KHTML, like Gecko) Chrome/74.0.3729.169 Safari/537.36"
43.241.144.136 - - [02/Jun/2019:12:00:07 +0000] "GET /css/project/images/app-icon-9.jpg HTTP/1.1" 304 153 "http://13.126.138.58/" "Mozilla/5.0 (Windows NT 10.0; Win64; x64) AppleWebKit/537.36 (KHTML, like Gecko) Chrome/74.0.3729.169 Safari/537.36"
43.241.144.136 - - [02/Jun/2019:12:00:07 +0000] "GET /css/project/images/values-icon.png HTTP/1.1" 304 153 "http://13.126.138.58/" "Mozilla/5.0 (Windows NT 10.0; Win64; x64) AppleWebKit/537.36 (KHTML, like Gecko) Chrome/74.0.3729.169 Safari/537.36"
43.241.144.136 - - [02/Jun/2019:12:00:07 +0000] "GET /css/project/images/mission-statement-icon.png HTTP/1.1" 304 153 "http://13.126.138.58/" "Mozilla/5.0 (Windows NT 10.0; Win64; x64) AppleWebKit/537.36 (KHTML, like Gecko) Chrome/74.0.3729.169 Safari/537.36"
43.241.144.136 - - [02/Jun/2019:12:00:07 +0000] "GET /css/project/images/app-icon-7.jpg HTTP/1.1" 304 153 "http://13.126.138.58/" "Mozilla/5.0 (Windows NT 10.0; Win64; x64) AppleWebKit/537.36 (KHTML, like Gecko) Chrome/74.0.3729.169 Safari/537.36"
43.241.144.136 - - [02/Jun/2019:12:00:07 +0000] "GET /css/project/images/client-1.jpg HTTP/1.1" 304 153 "http://13.126.138.58/" "Mozilla/5.0 (Windows NT 10.0; Win64; x64) AppleWebKit/537.36 (KHTML, like Gecko) Chrome/74.0.3729.169 Safari/537.36"
43.241.144.136 - - [02/Jun/2019:12:00:07 +0000] "GET /css/project/images/blog-section-bg.jpg HTTP/1.1" 304 153 "http://13.126.138.58/css/project/css/style.css" "Mozilla/5.0 (Windows NT 10.0; Win64; x64) AppleWebKit/537.36 (KHTML, like Gecko) Chrome/74.0.3729.169 Safari/537.36"
43.241.144.136 - - [02/Jun/2019:12:00:07 +0000] "GET /css/project/images/coming-soon-bg.jpg HTTP/1.1" 304 153 "http://13.126.138.58/css/project/css/style.css" "Mozilla/5.0 (Windows NT 10.0; Win64; x64) AppleWebKit/537.36 (KHTML, like Gecko) Chrome/74.0.3729.169 Safari/537.36"
::1 - - [02/Jun/2019:12:00:14 +0000] "OPTIONS * HTTP/1.0" 200 126 "-" "Apache/2.4.18 (Ubuntu) OpenSSL/1.0.2g (internal dummy connection)"
43.241.144.136 - - [02/Jun/2019:12:00:19 +0000] "GET /pages/about-us HTTP/1.1" 200 4849 "http://13.126.138.58/" "Mozilla/5.0 (Windows NT 10.0; Win64; x64) AppleWebKit/537.36 (KHTML, like Gecko) Chrome/74.0.3729.169 Safari/537.36"
43.241.144.136 - - [02/Jun/2019:12:00:20 +0000] "GET /js/jquerysession.js HTTP/1.1" 404 1529 "http://13.126.138.58/pages/about-us" "Mozilla/5.0 (Windows NT 10.0; Win64; x64) AppleWebKit/537.36 (KHTML, like Gecko) Chrome/74.0.3729.169 Safari/537.36"
43.241.144.136 - - [02/Jun/2019:12:00:21 +0000] "GET / HTTP/1.1" 200 4393 "http://13.126.138.58/pages/about-us" "Mozilla/5.0 (Windows NT 10.0; Win64; x64) AppleWebKit/537.36 (KHTML, like Gecko) Chrome/74.0.3729.169 Safari/537.36"
43.241.144.136 - - [02/Jun/2019:12:00:21 +0000] "GET /js/jquerysession.js HTTP/1.1" 404 1529 "http://13.126.138.58/" "Mozilla/5.0 (Windows NT 10.0; Win64; x64) AppleWebKit/537.36 (KHTML, like Gecko) Chrome/74.0.3729.169 Safari/537.36"
43.241.144.136 - - [02/Jun/2019:12:00:21 +0000] "GET /js/jquerysession.js HTTP/1.1" 404 1529 "http://13.126.138.58/" "Mozilla/5.0 (Windows NT 10.0; Win64; x64) AppleWebKit/537.36 (KHTML, like Gecko) Chrome/74.0.3729.169 Safari/537.36"
43.241.144.136 - - [02/Jun/2019:12:00:22 +0000] "GET / HTTP/1.1" 200 4393 "http://13.126.138.58/" "Mozilla/5.0 (Windows NT 10.0; Win64; x64) AppleWebKit/537.36 (KHTML, like Gecko) Chrome/74.0.3729.169 Safari/537.36"
43.241.144.136 - - [02/Jun/2019:12:00:23 +0000] "GET /js/jquerysession.js HTTP/1.1" 404 1529 "http://13.126.138.58/" "Mozilla/5.0 (Windows NT 10.0; Win64; x64) AppleWebKit/537.36 (KHTML, like Gecko) Chrome/74.0.3729.169 Safari/537.36"
43.241.144.136 - - [02/Jun/2019:12:00:23 +0000] "GET /js/jquerysession.js HTTP/1.1" 404 1529 "http://13.126.138.58/" "Mozilla/5.0 (Windows NT 10.0; Win64; x64) AppleWebKit/537.36 (KHTML, like Gecko) Chrome/74.0.3729.169 Safari/537.36"
43.241.144.40 - - [02/Jun/2019:12:00:32 +0000] "GET / HTTP/1.1" 200 4392 "http://13.126.138.58/pages/production" "Mozilla/5.0 (X11; Linux x86_64) AppleWebKit/537.36 (KHTML, like Gecko) Chrome/70.0.3538.110 Safari/537.36"
43.241.144.40 - - [02/Jun/2019:12:00:32 +0000] "GET /css/project/images/home-slider.jpg HTTP/1.1" 304 153 "http://13.126.138.58/" "Mozilla/5.0 (X11; Linux x86_64) AppleWebKit/537.36 (KHTML, like Gecko) Chrome/70.0.3538.110 Safari/537.36"
43.241.144.40 - - [02/Jun/2019:12:00:32 +0000] "GET /css/project/images/about-pic.jpg HTTP/1.1" 304 154 "http://13.126.138.58/" "Mozilla/5.0 (X11; Linux x86_64) AppleWebKit/537.36 (KHTML, like Gecko) Chrome/70.0.3538.110 Safari/537.36"
43.241.144.40 - - [02/Jun/2019:12:00:32 +0000] "GET /css/project/images/app-icon-1.jpg HTTP/1.1" 304 153 "http://13.126.138.58/" "Mozilla/5.0 (X11; Linux x86_64) AppleWebKit/537.36 (KHTML, like Gecko) Chrome/70.0.3538.110 Safari/537.36"
43.241.144.40 - - [02/Jun/2019:12:00:32 +0000] "GET /js/jquerysession.js HTTP/1.1" 404 1529 "http://13.126.138.58/" "Mozilla/5.0 (X11; Linux x86_64) AppleWebKit/537.36 (KHTML, like Gecko) Chrome/70.0.3538.110 Safari/537.36"
43.241.144.40 - - [02/Jun/2019:12:00:32 +0000] "GET /css/project/images/app-icon-4.jpg HTTP/1.1" 304 153 "http://13.126.138.58/" "Mozilla/5.0 (X11; Linux x86_64) AppleWebKit/537.36 (KHTML, like Gecko) Chrome/70.0.3538.110 Safari/537.36"
43.241.144.40 - - [02/Jun/2019:12:00:32 +0000] "GET /css/project/images/app-icon-3.jpg HTTP/1.1" 304 154 "http://13.126.138.58/" "Mozilla/5.0 (X11; Linux x86_64) AppleWebKit/537.36 (KHTML, like Gecko) Chrome/70.0.3538.110 Safari/537.36"
43.241.144.40 - - [02/Jun/2019:12:00:32 +0000] "GET /css/project/images/app-icon-2.jpg HTTP/1.1" 304 154 "http://13.126.138.58/" "Mozilla/5.0 (X11; Linux x86_64) AppleWebKit/537.36 (KHTML, like Gecko) Chrome/70.0.3538.110 Safari/537.36"
43.241.144.40 - - [02/Jun/2019:12:00:32 +0000] "GET /css/project/images/app-icon-5.jpg HTTP/1.1" 304 154 "http://13.126.138.58/" "Mozilla/5.0 (X11; Linux x86_64) AppleWebKit/537.36 (KHTML, like Gecko) Chrome/70.0.3538.110 Safari/537.36"
43.241.144.40 - - [02/Jun/2019:12:00:32 +0000] "GET /css/project/images/app-icon-6.jpg HTTP/1.1" 304 154 "http://13.126.138.58/" "Mozilla/5.0 (X11; Linux x86_64) AppleWebKit/537.36 (KHTML, like Gecko) Chrome/70.0.3538.110 Safari/537.36"
43.241.144.40 - - [02/Jun/2019:12:00:32 +0000] "GET /css/project/images/app-icon-7.jpg HTTP/1.1" 304 153 "http://13.126.138.58/" "Mozilla/5.0 (X11; Linux x86_64) AppleWebKit/537.36 (KHTML, like Gecko) Chrome/70.0.3538.110 Safari/537.36"
43.241.144.40 - - [02/Jun/2019:12:00:32 +0000] "GET /css/project/images/app-icon-9.jpg HTTP/1.1" 304 153 "http://13.126.138.58/" "Mozilla/5.0 (X11; Linux x86_64) AppleWebKit/537.36 (KHTML, like Gecko) Chrome/70.0.3538.110 Safari/537.36"
43.241.144.40 - - [02/Jun/2019:12:00:32 +0000] "GET /css/project/images/app-icon-8.jpg HTTP/1.1" 304 153 "http://13.126.138.58/" "Mozilla/5.0 (X11; Linux x86_64) AppleWebKit/537.36 (KHTML, like Gecko) Chrome/70.0.3538.110 Safari/537.36"
43.241.144.40 - - [02/Jun/2019:12:00:32 +0000] "GET /css/project/images/mission-statement-icon.png HTTP/1.1" 304 153 "http://13.126.138.58/" "Mozilla/5.0 (X11; Linux x86_64) AppleWebKit/537.36 (KHTML, like Gecko) Chrome/70.0.3538.110 Safari/537.36"
43.241.144.40 - - [02/Jun/2019:12:00:32 +0000] "GET /css/project/images/values-icon.png HTTP/1.1" 304 153 "http://13.126.138.58/" "Mozilla/5.0 (X11; Linux x86_64) AppleWebKit/537.36 (KHTML, like Gecko) Chrome/70.0.3538.110 Safari/537.36"
43.241.144.40 - - [02/Jun/2019:12:00:32 +0000] "GET /css/project/images/vision-icon.png HTTP/1.1" 304 153 "http://13.126.138.58/" "Mozilla/5.0 (X11; Linux x86_64) AppleWebKit/537.36 (KHTML, like Gecko) Chrome/70.0.3538.110 Safari/537.36"
43.241.144.40 - - [02/Jun/2019:12:00:32 +0000] "GET /css/project/images/client-1.jpg HTTP/1.1" 304 153 "http://13.126.138.58/" "Mozilla/5.0 (X11; Linux x86_64) AppleWebKit/537.36 (KHTML, like Gecko) Chrome/70.0.3538.110 Safari/537.36"
43.241.144.40 - - [02/Jun/2019:12:00:32 +0000] "GET /css/project/images/coming-soon-bg.jpg HTTP/1.1" 304 153 "http://13.126.138.58/css/project/css/style.css" "Mozilla/5.0 (X11; Linux x86_64) AppleWebKit/537.36 (KHTML, like Gecko) Chrome/70.0.3538.110 Safari/537.36"
43.241.144.40 - - [02/Jun/2019:12:00:32 +0000] "GET /css/project/images/blog-section-bg.jpg HTTP/1.1" 304 153 "http://13.126.138.58/css/project/css/style.css" "Mozilla/5.0 (X11; Linux x86_64) AppleWebKit/537.36 (KHTML, like Gecko) Chrome/70.0.3538.110 Safari/537.36"
43.241.144.40 - - [02/Jun/2019:12:00:43 +0000] "GET /admin/notification/getlist HTTP/1.1" 200 636 "http://13.126.138.58/admin/pages/11/edit" "Mozilla/5.0 (X11; Linux x86_64) AppleWebKit/537.36 (KHTML, like Gecko) Chrome/70.0.3538.110 Safari/537.36"
43.241.144.40 - - [02/Jun/2019:12:00:49 +0000] "GET /pages/about-us HTTP/1.1" 200 4849 "http://13.126.138.58/" "Mozilla/5.0 (X11; Linux x86_64) AppleWebKit/537.36 (KHTML, like Gecko) Chrome/70.0.3538.110 Safari/537.36"
43.241.144.40 - - [02/Jun/2019:12:00:49 +0000] "GET /js/jquerysession.js HTTP/1.1" 404 1529 "http://13.126.138.58/pages/about-us" "Mozilla/5.0 (X11; Linux x86_64) AppleWebKit/537.36 (KHTML, like Gecko) Chrome/70.0.3538.110 Safari/537.36"
43.241.144.136 - - [02/Jun/2019:12:00:53 +0000] "GET /admin/notification/getlist HTTP/1.1" 200 636 "http://13.126.138.58/admin/dashboard" "Mozilla/5.0 (Windows NT 10.0; Win64; x64) AppleWebKit/537.36 (KHTML, like Gecko) Chrome/74.0.3729.169 Safari/537.36"
43.241.144.40 - - [02/Jun/2019:12:00:54 +0000] "GET /contact-us HTTP/1.1" 200 3238 "http://13.126.138.58/pages/about-us" "Mozilla/5.0 (X11; Linux x86_64) AppleWebKit/537.36 (KHTML, like Gecko) Chrome/70.0.3538.110 Safari/537.36"
43.241.144.40 - - [02/Jun/2019:12:00:54 +0000] "GET /js/jquerysession.js HTTP/1.1" 404 1529 "http://13.126.138.58/contact-us" "Mozilla/5.0 (X11; Linux x86_64) AppleWebKit/537.36 (KHTML, like Gecko) Chrome/70.0.3538.110 Safari/537.36"
43.241.144.40 - - [02/Jun/2019:12:00:56 +0000] "GET /stone-collection HTTP/1.1" 200 3101 "http://13.126.138.58/contact-us" "Mozilla/5.0 (X11; Linux x86_64) AppleWebKit/537.36 (KHTML, like Gecko) Chrome/70.0.3538.110 Safari/537.36"
43.241.144.40 - - [02/Jun/2019:12:00:56 +0000] "GET /js/jquerysession.js HTTP/1.1" 404 1529 "http://13.126.138.58/stone-collection" "Mozilla/5.0 (X11; Linux x86_64) AppleWebKit/537.36 (KHTML, like Gecko) Chrome/70.0.3538.110 Safari/537.36"
43.241.144.136 - - [02/Jun/2019:12:01:08 +0000] "GET /stone-collection HTTP/1.1" 200 3098 "http://13.126.138.58/" "Mozilla/5.0 (Windows NT 10.0; Win64; x64) AppleWebKit/537.36 (KHTML, like Gecko) Chrome/74.0.3729.169 Safari/537.36"
43.241.144.136 - - [02/Jun/2019:12:01:08 +0000] "GET /css/project/css/bootstrap.css HTTP/1.1" 304 154 "http://13.126.138.58/stone-collection" "Mozilla/5.0 (Windows NT 10.0; Win64; x64) AppleWebKit/537.36 (KHTML, like Gecko) Chrome/74.0.3729.169 Safari/537.36"
43.241.144.136 - - [02/Jun/2019:12:01:08 +0000] "GET /css/project/css/responsive.css HTTP/1.1" 304 154 "http://13.126.138.58/stone-collection" "Mozilla/5.0 (Windows NT 10.0; Win64; x64) AppleWebKit/537.36 (KHTML, like Gecko) Chrome/74.0.3729.169 Safari/537.36"
43.241.144.136 - - [02/Jun/2019:12:01:08 +0000] "GET /css/project/css/style.css HTTP/1.1" 304 153 "http://13.126.138.58/stone-collection" "Mozilla/5.0 (Windows NT 10.0; Win64; x64) AppleWebKit/537.36 (KHTML, like Gecko) Chrome/74.0.3729.169 Safari/537.36"
43.241.144.136 - - [02/Jun/2019:12:01:08 +0000] "GET /css/project/css/all.css HTTP/1.1" 304 153 "http://13.126.138.58/stone-collection" "Mozilla/5.0 (Windows NT 10.0; Win64; x64) AppleWebKit/537.36 (KHTML, like Gecko) Chrome/74.0.3729.169 Safari/537.36"
43.241.144.136 - - [02/Jun/2019:12:01:08 +0000] "GET /js/jquerysession.js HTTP/1.1" 404 1529 "http://13.126.138.58/stone-collection" "Mozilla/5.0 (Windows NT 10.0; Win64; x64) AppleWebKit/537.36 (KHTML, like Gecko) Chrome/74.0.3729.169 Safari/537.36"
43.241.144.40 - - [02/Jun/2019:12:01:43 +0000] "GET /admin/notification/getlist HTTP/1.1" 200 636 "http://13.126.138.58/admin/pages/11/edit" "Mozilla/5.0 (X11; Linux x86_64) AppleWebKit/537.36 (KHTML, like Gecko) Chrome/70.0.3538.110 Safari/537.36"
43.241.144.136 - - [02/Jun/2019:12:01:55 +0000] "GET /admin/notification/getlist HTTP/1.1" 200 636 "http://13.126.138.58/admin/dashboard" "Mozilla/5.0 (Windows NT 10.0; Win64; x64) AppleWebKit/537.36 (KHTML, like Gecko) Chrome/74.0.3729.169 Safari/537.36"
43.241.144.40 - - [02/Jun/2019:12:02:00 +0000] "GET / HTTP/1.1" 200 4398 "http://13.126.138.58/stone-collection" "Mozilla/5.0 (X11; Linux x86_64) AppleWebKit/537.36 (KHTML, like Gecko) Chrome/70.0.3538.110 Safari/537.36"
43.241.144.40 - - [02/Jun/2019:12:02:00 +0000] "GET /css/project/css/bootstrap.css HTTP/1.1" 304 153 "http://13.126.138.58/" "Mozilla/5.0 (X11; Linux x86_64) AppleWebKit/537.36 (KHTML, like Gecko) Chrome/70.0.3538.110 Safari/537.36"
43.241.144.40 - - [02/Jun/2019:12:02:00 +0000] "GET /css/project/css/all.css HTTP/1.1" 304 154 "http://13.126.138.58/" "Mozilla/5.0 (X11; Linux x86_64) AppleWebKit/537.36 (KHTML, like Gecko) Chrome/70.0.3538.110 Safari/537.36"
43.241.144.40 - - [02/Jun/2019:12:02:00 +0000] "GET /css/project/css/responsive.css HTTP/1.1" 304 154 "http://13.126.138.58/" "Mozilla/5.0 (X11; Linux x86_64) AppleWebKit/537.36 (KHTML, like Gecko) Chrome/70.0.3538.110 Safari/537.36"
43.241.144.40 - - [02/Jun/2019:12:02:00 +0000] "GET /css/project/css/style.css HTTP/1.1" 304 154 "http://13.126.138.58/" "Mozilla/5.0 (X11; Linux x86_64) AppleWebKit/537.36 (KHTML, like Gecko) Chrome/70.0.3538.110 Safari/537.36"
43.241.144.40 - - [02/Jun/2019:12:02:00 +0000] "GET /css/project/images/logo.png HTTP/1.1" 304 154 "http://13.126.138.58/" "Mozilla/5.0 (X11; Linux x86_64) AppleWebKit/537.36 (KHTML, like Gecko) Chrome/70.0.3538.110 Safari/537.36"
43.241.144.40 - - [02/Jun/2019:12:02:00 +0000] "GET /js/jquerysession.js HTTP/1.1" 404 1529 "http://13.126.138.58/" "Mozilla/5.0 (X11; Linux x86_64) AppleWebKit/537.36 (KHTML, like Gecko) Chrome/70.0.3538.110 Safari/537.36"
43.241.144.40 - - [02/Jun/2019:12:02:00 +0000] "GET /css/project/webfonts/fa-solid-900.woff2 HTTP/1.1" 304 153 "http://13.126.138.58/css/project/css/all.css" "Mozilla/5.0 (X11; Linux x86_64) AppleWebKit/537.36 (KHTML, like Gecko) Chrome/70.0.3538.110 Safari/537.36"
43.241.144.40 - - [02/Jun/2019:12:02:00 +0000] "GET /css/project/webfonts/chandelier-bold-webfont.woff2 HTTP/1.1" 304 153 "http://13.126.138.58/css/project/css/style.css" "Mozilla/5.0 (X11; Linux x86_64) AppleWebKit/537.36 (KHTML, like Gecko) Chrome/70.0.3538.110 Safari/537.36"
43.241.144.40 - - [02/Jun/2019:12:02:00 +0000] "GET /js/jquerysession.js HTTP/1.1" 404 1529 "http://13.126.138.58/" "Mozilla/5.0 (X11; Linux x86_64) AppleWebKit/537.36 (KHTML, like Gecko) Chrome/70.0.3538.110 Safari/537.36"
43.241.144.40 - - [02/Jun/2019:12:02:03 +0000] "GET /contact-us HTTP/1.1" 200 3229 "http://13.126.138.58/" "Mozilla/5.0 (X11; Linux x86_64) AppleWebKit/537.36 (KHTML, like Gecko) Chrome/70.0.3538.110 Safari/537.36"
43.241.144.40 - - [02/Jun/2019:12:02:03 +0000] "GET /css/project/images/location1.png HTTP/1.1" 304 153 "http://13.126.138.58/contact-us" "Mozilla/5.0 (X11; Linux x86_64) AppleWebKit/537.36 (KHTML, like Gecko) Chrome/70.0.3538.110 Safari/537.36"
43.241.144.40 - - [02/Jun/2019:12:02:03 +0000] "GET /css/project/images/location.png HTTP/1.1" 304 153 "http://13.126.138.58/contact-us" "Mozilla/5.0 (X11; Linux x86_64) AppleWebKit/537.36 (KHTML, like Gecko) Chrome/70.0.3538.110 Safari/537.36"
43.241.144.40 - - [02/Jun/2019:12:02:03 +0000] "GET /js/jquerysession.js HTTP/1.1" 404 1529 "http://13.126.138.58/contact-us" "Mozilla/5.0 (X11; Linux x86_64) AppleWebKit/537.36 (KHTML, like Gecko) Chrome/70.0.3538.110 Safari/537.36"
43.241.144.40 - - [02/Jun/2019:12:02:03 +0000] "GET /css/project/webfonts/fa-brands-400.woff2 HTTP/1.1" 304 153 "http://13.126.138.58/css/project/css/all.css" "Mozilla/5.0 (X11; Linux x86_64) AppleWebKit/537.36 (KHTML, like Gecko) Chrome/70.0.3538.110 Safari/537.36"
43.241.144.40 - - [02/Jun/2019:12:02:03 +0000] "GET /js/jquerysession.js HTTP/1.1" 404 1529 "http://13.126.138.58/contact-us" "Mozilla/5.0 (X11; Linux x86_64) AppleWebKit/537.36 (KHTML, like Gecko) Chrome/70.0.3538.110 Safari/537.36"
43.241.144.40 - - [02/Jun/2019:12:02:43 +0000] "GET /admin/notification/getlist HTTP/1.1" 200 636 "http://13.126.138.58/admin/pages/11/edit" "Mozilla/5.0 (X11; Linux x86_64) AppleWebKit/537.36 (KHTML, like Gecko) Chrome/70.0.3538.110 Safari/537.36"
43.241.144.136 - - [02/Jun/2019:12:02:53 +0000] "GET /admin/notification/getlist HTTP/1.1" 200 636 "http://13.126.138.58/admin/dashboard" "Mozilla/5.0 (Windows NT 10.0; Win64; x64) AppleWebKit/537.36 (KHTML, like Gecko) Chrome/74.0.3729.169 Safari/537.36"
43.241.144.40 - - [02/Jun/2019:12:03:10 +0000] "GET /stone-collection HTTP/1.1" 200 3093 "http://13.126.138.58/contact-us" "Mozilla/5.0 (X11; Linux x86_64) AppleWebKit/537.36 (KHTML, like Gecko) Chrome/70.0.3538.110 Safari/537.36"
43.241.144.40 - - [02/Jun/2019:12:03:10 +0000] "GET /js/jquerysession.js HTTP/1.1" 404 1529 "http://13.126.138.58/stone-collection" "Mozilla/5.0 (X11; Linux x86_64) AppleWebKit/537.36 (KHTML, like Gecko) Chrome/70.0.3538.110 Safari/537.36"
43.241.144.40 - - [02/Jun/2019:12:03:10 +0000] "GET /js/jquerysession.js HTTP/1.1" 404 1529 "http://13.126.138.58/stone-collection" "Mozilla/5.0 (X11; Linux x86_64) AppleWebKit/537.36 (KHTML, like Gecko) Chrome/70.0.3538.110 Safari/537.36"
43.241.144.40 - - [02/Jun/2019:12:03:12 +0000] "GET /pages/about-us HTTP/1.1" 200 4855 "http://13.126.138.58/stone-collection" "Mozilla/5.0 (X11; Linux x86_64) AppleWebKit/537.36 (KHTML, like Gecko) Chrome/70.0.3538.110 Safari/537.36"
43.241.144.40 - - [02/Jun/2019:12:03:12 +0000] "GET /js/jquerysession.js HTTP/1.1" 404 1529 "http://13.126.138.58/pages/about-us" "Mozilla/5.0 (X11; Linux x86_64) AppleWebKit/537.36 (KHTML, like Gecko) Chrome/70.0.3538.110 Safari/537.36"
43.241.144.40 - - [02/Jun/2019:12:03:14 +0000] "GET /contact-us HTTP/1.1" 200 3238 "http://13.126.138.58/pages/about-us" "Mozilla/5.0 (X11; Linux x86_64) AppleWebKit/537.36 (KHTML, like Gecko) Chrome/70.0.3538.110 Safari/537.36"
43.241.144.40 - - [02/Jun/2019:12:03:14 +0000] "GET /js/jquerysession.js HTTP/1.1" 404 1529 "http://13.126.138.58/contact-us" "Mozilla/5.0 (X11; Linux x86_64) AppleWebKit/537.36 (KHTML, like Gecko) Chrome/70.0.3538.110 Safari/537.36"
43.241.144.40 - - [02/Jun/2019:12:03:16 +0000] "GET /pages/stone-talk HTTP/1.1" 200 2336 "http://13.126.138.58/contact-us" "Mozilla/5.0 (X11; Linux x86_64) AppleWebKit/537.36 (KHTML, like Gecko) Chrome/70.0.3538.110 Safari/537.36"
43.241.144.40 - - [02/Jun/2019:12:03:16 +0000] "GET /js/jquerysession.js HTTP/1.1" 404 1529 "http://13.126.138.58/pages/stone-talk" "Mozilla/5.0 (X11; Linux x86_64) AppleWebKit/537.36 (KHTML, like Gecko) Chrome/70.0.3538.110 Safari/537.36"
43.241.144.40 - - [02/Jun/2019:12:03:16 +0000] "GET /js/jquerysession.js HTTP/1.1" 404 1529 "http://13.126.138.58/pages/stone-talk" "Mozilla/5.0 (X11; Linux x86_64) AppleWebKit/537.36 (KHTML, like Gecko) Chrome/70.0.3538.110 Safari/537.36"
43.241.144.40 - - [02/Jun/2019:12:03:17 +0000] "GET /pages/production HTTP/1.1" 200 2336 "http://13.126.138.58/pages/stone-talk" "Mozilla/5.0 (X11; Linux x86_64) AppleWebKit/537.36 (KHTML, like Gecko) Chrome/70.0.3538.110 Safari/537.36"
43.241.144.40 - - [02/Jun/2019:12:03:17 +0000] "GET /js/jquerysession.js HTTP/1.1" 404 1529 "http://13.126.138.58/pages/production" "Mozilla/5.0 (X11; Linux x86_64) AppleWebKit/537.36 (KHTML, like Gecko) Chrome/70.0.3538.110 Safari/537.36"
43.241.144.40 - - [02/Jun/2019:12:03:18 +0000] "GET /js/jquerysession.js HTTP/1.1" 404 1529 "http://13.126.138.58/pages/production" "Mozilla/5.0 (X11; Linux x86_64) AppleWebKit/537.36 (KHTML, like Gecko) Chrome/70.0.3538.110 Safari/537.36"
43.241.144.40 - - [02/Jun/2019:12:03:19 +0000] "GET /stone-collection HTTP/1.1" 200 3097 "http://13.126.138.58/pages/production" "Mozilla/5.0 (X11; Linux x86_64) AppleWebKit/537.36 (KHTML, like Gecko) Chrome/70.0.3538.110 Safari/537.36"
43.241.144.40 - - [02/Jun/2019:12:03:19 +0000] "GET /js/jquerysession.js HTTP/1.1" 404 1529 "http://13.126.138.58/stone-collection" "Mozilla/5.0 (X11; Linux x86_64) AppleWebKit/537.36 (KHTML, like Gecko) Chrome/70.0.3538.110 Safari/537.36"
43.241.144.40 - - [02/Jun/2019:12:03:21 +0000] "GET /pages/about-us HTTP/1.1" 200 4847 "http://13.126.138.58/stone-collection" "Mozilla/5.0 (X11; Linux x86_64) AppleWebKit/537.36 (KHTML, like Gecko) Chrome/70.0.3538.110 Safari/537.36"
43.241.144.40 - - [02/Jun/2019:12:03:21 +0000] "GET /js/jquerysession.js HTTP/1.1" 404 1529 "http://13.126.138.58/pages/about-us" "Mozilla/5.0 (X11; Linux x86_64) AppleWebKit/537.36 (KHTML, like Gecko) Chrome/70.0.3538.110 Safari/537.36"
43.241.144.40 - - [02/Jun/2019:12:03:22 +0000] "GET /stone-collection HTTP/1.1" 200 3105 "http://13.126.138.58/pages/about-us" "Mozilla/5.0 (X11; Linux x86_64) AppleWebKit/537.36 (KHTML, like Gecko) Chrome/70.0.3538.110 Safari/537.36"
43.241.144.40 - - [02/Jun/2019:12:03:22 +0000] "GET /js/jquerysession.js HTTP/1.1" 404 1529 "http://13.126.138.58/stone-collection" "Mozilla/5.0 (X11; Linux x86_64) AppleWebKit/537.36 (KHTML, like Gecko) Chrome/70.0.3538.110 Safari/537.36"
43.241.144.40 - - [02/Jun/2019:12:03:24 +0000] "GET /pages/production HTTP/1.1" 200 2342 "http://13.126.138.58/stone-collection" "Mozilla/5.0 (X11; Linux x86_64) AppleWebKit/537.36 (KHTML, like Gecko) Chrome/70.0.3538.110 Safari/537.36"
43.241.144.40 - - [02/Jun/2019:12:03:24 +0000] "GET /js/jquerysession.js HTTP/1.1" 404 1529 "http://13.126.138.58/pages/production" "Mozilla/5.0 (X11; Linux x86_64) AppleWebKit/537.36 (KHTML, like Gecko) Chrome/70.0.3538.110 Safari/537.36"
43.241.144.40 - - [02/Jun/2019:12:03:24 +0000] "GET /js/jquerysession.js HTTP/1.1" 404 1529 "http://13.126.138.58/pages/production" "Mozilla/5.0 (X11; Linux x86_64) AppleWebKit/537.36 (KHTML, like Gecko) Chrome/70.0.3538.110 Safari/537.36"
43.241.144.40 - - [02/Jun/2019:12:03:25 +0000] "GET /pages/stone-talk HTTP/1.1" 200 2336 "http://13.126.138.58/pages/production" "Mozilla/5.0 (X11; Linux x86_64) AppleWebKit/537.36 (KHTML, like Gecko) Chrome/70.0.3538.110 Safari/537.36"
43.241.144.40 - - [02/Jun/2019:12:03:25 +0000] "GET /js/jquerysession.js HTTP/1.1" 404 1529 "http://13.126.138.58/pages/stone-talk" "Mozilla/5.0 (X11; Linux x86_64) AppleWebKit/537.36 (KHTML, like Gecko) Chrome/70.0.3538.110 Safari/537.36"
