43.241.144.136 - - [02/Jun/2019:11:41:28 +0000] "POST /login HTTP/1.1" 302 1375 "http://13.126.138.58/login" "Mozilla/5.0 (Windows NT 10.0; Win64; x64) AppleWebKit/537.36 (KHTML, like Gecko) Chrome/74.0.3729.169 Safari/537.36"
43.241.144.136 - - [02/Jun/2019:11:41:28 +0000] "GET /login HTTP/1.1" 200 2460 "http://13.126.138.58/login" "Mozilla/5.0 (Windows NT 10.0; Win64; x64) AppleWebKit/537.36 (KHTML, like Gecko) Chrome/74.0.3729.169 Safari/537.36"
43.241.144.136 - - [02/Jun/2019:11:41:29 +0000] "GET /js/jquerysession.js HTTP/1.1" 404 1529 "http://13.126.138.58/login" "Mozilla/5.0 (Windows NT 10.0; Win64; x64) AppleWebKit/537.36 (KHTML, like Gecko) Chrome/74.0.3729.169 Safari/537.36"
43.241.144.136 - - [02/Jun/2019:11:41:29 +0000] "GET /js/jquerysession.js HTTP/1.1" 404 1529 "http://13.126.138.58/login" "Mozilla/5.0 (Windows NT 10.0; Win64; x64) AppleWebKit/537.36 (KHTML, like Gecko) Chrome/74.0.3729.169 Safari/537.36"
43.241.144.136 - - [02/Jun/2019:11:41:48 +0000] "GET /pages/about-us HTTP/1.1" 200 4854 "http://13.126.138.58/" "Mozilla/5.0 (Windows NT 10.0; Win64; x64) AppleWebKit/537.36 (KHTML, like Gecko) Chrome/74.0.3729.169 Safari/537.36"
43.241.144.136 - - [02/Jun/2019:11:41:48 +0000] "GET /css/project/images/about-block-img2.jpg HTTP/1.1" 200 21390 "http://13.126.138.58/pages/about-us" "Mozilla/5.0 (Windows NT 10.0; Win64; x64) AppleWebKit/537.36 (KHTML, like Gecko) Chrome/74.0.3729.169 Safari/537.36"
43.241.144.136 - - [02/Jun/2019:11:41:48 +0000] "GET /css/project/images/about-block-img1.jpg HTTP/1.1" 200 67774 "http://13.126.138.58/pages/about-us" "Mozilla/5.0 (Windows NT 10.0; Win64; x64) AppleWebKit/537.36 (KHTML, like Gecko) Chrome/74.0.3729.169 Safari/537.36"
43.241.144.136 - - [02/Jun/2019:11:41:48 +0000] "GET /js/jquerysession.js HTTP/1.1" 404 1529 "http://13.126.138.58/pages/about-us" "Mozilla/5.0 (Windows NT 10.0; Win64; x64) AppleWebKit/537.36 (KHTML, like Gecko) Chrome/74.0.3729.169 Safari/537.36"
43.241.144.136 - - [02/Jun/2019:11:41:48 +0000] "GET /css/project/images/about-block-img3.jpg HTTP/1.1" 200 38986 "http://13.126.138.58/pages/about-us" "Mozilla/5.0 (Windows NT 10.0; Win64; x64) AppleWebKit/537.36 (KHTML, like Gecko) Chrome/74.0.3729.169 Safari/537.36"
43.241.144.136 - - [02/Jun/2019:11:41:48 +0000] "GET /css/project/images/about-block-img4.jpg HTTP/1.1" 200 31848 "http://13.126.138.58/pages/about-us" "Mozilla/5.0 (Windows NT 10.0; Win64; x64) AppleWebKit/537.36 (KHTML, like Gecko) Chrome/74.0.3729.169 Safari/537.36"
43.241.144.136 - - [02/Jun/2019:11:41:48 +0000] "GET /css/project/images/about-block-img6.jpg HTTP/1.1" 200 49935 "http://13.126.138.58/pages/about-us" "Mozilla/5.0 (Windows NT 10.0; Win64; x64) AppleWebKit/537.36 (KHTML, like Gecko) Chrome/74.0.3729.169 Safari/537.36"
43.241.144.136 - - [02/Jun/2019:11:41:48 +0000] "GET /css/project/images/about-block-img5.jpg HTTP/1.1" 200 45968 "http://13.126.138.58/pages/about-us" "Mozilla/5.0 (Windows NT 10.0; Win64; x64) AppleWebKit/537.36 (KHTML, like Gecko) Chrome/74.0.3729.169 Safari/537.36"
43.241.144.136 - - [02/Jun/2019:11:41:49 +0000] "GET /css/project/webfonts/fa-brands-400.woff2 HTTP/1.1" 200 74993 "http://13.126.138.58/css/project/css/all.css" "Mozilla/5.0 (Windows NT 10.0; Win64; x64) AppleWebKit/537.36 (KHTML, like Gecko) Chrome/74.0.3729.169 Safari/537.36"
43.241.144.136 - - [02/Jun/2019:11:41:58 +0000] "GET /stone-collection HTTP/1.1" 200 3095 "http://13.126.138.58/pages/about-us" "Mozilla/5.0 (Windows NT 10.0; Win64; x64) AppleWebKit/537.36 (KHTML, like Gecko) Chrome/74.0.3729.169 Safari/537.36"
43.241.144.136 - - [02/Jun/2019:11:41:58 +0000] "GET /css/project/images/collection-slider-1.jpg HTTP/1.1" 200 117244 "http://13.126.138.58/stone-collection" "Mozilla/5.0 (Windows NT 10.0; Win64; x64) AppleWebKit/537.36 (KHTML, like Gecko) Chrome/74.0.3729.169 Safari/537.36"
43.241.144.136 - - [02/Jun/2019:11:41:58 +0000] "GET /css/project/images/product-front-view.png HTTP/1.1" 200 321315 "http://13.126.138.58/stone-collection" "Mozilla/5.0 (Windows NT 10.0; Win64; x64) AppleWebKit/537.36 (KHTML, like Gecko) Chrome/74.0.3729.169 Safari/537.36"
43.241.144.136 - - [02/Jun/2019:11:41:59 +0000] "GET /js/jquerysession.js HTTP/1.1" 404 1529 "http://13.126.138.58/stone-collection" "Mozilla/5.0 (Windows NT 10.0; Win64; x64) AppleWebKit/537.36 (KHTML, like Gecko) Chrome/74.0.3729.169 Safari/537.36"
43.241.144.136 - - [02/Jun/2019:11:41:59 +0000] "GET /css/project/images/collection-section-bg.png HTTP/1.1" 200 171953 "http://13.126.138.58/css/project/css/style.css" "Mozilla/5.0 (Windows NT 10.0; Win64; x64) AppleWebKit/537.36 (KHTML, like Gecko) Chrome/74.0.3729.169 Safari/537.36"
43.241.144.136 - - [02/Jun/2019:11:42:37 +0000] "GET /contact-us HTTP/1.1" 200 3232 "http://13.126.138.58/stone-collection" "Mozilla/5.0 (Windows NT 10.0; Win64; x64) AppleWebKit/537.36 (KHTML, like Gecko) Chrome/74.0.3729.169 Safari/537.36"
43.241.144.136 - - [02/Jun/2019:11:42:37 +0000] "GET /css/project/images/location1.png HTTP/1.1" 200 1735 "http://13.126.138.58/contact-us" "Mozilla/5.0 (Windows NT 10.0; Win64; x64) AppleWebKit/537.36 (KHTML, like Gecko) Chrome/74.0.3729.169 Safari/537.36"
43.241.144.136 - - [02/Jun/2019:11:42:37 +0000] "GET /css/project/images/location.png HTTP/1.1" 200 1715 "http://13.126.138.58/contact-us" "Mozilla/5.0 (Windows NT 10.0; Win64; x64) AppleWebKit/537.36 (KHTML, like Gecko) Chrome/74.0.3729.169 Safari/537.36"
43.241.144.136 - - [02/Jun/2019:11:42:38 +0000] "GET /js/jquerysession.js HTTP/1.1" 404 1529 "http://13.126.138.58/contact-us" "Mozilla/5.0 (Windows NT 10.0; Win64; x64) AppleWebKit/537.36 (KHTML, like Gecko) Chrome/74.0.3729.169 Safari/537.36"
43.241.144.40 - - [02/Jun/2019:11:45:16 +0000] "GET / HTTP/1.1" 200 4390 "http://13.126.138.58/admin/pages/7/edit" "Mozilla/5.0 (X11; Linux x86_64) AppleWebKit/537.36 (KHTML, like Gecko) Chrome/70.0.3538.110 Safari/537.36"
43.241.144.40 - - [02/Jun/2019:11:45:17 +0000] "GET /css/project/css/bootstrap.css HTTP/1.1" 304 153 "http://13.126.138.58/" "Mozilla/5.0 (X11; Linux x86_64) AppleWebKit/537.36 (KHTML, like Gecko) Chrome/70.0.3538.110 Safari/537.36"
43.241.144.40 - - [02/Jun/2019:11:45:17 +0000] "GET /css/project/css/all.css HTTP/1.1" 304 154 "http://13.126.138.58/" "Mozilla/5.0 (X11; Linux x86_64) AppleWebKit/537.36 (KHTML, like Gecko) Chrome/70.0.3538.110 Safari/537.36"
43.241.144.40 - - [02/Jun/2019:11:45:17 +0000] "GET /css/project/css/style.css HTTP/1.1" 304 154 "http://13.126.138.58/" "Mozilla/5.0 (X11; Linux x86_64) AppleWebKit/537.36 (KHTML, like Gecko) Chrome/70.0.3538.110 Safari/537.36"
43.241.144.40 - - [02/Jun/2019:11:45:17 +0000] "GET /css/project/css/responsive.css HTTP/1.1" 304 154 "http://13.126.138.58/" "Mozilla/5.0 (X11; Linux x86_64) AppleWebKit/537.36 (KHTML, like Gecko) Chrome/70.0.3538.110 Safari/537.36"
43.241.144.40 - - [02/Jun/2019:11:45:17 +0000] "GET /css/project/images/logo.png HTTP/1.1" 304 154 "http://13.126.138.58/" "Mozilla/5.0 (X11; Linux x86_64) AppleWebKit/537.36 (KHTML, like Gecko) Chrome/70.0.3538.110 Safari/537.36"
43.241.144.40 - - [02/Jun/2019:11:45:17 +0000] "GET /css/project/images/home-slider.jpg HTTP/1.1" 304 153 "http://13.126.138.58/" "Mozilla/5.0 (X11; Linux x86_64) AppleWebKit/537.36 (KHTML, like Gecko) Chrome/70.0.3538.110 Safari/537.36"
43.241.144.40 - - [02/Jun/2019:11:45:17 +0000] "GET /js/frontend.js?id=59b0488fa4fcb9a5133c HTTP/1.1" 304 154 "http://13.126.138.58/" "Mozilla/5.0 (X11; Linux x86_64) AppleWebKit/537.36 (KHTML, like Gecko) Chrome/70.0.3538.110 Safari/537.36"
43.241.144.40 - - [02/Jun/2019:11:45:17 +0000] "GET /css/project/images/about-pic.jpg HTTP/1.1" 304 153 "http://13.126.138.58/" "Mozilla/5.0 (X11; Linux x86_64) AppleWebKit/537.36 (KHTML, like Gecko) Chrome/70.0.3538.110 Safari/537.36"
43.241.144.40 - - [02/Jun/2019:11:45:17 +0000] "GET /css/project/images/app-icon-1.jpg HTTP/1.1" 304 153 "http://13.126.138.58/" "Mozilla/5.0 (X11; Linux x86_64) AppleWebKit/537.36 (KHTML, like Gecko) Chrome/70.0.3538.110 Safari/537.36"
43.241.144.40 - - [02/Jun/2019:11:45:17 +0000] "GET /css/project/images/app-icon-4.jpg HTTP/1.1" 304 153 "http://13.126.138.58/" "Mozilla/5.0 (X11; Linux x86_64) AppleWebKit/537.36 (KHTML, like Gecko) Chrome/70.0.3538.110 Safari/537.36"
43.241.144.40 - - [02/Jun/2019:11:45:17 +0000] "GET /css/project/images/app-icon-3.jpg HTTP/1.1" 304 153 "http://13.126.138.58/" "Mozilla/5.0 (X11; Linux x86_64) AppleWebKit/537.36 (KHTML, like Gecko) Chrome/70.0.3538.110 Safari/537.36"
43.241.144.40 - - [02/Jun/2019:11:45:17 +0000] "GET /css/project/images/app-icon-2.jpg HTTP/1.1" 304 153 "http://13.126.138.58/" "Mozilla/5.0 (X11; Linux x86_64) AppleWebKit/537.36 (KHTML, like Gecko) Chrome/70.0.3538.110 Safari/537.36"
43.241.144.40 - - [02/Jun/2019:11:45:17 +0000] "GET /js/jquerysession.js HTTP/1.1" 404 1529 "http://13.126.138.58/" "Mozilla/5.0 (X11; Linux x86_64) AppleWebKit/537.36 (KHTML, like Gecko) Chrome/70.0.3538.110 Safari/537.36"
43.241.144.40 - - [02/Jun/2019:11:45:17 +0000] "GET /css/project/images/app-icon-6.jpg HTTP/1.1" 304 153 "http://13.126.138.58/" "Mozilla/5.0 (X11; Linux x86_64) AppleWebKit/537.36 (KHTML, like Gecko) Chrome/70.0.3538.110 Safari/537.36"
43.241.144.40 - - [02/Jun/2019:11:45:17 +0000] "GET /css/project/images/app-icon-5.jpg HTTP/1.1" 304 153 "http://13.126.138.58/" "Mozilla/5.0 (X11; Linux x86_64) AppleWebKit/537.36 (KHTML, like Gecko) Chrome/70.0.3538.110 Safari/537.36"
43.241.144.40 - - [02/Jun/2019:11:45:17 +0000] "GET /css/project/images/app-icon-7.jpg HTTP/1.1" 304 153 "http://13.126.138.58/" "Mozilla/5.0 (X11; Linux x86_64) AppleWebKit/537.36 (KHTML, like Gecko) Chrome/70.0.3538.110 Safari/537.36"
43.241.144.40 - - [02/Jun/2019:11:45:17 +0000] "GET /css/project/images/app-icon-9.jpg HTTP/1.1" 304 153 "http://13.126.138.58/" "Mozilla/5.0 (X11; Linux x86_64) AppleWebKit/537.36 (KHTML, like Gecko) Chrome/70.0.3538.110 Safari/537.36"
43.241.144.40 - - [02/Jun/2019:11:45:17 +0000] "GET /css/project/images/app-icon-8.jpg HTTP/1.1" 304 153 "http://13.126.138.58/" "Mozilla/5.0 (X11; Linux x86_64) AppleWebKit/537.36 (KHTML, like Gecko) Chrome/70.0.3538.110 Safari/537.36"
43.241.144.40 - - [02/Jun/2019:11:45:17 +0000] "GET /css/project/images/mission-statement-icon.png HTTP/1.1" 304 153 "http://13.126.138.58/" "Mozilla/5.0 (X11; Linux x86_64) AppleWebKit/537.36 (KHTML, like Gecko) Chrome/70.0.3538.110 Safari/537.36"
43.241.144.40 - - [02/Jun/2019:11:45:17 +0000] "GET /css/project/images/values-icon.png HTTP/1.1" 304 153 "http://13.126.138.58/" "Mozilla/5.0 (X11; Linux x86_64) AppleWebKit/537.36 (KHTML, like Gecko) Chrome/70.0.3538.110 Safari/537.36"
43.241.144.40 - - [02/Jun/2019:11:45:17 +0000] "GET /css/project/images/vision-icon.png HTTP/1.1" 304 153 "http://13.126.138.58/" "Mozilla/5.0 (X11; Linux x86_64) AppleWebKit/537.36 (KHTML, like Gecko) Chrome/70.0.3538.110 Safari/537.36"
43.241.144.40 - - [02/Jun/2019:11:45:17 +0000] "GET /css/project/images/client-1.jpg HTTP/1.1" 304 153 "http://13.126.138.58/" "Mozilla/5.0 (X11; Linux x86_64) AppleWebKit/537.36 (KHTML, like Gecko) Chrome/70.0.3538.110 Safari/537.36"
43.241.144.40 - - [02/Jun/2019:11:45:17 +0000] "GET /css/project/images/coming-soon-bg.jpg HTTP/1.1" 304 153 "http://13.126.138.58/css/project/css/style.css" "Mozilla/5.0 (X11; Linux x86_64) AppleWebKit/537.36 (KHTML, like Gecko) Chrome/70.0.3538.110 Safari/537.36"
43.241.144.40 - - [02/Jun/2019:11:45:17 +0000] "GET /css/project/images/blog-section-bg.jpg HTTP/1.1" 304 153 "http://13.126.138.58/css/project/css/style.css" "Mozilla/5.0 (X11; Linux x86_64) AppleWebKit/537.36 (KHTML, like Gecko) Chrome/70.0.3538.110 Safari/537.36"
43.241.144.40 - - [02/Jun/2019:11:45:17 +0000] "GET /css/project/images/about-bg.png HTTP/1.1" 304 153 "http://13.126.138.58/css/project/css/style.css" "Mozilla/5.0 (X11; Linux x86_64) AppleWebKit/537.36 (KHTML, like Gecko) Chrome/70.0.3538.110 Safari/537.36"
43.241.144.40 - - [02/Jun/2019:11:45:17 +0000] "GET /css/project/webfonts/chandelier-bold-webfont.woff2 HTTP/1.1" 304 153 "http://13.126.138.58/css/project/css/style.css" "Mozilla/5.0 (X11; Linux x86_64) AppleWebKit/537.36 (KHTML, like Gecko) Chrome/70.0.3538.110 Safari/537.36"
43.241.144.40 - - [02/Jun/2019:11:45:17 +0000] "GET /css/project/webfonts/fa-solid-900.woff2 HTTP/1.1" 304 153 "http://13.126.138.58/css/project/css/all.css" "Mozilla/5.0 (X11; Linux x86_64) AppleWebKit/537.36 (KHTML, like Gecko) Chrome/70.0.3538.110 Safari/537.36"
43.241.144.40 - - [02/Jun/2019:11:45:18 +0000] "GET /favicon.ico HTTP/1.1" 200 291 "http://13.126.138.58/" "Mozilla/5.0 (X11; Linux x86_64) AppleWebKit/537.36 (KHTML, like Gecko) Chrome/70.0.3538.110 Safari/537.36"
43.241.144.40 - - [02/Jun/2019:11:45:28 +0000] "GET /login HTTP/1.1" 200 2416 "-" "Mozilla/5.0 (X11; Linux x86_64) AppleWebKit/537.36 (KHTML, like Gecko) Chrome/70.0.3538.110 Safari/537.36"
43.241.144.40 - - [02/Jun/2019:11:45:28 +0000] "GET /js/jquerysession.js HTTP/1.1" 404 1529 "http://13.126.138.58/login" "Mozilla/5.0 (X11; Linux x86_64) AppleWebKit/537.36 (KHTML, like Gecko) Chrome/70.0.3538.110 Safari/537.36"
43.241.144.40 - - [02/Jun/2019:11:45:28 +0000] "GET /css/frontend.css?id=02f7437126549eccca7e HTTP/1.1" 304 154 "http://13.126.138.58/login" "Mozilla/5.0 (X11; Linux x86_64) AppleWebKit/537.36 (KHTML, like Gecko) Chrome/70.0.3538.110 Safari/537.36"
43.241.144.40 - - [02/Jun/2019:11:45:28 +0000] "GET /js/select2/select2.css HTTP/1.1" 304 154 "http://13.126.138.58/login" "Mozilla/5.0 (X11; Linux x86_64) AppleWebKit/537.36 (KHTML, like Gecko) Chrome/70.0.3538.110 Safari/537.36"
43.241.144.40 - - [02/Jun/2019:11:45:28 +0000] "GET /js/jquerysession.js HTTP/1.1" 404 1529 "http://13.126.138.58/login" "Mozilla/5.0 (X11; Linux x86_64) AppleWebKit/537.36 (KHTML, like Gecko) Chrome/70.0.3538.110 Safari/537.36"
43.241.144.40 - - [02/Jun/2019:11:45:32 +0000] "GET /login HTTP/1.1" 200 2419 "http://13.126.138.58/login" "Mozilla/5.0 (X11; Linux x86_64) AppleWebKit/537.36 (KHTML, like Gecko) Chrome/70.0.3538.110 Safari/537.36"
43.241.144.40 - - [02/Jun/2019:11:45:32 +0000] "GET /js/jquerysession.js HTTP/1.1" 404 1529 "http://13.126.138.58/login" "Mozilla/5.0 (X11; Linux x86_64) AppleWebKit/537.36 (KHTML, like Gecko) Chrome/70.0.3538.110 Safari/537.36"
43.241.144.136 - - [02/Jun/2019:11:46:48 +0000] "POST /login HTTP/1.1" 302 1379 "http://13.126.138.58/login" "Mozilla/5.0 (Windows NT 10.0; Win64; x64) AppleWebKit/537.36 (KHTML, like Gecko) Chrome/74.0.3729.169 Safari/537.36"
43.241.144.136 - - [02/Jun/2019:11:46:48 +0000] "GET /login HTTP/1.1" 200 2464 "http://13.126.138.58/login" "Mozilla/5.0 (Windows NT 10.0; Win64; x64) AppleWebKit/537.36 (KHTML, like Gecko) Chrome/74.0.3729.169 Safari/537.36"
43.241.144.136 - - [02/Jun/2019:11:46:48 +0000] "GET /js/frontend.js?id=59b0488fa4fcb9a5133c HTTP/1.1" 304 154 "http://13.126.138.58/login" "Mozilla/5.0 (Windows NT 10.0; Win64; x64) AppleWebKit/537.36 (KHTML, like Gecko) Chrome/74.0.3729.169 Safari/537.36"
43.241.144.136 - - [02/Jun/2019:11:46:48 +0000] "GET /css/frontend.css?id=02f7437126549eccca7e HTTP/1.1" 304 153 "http://13.126.138.58/login" "Mozilla/5.0 (Windows NT 10.0; Win64; x64) AppleWebKit/537.36 (KHTML, like Gecko) Chrome/74.0.3729.169 Safari/537.36"
43.241.144.136 - - [02/Jun/2019:11:46:48 +0000] "GET /js/jquerysession.js HTTP/1.1" 404 1529 "http://13.126.138.58/login" "Mozilla/5.0 (Windows NT 10.0; Win64; x64) AppleWebKit/537.36 (KHTML, like Gecko) Chrome/74.0.3729.169 Safari/537.36"
43.241.144.136 - - [02/Jun/2019:11:46:49 +0000] "GET /js/jquerysession.js HTTP/1.1" 404 1529 "http://13.126.138.58/login" "Mozilla/5.0 (Windows NT 10.0; Win64; x64) AppleWebKit/537.36 (KHTML, like Gecko) Chrome/74.0.3729.169 Safari/537.36"
43.241.144.40 - - [02/Jun/2019:11:46:55 +0000] "GET /login HTTP/1.1" 200 2420 "http://13.126.138.58/login" "Mozilla/5.0 (X11; Linux x86_64) AppleWebKit/537.36 (KHTML, like Gecko) Chrome/70.0.3538.110 Safari/537.36"
43.241.144.40 - - [02/Jun/2019:11:46:55 +0000] "GET /js/jquerysession.js HTTP/1.1" 404 1529 "http://13.126.138.58/login" "Mozilla/5.0 (X11; Linux x86_64) AppleWebKit/537.36 (KHTML, like Gecko) Chrome/70.0.3538.110 Safari/537.36"
43.241.144.40 - - [02/Jun/2019:11:46:56 +0000] "GET /js/jquerysession.js HTTP/1.1" 404 1529 "http://13.126.138.58/login" "Mozilla/5.0 (X11; Linux x86_64) AppleWebKit/537.36 (KHTML, like Gecko) Chrome/70.0.3538.110 Safari/537.36"
43.241.144.40 - - [02/Jun/2019:11:46:56 +0000] "GET /favicon.ico HTTP/1.1" 200 292 "http://13.126.138.58/login" "Mozilla/5.0 (X11; Linux x86_64) AppleWebKit/537.36 (KHTML, like Gecko) Chrome/70.0.3538.110 Safari/537.36"
43.241.144.136 - - [02/Jun/2019:11:47:27 +0000] "POST /login HTTP/1.1" 302 1423 "http://13.126.138.58/login" "Mozilla/5.0 (Windows NT 10.0; Win64; x64) AppleWebKit/537.36 (KHTML, like Gecko) Chrome/74.0.3729.169 Safari/537.36"
43.241.144.136 - - [02/Jun/2019:11:47:27 +0000] "GET /admin/dashboard HTTP/1.1" 200 3406 "http://13.126.138.58/login" "Mozilla/5.0 (Windows NT 10.0; Win64; x64) AppleWebKit/537.36 (KHTML, like Gecko) Chrome/74.0.3729.169 Safari/537.36"
43.241.144.136 - - [02/Jun/2019:11:47:28 +0000] "GET /css/backend-custom.css?id=ab1e21613e2dd47ef38e HTTP/1.1" 200 12022 "http://13.126.138.58/admin/dashboard" "Mozilla/5.0 (Windows NT 10.0; Win64; x64) AppleWebKit/537.36 (KHTML, like Gecko) Chrome/74.0.3729.169 Safari/537.36"
43.241.144.136 - - [02/Jun/2019:11:47:28 +0000] "GET /css/backend.css?id=01e06c4e524418579f81 HTTP/1.1" 200 46451 "http://13.126.138.58/admin/dashboard" "Mozilla/5.0 (Windows NT 10.0; Win64; x64) AppleWebKit/537.36 (KHTML, like Gecko) Chrome/74.0.3729.169 Safari/537.36"
43.241.144.136 - - [02/Jun/2019:11:47:28 +0000] "GET /js/backend-custom.js?id=4bfe525330673547ae8c HTTP/1.1" 200 165413 "http://13.126.138.58/admin/dashboard" "Mozilla/5.0 (Windows NT 10.0; Win64; x64) AppleWebKit/537.36 (KHTML, like Gecko) Chrome/74.0.3729.169 Safari/537.36"
43.241.144.136 - - [02/Jun/2019:11:47:28 +0000] "GET /fonts/vendor/font-awesome/fontawesome-webfont.woff2?af7ae505a9eed503f8b8e6982036873e HTTP/1.1" 200 77497 "http://13.126.138.58/css/backend.css?id=01e06c4e524418579f81" "Mozilla/5.0 (Windows NT 10.0; Win64; x64) AppleWebKit/537.36 (KHTML, like Gecko) Chrome/74.0.3729.169 Safari/537.36"
43.241.144.136 - - [02/Jun/2019:11:47:28 +0000] "GET /js/backend.js?id=30fc80d4e78c2ead5538 HTTP/1.1" 200 518676 "http://13.126.138.58/admin/dashboard" "Mozilla/5.0 (Windows NT 10.0; Win64; x64) AppleWebKit/537.36 (KHTML, like Gecko) Chrome/74.0.3729.169 Safari/537.36"
43.241.144.136 - - [02/Jun/2019:11:47:29 +0000] "GET /admin/notification/getlist HTTP/1.1" 200 636 "http://13.126.138.58/admin/dashboard" "Mozilla/5.0 (Windows NT 10.0; Win64; x64) AppleWebKit/537.36 (KHTML, like Gecko) Chrome/74.0.3729.169 Safari/537.36"
43.241.144.136 - - [02/Jun/2019:11:47:40 +0000] "GET /admin/pages HTTP/1.1" 200 4291 "http://13.126.138.58/admin/dashboard" "Mozilla/5.0 (Windows NT 10.0; Win64; x64) AppleWebKit/537.36 (KHTML, like Gecko) Chrome/74.0.3729.169 Safari/537.36"
43.241.144.136 - - [02/Jun/2019:11:47:40 +0000] "GET /js/dataTable.js?id=59f8fc5aa00aa24635c2 HTTP/1.1" 200 1088317 "http://13.126.138.58/admin/pages" "Mozilla/5.0 (Windows NT 10.0; Win64; x64) AppleWebKit/537.36 (KHTML, like Gecko) Chrome/74.0.3729.169 Safari/537.36"
43.241.144.136 - - [02/Jun/2019:11:47:42 +0000] "GET /admin/notification/getlist HTTP/1.1" 200 636 "http://13.126.138.58/admin/pages" "Mozilla/5.0 (Windows NT 10.0; Win64; x64) AppleWebKit/537.36 (KHTML, like Gecko) Chrome/74.0.3729.169 Safari/537.36"
43.241.144.136 - - [02/Jun/2019:11:47:42 +0000] "GET /img/backend/down-arrow.png HTTP/1.1" 200 1367 "http://13.126.138.58/css/backend-custom.css?id=ab1e21613e2dd47ef38e" "Mozilla/5.0 (Windows NT 10.0; Win64; x64) AppleWebKit/537.36 (KHTML, like Gecko) Chrome/74.0.3729.169 Safari/537.36"
43.241.144.136 - - [02/Jun/2019:11:47:42 +0000] "POST /admin/pages/get HTTP/1.1" 200 1689 "http://13.126.138.58/admin/pages" "Mozilla/5.0 (Windows NT 10.0; Win64; x64) AppleWebKit/537.36 (KHTML, like Gecko) Chrome/74.0.3729.169 Safari/537.36"
43.241.144.136 - - [02/Jun/2019:11:47:49 +0000] "GET / HTTP/1.1" 200 4391 "http://13.126.138.58/contact-us" "Mozilla/5.0 (Windows NT 10.0; Win64; x64) AppleWebKit/537.36 (KHTML, like Gecko) Chrome/74.0.3729.169 Safari/537.36"
43.241.144.136 - - [02/Jun/2019:11:47:49 +0000] "GET /css/project/css/all.css HTTP/1.1" 304 154 "http://13.126.138.58/" "Mozilla/5.0 (Windows NT 10.0; Win64; x64) AppleWebKit/537.36 (KHTML, like Gecko) Chrome/74.0.3729.169 Safari/537.36"
43.241.144.136 - - [02/Jun/2019:11:47:49 +0000] "GET /css/project/css/bootstrap.css HTTP/1.1" 304 153 "http://13.126.138.58/" "Mozilla/5.0 (Windows NT 10.0; Win64; x64) AppleWebKit/537.36 (KHTML, like Gecko) Chrome/74.0.3729.169 Safari/537.36"
43.241.144.136 - - [02/Jun/2019:11:47:49 +0000] "GET /css/project/css/style.css HTTP/1.1" 304 154 "http://13.126.138.58/" "Mozilla/5.0 (Windows NT 10.0; Win64; x64) AppleWebKit/537.36 (KHTML, like Gecko) Chrome/74.0.3729.169 Safari/537.36"
43.241.144.136 - - [02/Jun/2019:11:47:49 +0000] "GET /css/project/css/responsive.css HTTP/1.1" 304 154 "http://13.126.138.58/" "Mozilla/5.0 (Windows NT 10.0; Win64; x64) AppleWebKit/537.36 (KHTML, like Gecko) Chrome/74.0.3729.169 Safari/537.36"
43.241.144.136 - - [02/Jun/2019:11:47:49 +0000] "GET /css/project/images/logo.png HTTP/1.1" 304 154 "http://13.126.138.58/" "Mozilla/5.0 (Windows NT 10.0; Win64; x64) AppleWebKit/537.36 (KHTML, like Gecko) Chrome/74.0.3729.169 Safari/537.36"
43.241.144.136 - - [02/Jun/2019:11:47:49 +0000] "GET /css/project/images/home-slider.jpg HTTP/1.1" 304 154 "http://13.126.138.58/" "Mozilla/5.0 (Windows NT 10.0; Win64; x64) AppleWebKit/537.36 (KHTML, like Gecko) Chrome/74.0.3729.169 Safari/537.36"
43.241.144.136 - - [02/Jun/2019:11:47:49 +0000] "GET /js/frontend.js?id=59b0488fa4fcb9a5133c HTTP/1.1" 304 153 "http://13.126.138.58/" "Mozilla/5.0 (Windows NT 10.0; Win64; x64) AppleWebKit/537.36 (KHTML, like Gecko) Chrome/74.0.3729.169 Safari/537.36"
43.241.144.136 - - [02/Jun/2019:11:47:49 +0000] "GET /css/project/images/app-icon-2.jpg HTTP/1.1" 304 153 "http://13.126.138.58/" "Mozilla/5.0 (Windows NT 10.0; Win64; x64) AppleWebKit/537.36 (KHTML, like Gecko) Chrome/74.0.3729.169 Safari/537.36"
43.241.144.136 - - [02/Jun/2019:11:47:49 +0000] "GET /css/project/images/about-pic.jpg HTTP/1.1" 304 153 "http://13.126.138.58/" "Mozilla/5.0 (Windows NT 10.0; Win64; x64) AppleWebKit/537.36 (KHTML, like Gecko) Chrome/74.0.3729.169 Safari/537.36"
43.241.144.136 - - [02/Jun/2019:11:47:49 +0000] "GET /css/project/images/app-icon-1.jpg HTTP/1.1" 304 153 "http://13.126.138.58/" "Mozilla/5.0 (Windows NT 10.0; Win64; x64) AppleWebKit/537.36 (KHTML, like Gecko) Chrome/74.0.3729.169 Safari/537.36"
43.241.144.136 - - [02/Jun/2019:11:47:49 +0000] "GET /css/project/images/app-icon-3.jpg HTTP/1.1" 304 153 "http://13.126.138.58/" "Mozilla/5.0 (Windows NT 10.0; Win64; x64) AppleWebKit/537.36 (KHTML, like Gecko) Chrome/74.0.3729.169 Safari/537.36"
43.241.144.136 - - [02/Jun/2019:11:47:49 +0000] "GET /js/jquerysession.js HTTP/1.1" 404 1529 "http://13.126.138.58/" "Mozilla/5.0 (Windows NT 10.0; Win64; x64) AppleWebKit/537.36 (KHTML, like Gecko) Chrome/74.0.3729.169 Safari/537.36"
43.241.144.136 - - [02/Jun/2019:11:47:50 +0000] "GET /css/project/webfonts/chandelier-bold-webfont.woff2 HTTP/1.1" 304 153 "http://13.126.138.58/css/project/css/style.css" "Mozilla/5.0 (Windows NT 10.0; Win64; x64) AppleWebKit/537.36 (KHTML, like Gecko) Chrome/74.0.3729.169 Safari/537.36"
43.241.144.136 - - [02/Jun/2019:11:47:50 +0000] "GET /css/project/webfonts/fa-solid-900.woff2 HTTP/1.1" 304 153 "http://13.126.138.58/css/project/css/all.css" "Mozilla/5.0 (Windows NT 10.0; Win64; x64) AppleWebKit/537.36 (KHTML, like Gecko) Chrome/74.0.3729.169 Safari/537.36"
43.241.144.136 - - [02/Jun/2019:11:47:50 +0000] "GET /css/project/images/app-icon-5.jpg HTTP/1.1" 304 153 "http://13.126.138.58/" "Mozilla/5.0 (Windows NT 10.0; Win64; x64) AppleWebKit/537.36 (KHTML, like Gecko) Chrome/74.0.3729.169 Safari/537.36"
43.241.144.136 - - [02/Jun/2019:11:47:50 +0000] "GET /css/project/images/app-icon-6.jpg HTTP/1.1" 304 153 "http://13.126.138.58/" "Mozilla/5.0 (Windows NT 10.0; Win64; x64) AppleWebKit/537.36 (KHTML, like Gecko) Chrome/74.0.3729.169 Safari/537.36"
43.241.144.136 - - [02/Jun/2019:11:47:50 +0000] "GET /css/project/images/app-icon-4.jpg HTTP/1.1" 304 153 "http://13.126.138.58/" "Mozilla/5.0 (Windows NT 10.0; Win64; x64) AppleWebKit/537.36 (KHTML, like Gecko) Chrome/74.0.3729.169 Safari/537.36"
43.241.144.136 - - [02/Jun/2019:11:47:50 +0000] "GET /css/project/images/vision-icon.png HTTP/1.1" 304 154 "http://13.126.138.58/" "Mozilla/5.0 (Windows NT 10.0; Win64; x64) AppleWebKit/537.36 (KHTML, like Gecko) Chrome/74.0.3729.169 Safari/537.36"
43.241.144.136 - - [02/Jun/2019:11:47:50 +0000] "GET /css/project/images/mission-statement-icon.png HTTP/1.1" 304 153 "http://13.126.138.58/" "Mozilla/5.0 (Windows NT 10.0; Win64; x64) AppleWebKit/537.36 (KHTML, like Gecko) Chrome/74.0.3729.169 Safari/537.36"
43.241.144.136 - - [02/Jun/2019:11:47:50 +0000] "GET /css/project/images/values-icon.png HTTP/1.1" 304 153 "http://13.126.138.58/" "Mozilla/5.0 (Windows NT 10.0; Win64; x64) AppleWebKit/537.36 (KHTML, like Gecko) Chrome/74.0.3729.169 Safari/537.36"
43.241.144.136 - - [02/Jun/2019:11:47:50 +0000] "GET /css/project/images/app-icon-9.jpg HTTP/1.1" 304 153 "http://13.126.138.58/" "Mozilla/5.0 (Windows NT 10.0; Win64; x64) AppleWebKit/537.36 (KHTML, like Gecko) Chrome/74.0.3729.169 Safari/537.36"
43.241.144.136 - - [02/Jun/2019:11:47:50 +0000] "GET /css/project/images/app-icon-7.jpg HTTP/1.1" 304 153 "http://13.126.138.58/" "Mozilla/5.0 (Windows NT 10.0; Win64; x64) AppleWebKit/537.36 (KHTML, like Gecko) Chrome/74.0.3729.169 Safari/537.36"
43.241.144.136 - - [02/Jun/2019:11:47:50 +0000] "GET /css/project/images/app-icon-8.jpg HTTP/1.1" 304 153 "http://13.126.138.58/" "Mozilla/5.0 (Windows NT 10.0; Win64; x64) AppleWebKit/537.36 (KHTML, like Gecko) Chrome/74.0.3729.169 Safari/537.36"
43.241.144.136 - - [02/Jun/2019:11:47:50 +0000] "GET /css/project/images/about-bg.png HTTP/1.1" 304 153 "http://13.126.138.58/css/project/css/style.css" "Mozilla/5.0 (Windows NT 10.0; Win64; x64) AppleWebKit/537.36 (KHTML, like Gecko) Chrome/74.0.3729.169 Safari/537.36"
43.241.144.136 - - [02/Jun/2019:11:47:50 +0000] "GET /css/project/images/coming-soon-bg.jpg HTTP/1.1" 304 153 "http://13.126.138.58/css/project/css/style.css" "Mozilla/5.0 (Windows NT 10.0; Win64; x64) AppleWebKit/537.36 (KHTML, like Gecko) Chrome/74.0.3729.169 Safari/537.36"
43.241.144.136 - - [02/Jun/2019:11:47:50 +0000] "GET /css/project/images/client-1.jpg HTTP/1.1" 304 153 "http://13.126.138.58/" "Mozilla/5.0 (Windows NT 10.0; Win64; x64) AppleWebKit/537.36 (KHTML, like Gecko) Chrome/74.0.3729.169 Safari/537.36"
43.241.144.136 - - [02/Jun/2019:11:47:50 +0000] "GET /css/project/images/blog-section-bg.jpg HTTP/1.1" 304 153 "http://13.126.138.58/css/project/css/style.css" "Mozilla/5.0 (Windows NT 10.0; Win64; x64) AppleWebKit/537.36 (KHTML, like Gecko) Chrome/74.0.3729.169 Safari/537.36"
43.241.144.40 - - [02/Jun/2019:11:47:50 +0000] "GET / HTTP/1.1" 200 4390 "http://13.126.138.58/" "Mozilla/5.0 (X11; Linux x86_64) AppleWebKit/537.36 (KHTML, like Gecko) Chrome/70.0.3538.110 Safari/537.36"
43.241.144.40 - - [02/Jun/2019:11:47:50 +0000] "GET /js/jquerysession.js HTTP/1.1" 404 1529 "http://13.126.138.58/" "Mozilla/5.0 (X11; Linux x86_64) AppleWebKit/537.36 (KHTML, like Gecko) Chrome/70.0.3538.110 Safari/537.36"
43.241.144.40 - - [02/Jun/2019:11:47:50 +0000] "GET /js/jquerysession.js HTTP/1.1" 404 1529 "http://13.126.138.58/" "Mozilla/5.0 (X11; Linux x86_64) AppleWebKit/537.36 (KHTML, like Gecko) Chrome/70.0.3538.110 Safari/537.36"
43.241.144.40 - - [02/Jun/2019:11:47:54 +0000] "GET /pages/about-us HTTP/1.1" 200 4846 "http://13.126.138.58/" "Mozilla/5.0 (X11; Linux x86_64) AppleWebKit/537.36 (KHTML, like Gecko) Chrome/70.0.3538.110 Safari/537.36"
43.241.144.40 - - [02/Jun/2019:11:47:54 +0000] "GET /css/project/images/about-block-img1.jpg HTTP/1.1" 304 153 "http://13.126.138.58/pages/about-us" "Mozilla/5.0 (X11; Linux x86_64) AppleWebKit/537.36 (KHTML, like Gecko) Chrome/70.0.3538.110 Safari/537.36"
43.241.144.40 - - [02/Jun/2019:11:47:54 +0000] "GET /css/project/images/about-block-img2.jpg HTTP/1.1" 304 154 "http://13.126.138.58/pages/about-us" "Mozilla/5.0 (X11; Linux x86_64) AppleWebKit/537.36 (KHTML, like Gecko) Chrome/70.0.3538.110 Safari/537.36"
43.241.144.40 - - [02/Jun/2019:11:47:54 +0000] "GET /css/project/images/about-block-img3.jpg HTTP/1.1" 304 153 "http://13.126.138.58/pages/about-us" "Mozilla/5.0 (X11; Linux x86_64) AppleWebKit/537.36 (KHTML, like Gecko) Chrome/70.0.3538.110 Safari/537.36"
43.241.144.40 - - [02/Jun/2019:11:47:54 +0000] "GET /js/jquerysession.js HTTP/1.1" 404 1529 "http://13.126.138.58/pages/about-us" "Mozilla/5.0 (X11; Linux x86_64) AppleWebKit/537.36 (KHTML, like Gecko) Chrome/70.0.3538.110 Safari/537.36"
43.241.144.40 - - [02/Jun/2019:11:47:54 +0000] "GET /css/project/images/about-block-img4.jpg HTTP/1.1" 304 154 "http://13.126.138.58/pages/about-us" "Mozilla/5.0 (X11; Linux x86_64) AppleWebKit/537.36 (KHTML, like Gecko) Chrome/70.0.3538.110 Safari/537.36"
43.241.144.40 - - [02/Jun/2019:11:47:54 +0000] "GET /css/project/images/about-block-img6.jpg HTTP/1.1" 304 154 "http://13.126.138.58/pages/about-us" "Mozilla/5.0 (X11; Linux x86_64) AppleWebKit/537.36 (KHTML, like Gecko) Chrome/70.0.3538.110 Safari/537.36"
43.241.144.40 - - [02/Jun/2019:11:47:54 +0000] "GET /css/project/images/about-block-img5.jpg HTTP/1.1" 304 154 "http://13.126.138.58/pages/about-us" "Mozilla/5.0 (X11; Linux x86_64) AppleWebKit/537.36 (KHTML, like Gecko) Chrome/70.0.3538.110 Safari/537.36"
43.241.144.40 - - [02/Jun/2019:11:47:54 +0000] "GET /css/project/webfonts/fa-brands-400.woff2 HTTP/1.1" 304 153 "http://13.126.138.58/css/project/css/all.css" "Mozilla/5.0 (X11; Linux x86_64) AppleWebKit/537.36 (KHTML, like Gecko) Chrome/70.0.3538.110 Safari/537.36"
::1 - - [02/Jun/2019:11:47:57 +0000] "OPTIONS * HTTP/1.0" 200 126 "-" "Apache/2.4.18 (Ubuntu) OpenSSL/1.0.2g (internal dummy connection)"
43.241.144.136 - - [02/Jun/2019:11:47:57 +0000] "GET /pages/about-us HTTP/1.1" 200 4851 "http://13.126.138.58/" "Mozilla/5.0 (Windows NT 10.0; Win64; x64) AppleWebKit/537.36 (KHTML, like Gecko) Chrome/74.0.3729.169 Safari/537.36"
43.241.144.136 - - [02/Jun/2019:11:47:57 +0000] "GET /css/project/images/about-block-img2.jpg HTTP/1.1" 304 154 "http://13.126.138.58/pages/about-us" "Mozilla/5.0 (Windows NT 10.0; Win64; x64) AppleWebKit/537.36 (KHTML, like Gecko) Chrome/74.0.3729.169 Safari/537.36"
43.241.144.136 - - [02/Jun/2019:11:47:57 +0000] "GET /css/project/images/about-block-img1.jpg HTTP/1.1" 304 153 "http://13.126.138.58/pages/about-us" "Mozilla/5.0 (Windows NT 10.0; Win64; x64) AppleWebKit/537.36 (KHTML, like Gecko) Chrome/74.0.3729.169 Safari/537.36"
43.241.144.136 - - [02/Jun/2019:11:47:57 +0000] "GET /js/jquerysession.js HTTP/1.1" 404 1529 "http://13.126.138.58/pages/about-us" "Mozilla/5.0 (Windows NT 10.0; Win64; x64) AppleWebKit/537.36 (KHTML, like Gecko) Chrome/74.0.3729.169 Safari/537.36"
43.241.144.136 - - [02/Jun/2019:11:47:57 +0000] "GET /css/project/images/about-block-img4.jpg HTTP/1.1" 304 154 "http://13.126.138.58/pages/about-us" "Mozilla/5.0 (Windows NT 10.0; Win64; x64) AppleWebKit/537.36 (KHTML, like Gecko) Chrome/74.0.3729.169 Safari/537.36"
43.241.144.136 - - [02/Jun/2019:11:47:57 +0000] "GET /css/project/webfonts/fa-brands-400.woff2 HTTP/1.1" 304 154 "http://13.126.138.58/css/project/css/all.css" "Mozilla/5.0 (Windows NT 10.0; Win64; x64) AppleWebKit/537.36 (KHTML, like Gecko) Chrome/74.0.3729.169 Safari/537.36"
43.241.144.136 - - [02/Jun/2019:11:47:57 +0000] "GET /css/project/images/about-block-img5.jpg HTTP/1.1" 304 154 "http://13.126.138.58/pages/about-us" "Mozilla/5.0 (Windows NT 10.0; Win64; x64) AppleWebKit/537.36 (KHTML, like Gecko) Chrome/74.0.3729.169 Safari/537.36"
43.241.144.136 - - [02/Jun/2019:11:47:57 +0000] "GET /css/project/images/about-block-img6.jpg HTTP/1.1" 304 153 "http://13.126.138.58/pages/about-us" "Mozilla/5.0 (Windows NT 10.0; Win64; x64) AppleWebKit/537.36 (KHTML, like Gecko) Chrome/74.0.3729.169 Safari/537.36"
43.241.144.136 - - [02/Jun/2019:11:47:58 +0000] "GET /css/project/images/about-block-img3.jpg HTTP/1.1" 304 153 "http://13.126.138.58/pages/about-us" "Mozilla/5.0 (Windows NT 10.0; Win64; x64) AppleWebKit/537.36 (KHTML, like Gecko) Chrome/74.0.3729.169 Safari/537.36"
::1 - - [02/Jun/2019:11:48:02 +0000] "OPTIONS * HTTP/1.0" 200 126 "-" "Apache/2.4.18 (Ubuntu) OpenSSL/1.0.2g (internal dummy connection)"
43.241.144.40 - - [02/Jun/2019:11:48:02 +0000] "GET /stone-collection HTTP/1.1" 200 3095 "http://13.126.138.58/pages/about-us" "Mozilla/5.0 (X11; Linux x86_64) AppleWebKit/537.36 (KHTML, like Gecko) Chrome/70.0.3538.110 Safari/537.36"
43.241.144.40 - - [02/Jun/2019:11:48:02 +0000] "GET /css/project/images/collection-slider-1.jpg HTTP/1.1" 304 153 "http://13.126.138.58/stone-collection" "Mozilla/5.0 (X11; Linux x86_64) AppleWebKit/537.36 (KHTML, like Gecko) Chrome/70.0.3538.110 Safari/537.36"
43.241.144.40 - - [02/Jun/2019:11:48:02 +0000] "GET /css/project/images/product-front-view.png HTTP/1.1" 304 153 "http://13.126.138.58/stone-collection" "Mozilla/5.0 (X11; Linux x86_64) AppleWebKit/537.36 (KHTML, like Gecko) Chrome/70.0.3538.110 Safari/537.36"
43.241.144.40 - - [02/Jun/2019:11:48:02 +0000] "GET /js/jquerysession.js HTTP/1.1" 404 1529 "http://13.126.138.58/stone-collection" "Mozilla/5.0 (X11; Linux x86_64) AppleWebKit/537.36 (KHTML, like Gecko) Chrome/70.0.3538.110 Safari/537.36"
43.241.144.40 - - [02/Jun/2019:11:48:02 +0000] "GET /css/project/images/collection-section-bg.png HTTP/1.1" 304 153 "http://13.126.138.58/css/project/css/style.css" "Mozilla/5.0 (X11; Linux x86_64) AppleWebKit/537.36 (KHTML, like Gecko) Chrome/70.0.3538.110 Safari/537.36"
::1 - - [02/Jun/2019:11:48:03 +0000] "OPTIONS * HTTP/1.0" 200 126 "-" "Apache/2.4.18 (Ubuntu) OpenSSL/1.0.2g (internal dummy connection)"
43.241.144.136 - - [02/Jun/2019:11:48:03 +0000] "GET /stone-collection HTTP/1.1" 200 3094 "http://13.126.138.58/pages/about-us" "Mozilla/5.0 (Windows NT 10.0; Win64; x64) AppleWebKit/537.36 (KHTML, like Gecko) Chrome/74.0.3729.169 Safari/537.36"
43.241.144.136 - - [02/Jun/2019:11:48:03 +0000] "GET /css/project/images/product-front-view.png HTTP/1.1" 304 154 "http://13.126.138.58/stone-collection" "Mozilla/5.0 (Windows NT 10.0; Win64; x64) AppleWebKit/537.36 (KHTML, like Gecko) Chrome/74.0.3729.169 Safari/537.36"
43.241.144.136 - - [02/Jun/2019:11:48:03 +0000] "GET /css/project/images/collection-slider-1.jpg HTTP/1.1" 304 153 "http://13.126.138.58/stone-collection" "Mozilla/5.0 (Windows NT 10.0; Win64; x64) AppleWebKit/537.36 (KHTML, like Gecko) Chrome/74.0.3729.169 Safari/537.36"
43.241.144.136 - - [02/Jun/2019:11:48:03 +0000] "GET /js/jquerysession.js HTTP/1.1" 404 1529 "http://13.126.138.58/stone-collection" "Mozilla/5.0 (Windows NT 10.0; Win64; x64) AppleWebKit/537.36 (KHTML, like Gecko) Chrome/74.0.3729.169 Safari/537.36"
43.241.144.136 - - [02/Jun/2019:11:48:03 +0000] "GET /css/project/images/collection-section-bg.png HTTP/1.1" 304 153 "http://13.126.138.58/css/project/css/style.css" "Mozilla/5.0 (Windows NT 10.0; Win64; x64) AppleWebKit/537.36 (KHTML, like Gecko) Chrome/74.0.3729.169 Safari/537.36"
::1 - - [02/Jun/2019:11:48:04 +0000] "OPTIONS * HTTP/1.0" 200 126 "-" "Apache/2.4.18 (Ubuntu) OpenSSL/1.0.2g (internal dummy connection)"
::1 - - [02/Jun/2019:11:48:08 +0000] "OPTIONS * HTTP/1.0" 200 126 "-" "Apache/2.4.18 (Ubuntu) OpenSSL/1.0.2g (internal dummy connection)"
::1 - - [02/Jun/2019:11:48:10 +0000] "OPTIONS * HTTP/1.0" 200 126 "-" "Apache/2.4.18 (Ubuntu) OpenSSL/1.0.2g (internal dummy connection)"
43.241.144.40 - - [02/Jun/2019:11:48:11 +0000] "GET /pages/production HTTP/1.1" 200 2341 "http://13.126.138.58/stone-collection" "Mozilla/5.0 (X11; Linux x86_64) AppleWebKit/537.36 (KHTML, like Gecko) Chrome/70.0.3538.110 Safari/537.36"
43.241.144.40 - - [02/Jun/2019:11:48:11 +0000] "GET /js/jquerysession.js HTTP/1.1" 404 1529 "http://13.126.138.58/pages/production" "Mozilla/5.0 (X11; Linux x86_64) AppleWebKit/537.36 (KHTML, like Gecko) Chrome/70.0.3538.110 Safari/537.36"
43.241.144.40 - - [02/Jun/2019:11:48:11 +0000] "GET /js/jquerysession.js HTTP/1.1" 404 1529 "http://13.126.138.58/pages/production" "Mozilla/5.0 (X11; Linux x86_64) AppleWebKit/537.36 (KHTML, like Gecko) Chrome/70.0.3538.110 Safari/537.36"
43.241.144.136 - - [02/Jun/2019:11:48:12 +0000] "GET /pages/production HTTP/1.1" 200 2340 "http://13.126.138.58/stone-collection" "Mozilla/5.0 (Windows NT 10.0; Win64; x64) AppleWebKit/537.36 (KHTML, like Gecko) Chrome/74.0.3729.169 Safari/537.36"
43.241.144.136 - - [02/Jun/2019:11:48:12 +0000] "GET /js/jquerysession.js HTTP/1.1" 404 1529 "http://13.126.138.58/pages/production" "Mozilla/5.0 (Windows NT 10.0; Win64; x64) AppleWebKit/537.36 (KHTML, like Gecko) Chrome/74.0.3729.169 Safari/537.36"
43.241.144.136 - - [02/Jun/2019:11:48:13 +0000] "GET /js/jquerysession.js HTTP/1.1" 404 1529 "http://13.126.138.58/pages/production" "Mozilla/5.0 (Windows NT 10.0; Win64; x64) AppleWebKit/537.36 (KHTML, like Gecko) Chrome/74.0.3729.169 Safari/537.36"
43.241.144.40 - - [02/Jun/2019:11:48:15 +0000] "GET /pages/stone-talk HTTP/1.1" 200 2341 "http://13.126.138.58/pages/production" "Mozilla/5.0 (X11; Linux x86_64) AppleWebKit/537.36 (KHTML, like Gecko) Chrome/70.0.3538.110 Safari/537.36"
43.241.144.40 - - [02/Jun/2019:11:48:15 +0000] "GET /js/jquerysession.js HTTP/1.1" 404 1529 "http://13.126.138.58/pages/stone-talk" "Mozilla/5.0 (X11; Linux x86_64) AppleWebKit/537.36 (KHTML, like Gecko) Chrome/70.0.3538.110 Safari/537.36"
43.241.144.136 - - [02/Jun/2019:11:48:17 +0000] "GET /pages/stone-talk HTTP/1.1" 200 2340 "http://13.126.138.58/pages/production" "Mozilla/5.0 (Windows NT 10.0; Win64; x64) AppleWebKit/537.36 (KHTML, like Gecko) Chrome/74.0.3729.169 Safari/537.36"
43.241.144.136 - - [02/Jun/2019:11:48:17 +0000] "GET /js/jquerysession.js HTTP/1.1" 404 1529 "http://13.126.138.58/pages/stone-talk" "Mozilla/5.0 (Windows NT 10.0; Win64; x64) AppleWebKit/537.36 (KHTML, like Gecko) Chrome/74.0.3729.169 Safari/537.36"
43.241.144.136 - - [02/Jun/2019:11:48:17 +0000] "GET /js/jquerysession.js HTTP/1.1" 404 1529 "http://13.126.138.58/pages/stone-talk" "Mozilla/5.0 (Windows NT 10.0; Win64; x64) AppleWebKit/537.36 (KHTML, like Gecko) Chrome/74.0.3729.169 Safari/537.36"
43.241.144.40 - - [02/Jun/2019:11:48:20 +0000] "GET /contact-us HTTP/1.1" 200 3234 "http://13.126.138.58/pages/stone-talk" "Mozilla/5.0 (X11; Linux x86_64) AppleWebKit/537.36 (KHTML, like Gecko) Chrome/70.0.3538.110 Safari/537.36"
43.241.144.40 - - [02/Jun/2019:11:48:20 +0000] "GET /css/project/images/location.png HTTP/1.1" 304 153 "http://13.126.138.58/contact-us" "Mozilla/5.0 (X11; Linux x86_64) AppleWebKit/537.36 (KHTML, like Gecko) Chrome/70.0.3538.110 Safari/537.36"
43.241.144.40 - - [02/Jun/2019:11:48:20 +0000] "GET /css/project/images/location1.png HTTP/1.1" 304 154 "http://13.126.138.58/contact-us" "Mozilla/5.0 (X11; Linux x86_64) AppleWebKit/537.36 (KHTML, like Gecko) Chrome/70.0.3538.110 Safari/537.36"
43.241.144.40 - - [02/Jun/2019:11:48:20 +0000] "GET /js/jquerysession.js HTTP/1.1" 404 1529 "http://13.126.138.58/contact-us" "Mozilla/5.0 (X11; Linux x86_64) AppleWebKit/537.36 (KHTML, like Gecko) Chrome/70.0.3538.110 Safari/537.36"
43.241.144.136 - - [02/Jun/2019:11:48:21 +0000] "GET /contact-us HTTP/1.1" 200 3234 "http://13.126.138.58/pages/stone-talk" "Mozilla/5.0 (Windows NT 10.0; Win64; x64) AppleWebKit/537.36 (KHTML, like Gecko) Chrome/74.0.3729.169 Safari/537.36"
43.241.144.136 - - [02/Jun/2019:11:48:21 +0000] "GET /css/project/images/location1.png HTTP/1.1" 304 154 "http://13.126.138.58/contact-us" "Mozilla/5.0 (Windows NT 10.0; Win64; x64) AppleWebKit/537.36 (KHTML, like Gecko) Chrome/74.0.3729.169 Safari/537.36"
43.241.144.136 - - [02/Jun/2019:11:48:21 +0000] "GET /css/project/images/location.png HTTP/1.1" 304 153 "http://13.126.138.58/contact-us" "Mozilla/5.0 (Windows NT 10.0; Win64; x64) AppleWebKit/537.36 (KHTML, like Gecko) Chrome/74.0.3729.169 Safari/537.36"
43.241.144.136 - - [02/Jun/2019:11:48:21 +0000] "GET /js/jquerysession.js HTTP/1.1" 404 1529 "http://13.126.138.58/contact-us" "Mozilla/5.0 (Windows NT 10.0; Win64; x64) AppleWebKit/537.36 (KHTML, like Gecko) Chrome/74.0.3729.169 Safari/537.36"
43.241.144.40 - - [02/Jun/2019:11:48:30 +0000] "POST /login HTTP/1.1" 302 1377 "http://13.126.138.58/login" "Mozilla/5.0 (X11; Linux x86_64) AppleWebKit/537.36 (KHTML, like Gecko) Chrome/70.0.3538.110 Safari/537.36"
43.241.144.40 - - [02/Jun/2019:11:48:31 +0000] "GET /login HTTP/1.1" 200 2466 "http://13.126.138.58/login" "Mozilla/5.0 (X11; Linux x86_64) AppleWebKit/537.36 (KHTML, like Gecko) Chrome/70.0.3538.110 Safari/537.36"
43.241.144.40 - - [02/Jun/2019:11:48:31 +0000] "GET /js/jquerysession.js HTTP/1.1" 404 1529 "http://13.126.138.58/login" "Mozilla/5.0 (X11; Linux x86_64) AppleWebKit/537.36 (KHTML, like Gecko) Chrome/70.0.3538.110 Safari/537.36"
43.241.144.40 - - [02/Jun/2019:11:48:31 +0000] "GET /js/jquerysession.js HTTP/1.1" 404 1529 "http://13.126.138.58/login" "Mozilla/5.0 (X11; Linux x86_64) AppleWebKit/537.36 (KHTML, like Gecko) Chrome/70.0.3538.110 Safari/537.36"
43.241.144.40 - - [02/Jun/2019:11:48:37 +0000] "POST /login HTTP/1.1" 302 1421 "http://13.126.138.58/login" "Mozilla/5.0 (X11; Linux x86_64) AppleWebKit/537.36 (KHTML, like Gecko) Chrome/70.0.3538.110 Safari/537.36"
43.241.144.40 - - [02/Jun/2019:11:48:37 +0000] "GET /admin/dashboard HTTP/1.1" 200 3403 "http://13.126.138.58/login" "Mozilla/5.0 (X11; Linux x86_64) AppleWebKit/537.36 (KHTML, like Gecko) Chrome/70.0.3538.110 Safari/537.36"
43.241.144.40 - - [02/Jun/2019:11:48:37 +0000] "GET /css/backend.css?id=01e06c4e524418579f81 HTTP/1.1" 304 153 "http://13.126.138.58/admin/dashboard" "Mozilla/5.0 (X11; Linux x86_64) AppleWebKit/537.36 (KHTML, like Gecko) Chrome/70.0.3538.110 Safari/537.36"
43.241.144.40 - - [02/Jun/2019:11:48:37 +0000] "GET /js/backend.js?id=30fc80d4e78c2ead5538 HTTP/1.1" 304 154 "http://13.126.138.58/admin/dashboard" "Mozilla/5.0 (X11; Linux x86_64) AppleWebKit/537.36 (KHTML, like Gecko) Chrome/70.0.3538.110 Safari/537.36"
43.241.144.40 - - [02/Jun/2019:11:48:37 +0000] "GET /css/backend-custom.css?id=ab1e21613e2dd47ef38e HTTP/1.1" 304 154 "http://13.126.138.58/admin/dashboard" "Mozilla/5.0 (X11; Linux x86_64) AppleWebKit/537.36 (KHTML, like Gecko) Chrome/70.0.3538.110 Safari/537.36"
43.241.144.40 - - [02/Jun/2019:11:48:37 +0000] "GET /fonts/vendor/font-awesome/fontawesome-webfont.woff2?af7ae505a9eed503f8b8e6982036873e HTTP/1.1" 304 153 "http://13.126.138.58/css/backend.css?id=01e06c4e524418579f81" "Mozilla/5.0 (X11; Linux x86_64) AppleWebKit/537.36 (KHTML, like Gecko) Chrome/70.0.3538.110 Safari/537.36"
43.241.144.40 - - [02/Jun/2019:11:48:37 +0000] "GET /js/backend-custom.js?id=4bfe525330673547ae8c HTTP/1.1" 304 154 "http://13.126.138.58/admin/dashboard" "Mozilla/5.0 (X11; Linux x86_64) AppleWebKit/537.36 (KHTML, like Gecko) Chrome/70.0.3538.110 Safari/537.36"
43.241.144.40 - - [02/Jun/2019:11:48:37 +0000] "GET /admin/notification/getlist HTTP/1.1" 200 635 "http://13.126.138.58/admin/dashboard" "Mozilla/5.0 (X11; Linux x86_64) AppleWebKit/537.36 (KHTML, like Gecko) Chrome/70.0.3538.110 Safari/537.36"
43.241.144.40 - - [02/Jun/2019:11:48:40 +0000] "GET /admin/pages HTTP/1.1" 200 4293 "http://13.126.138.58/admin/dashboard" "Mozilla/5.0 (X11; Linux x86_64) AppleWebKit/537.36 (KHTML, like Gecko) Chrome/70.0.3538.110 Safari/537.36"
43.241.144.40 - - [02/Jun/2019:11:48:40 +0000] "GET /js/dataTable.js?id=59f8fc5aa00aa24635c2 HTTP/1.1" 304 153 "http://13.126.138.58/admin/pages" "Mozilla/5.0 (X11; Linux x86_64) AppleWebKit/537.36 (KHTML, like Gecko) Chrome/70.0.3538.110 Safari/537.36"
43.241.144.40 - - [02/Jun/2019:11:48:40 +0000] "GET /admin/notification/getlist HTTP/1.1" 200 635 "http://13.126.138.58/admin/pages" "Mozilla/5.0 (X11; Linux x86_64) AppleWebKit/537.36 (KHTML, like Gecko) Chrome/70.0.3538.110 Safari/537.36"
43.241.144.40 - - [02/Jun/2019:11:48:40 +0000] "POST /admin/pages/get HTTP/1.1" 200 1690 "http://13.126.138.58/admin/pages" "Mozilla/5.0 (X11; Linux x86_64) AppleWebKit/537.36 (KHTML, like Gecko) Chrome/70.0.3538.110 Safari/537.36"
43.241.144.136 - - [02/Jun/2019:11:48:42 +0000] "GET /admin/notification/getlist HTTP/1.1" 200 636 "http://13.126.138.58/admin/pages" "Mozilla/5.0 (Windows NT 10.0; Win64; x64) AppleWebKit/537.36 (KHTML, like Gecko) Chrome/74.0.3729.169 Safari/537.36"
43.241.144.40 - - [02/Jun/2019:11:48:45 +0000] "GET /admin/pages/7/edit HTTP/1.1" 200 6665 "http://13.126.138.58/admin/pages" "Mozilla/5.0 (X11; Linux x86_64) AppleWebKit/537.36 (KHTML, like Gecko) Chrome/70.0.3538.110 Safari/537.36"
43.241.144.40 - - [02/Jun/2019:11:48:46 +0000] "GET /admin/notification/getlist HTTP/1.1" 200 635 "http://13.126.138.58/admin/pages/7/edit" "Mozilla/5.0 (X11; Linux x86_64) AppleWebKit/537.36 (KHTML, like Gecko) Chrome/70.0.3538.110 Safari/537.36"
43.241.144.136 - - [02/Jun/2019:11:48:47 +0000] "GET /admin/pages/7/edit HTTP/1.1" 200 6672 "http://13.126.138.58/admin/pages" "Mozilla/5.0 (Windows NT 10.0; Win64; x64) AppleWebKit/537.36 (KHTML, like Gecko) Chrome/74.0.3729.169 Safari/537.36"
43.241.144.136 - - [02/Jun/2019:11:48:48 +0000] "GET /admin/notification/getlist HTTP/1.1" 200 635 "http://13.126.138.58/admin/pages/7/edit" "Mozilla/5.0 (Windows NT 10.0; Win64; x64) AppleWebKit/537.36 (KHTML, like Gecko) Chrome/74.0.3729.169 Safari/537.36"
43.241.144.136 - - [02/Jun/2019:11:49:07 +0000] "GET / HTTP/1.1" 200 4397 "http://13.126.138.58/contact-us" "Mozilla/5.0 (Windows NT 10.0; Win64; x64) AppleWebKit/537.36 (KHTML, like Gecko) Chrome/74.0.3729.169 Safari/537.36"
43.241.144.136 - - [02/Jun/2019:11:49:07 +0000] "GET /js/jquerysession.js HTTP/1.1" 404 1529 "http://13.126.138.58/" "Mozilla/5.0 (Windows NT 10.0; Win64; x64) AppleWebKit/537.36 (KHTML, like Gecko) Chrome/74.0.3729.169 Safari/537.36"
43.241.144.40 - - [02/Jun/2019:11:49:14 +0000] "GET /pages/about-us HTTP/1.1" 200 4849 "http://13.126.138.58/contact-us" "Mozilla/5.0 (X11; Linux x86_64) AppleWebKit/537.36 (KHTML, like Gecko) Chrome/70.0.3538.110 Safari/537.36"
43.241.144.40 - - [02/Jun/2019:11:49:14 +0000] "GET /css/project/css/bootstrap.css HTTP/1.1" 304 153 "http://13.126.138.58/pages/about-us" "Mozilla/5.0 (X11; Linux x86_64) AppleWebKit/537.36 (KHTML, like Gecko) Chrome/70.0.3538.110 Safari/537.36"
43.241.144.40 - - [02/Jun/2019:11:49:14 +0000] "GET /css/project/css/all.css HTTP/1.1" 304 154 "http://13.126.138.58/pages/about-us" "Mozilla/5.0 (X11; Linux x86_64) AppleWebKit/537.36 (KHTML, like Gecko) Chrome/70.0.3538.110 Safari/537.36"
43.241.144.40 - - [02/Jun/2019:11:49:14 +0000] "GET /css/project/css/style.css HTTP/1.1" 304 154 "http://13.126.138.58/pages/about-us" "Mozilla/5.0 (X11; Linux x86_64) AppleWebKit/537.36 (KHTML, like Gecko) Chrome/70.0.3538.110 Safari/537.36"
43.241.144.40 - - [02/Jun/2019:11:49:14 +0000] "GET /css/project/css/responsive.css HTTP/1.1" 304 153 "http://13.126.138.58/pages/about-us" "Mozilla/5.0 (X11; Linux x86_64) AppleWebKit/537.36 (KHTML, like Gecko) Chrome/70.0.3538.110 Safari/537.36"
43.241.144.40 - - [02/Jun/2019:11:49:14 +0000] "GET /css/project/images/logo.png HTTP/1.1" 304 154 "http://13.126.138.58/pages/about-us" "Mozilla/5.0 (X11; Linux x86_64) AppleWebKit/537.36 (KHTML, like Gecko) Chrome/70.0.3538.110 Safari/537.36"
43.241.144.40 - - [02/Jun/2019:11:49:14 +0000] "GET /js/frontend.js?id=59b0488fa4fcb9a5133c HTTP/1.1" 304 153 "http://13.126.138.58/pages/about-us" "Mozilla/5.0 (X11; Linux x86_64) AppleWebKit/537.36 (KHTML, like Gecko) Chrome/70.0.3538.110 Safari/537.36"
43.241.144.40 - - [02/Jun/2019:11:49:14 +0000] "GET /js/jquerysession.js HTTP/1.1" 404 1529 "http://13.126.138.58/pages/about-us" "Mozilla/5.0 (X11; Linux x86_64) AppleWebKit/537.36 (KHTML, like Gecko) Chrome/70.0.3538.110 Safari/537.36"
43.241.144.40 - - [02/Jun/2019:11:49:14 +0000] "GET /css/project/images/about-bg.png HTTP/1.1" 304 153 "http://13.126.138.58/css/project/css/style.css" "Mozilla/5.0 (X11; Linux x86_64) AppleWebKit/537.36 (KHTML, like Gecko) Chrome/70.0.3538.110 Safari/537.36"
43.241.144.40 - - [02/Jun/2019:11:49:14 +0000] "GET /css/project/webfonts/chandelier-bold-webfont.woff2 HTTP/1.1" 304 153 "http://13.126.138.58/css/project/css/style.css" "Mozilla/5.0 (X11; Linux x86_64) AppleWebKit/537.36 (KHTML, like Gecko) Chrome/70.0.3538.110 Safari/537.36"
43.241.144.40 - - [02/Jun/2019:11:49:14 +0000] "GET /css/project/webfonts/fa-solid-900.woff2 HTTP/1.1" 304 153 "http://13.126.138.58/css/project/css/all.css" "Mozilla/5.0 (X11; Linux x86_64) AppleWebKit/537.36 (KHTML, like Gecko) Chrome/70.0.3538.110 Safari/537.36"
43.241.144.136 - - [02/Jun/2019:11:49:23 +0000] "GET /pages/about-us HTTP/1.1" 200 4849 "http://13.126.138.58/" "Mozilla/5.0 (Windows NT 10.0; Win64; x64) AppleWebKit/537.36 (KHTML, like Gecko) Chrome/74.0.3729.169 Safari/537.36"
43.241.144.136 - - [02/Jun/2019:11:49:23 +0000] "GET /js/jquerysession.js HTTP/1.1" 404 1529 "http://13.126.138.58/pages/about-us" "Mozilla/5.0 (Windows NT 10.0; Win64; x64) AppleWebKit/537.36 (KHTML, like Gecko) Chrome/74.0.3729.169 Safari/537.36"
43.241.144.40 - - [02/Jun/2019:11:49:25 +0000] "GET / HTTP/1.1" 200 4392 "http://13.126.138.58/pages/about-us" "Mozilla/5.0 (X11; Linux x86_64) AppleWebKit/537.36 (KHTML, like Gecko) Chrome/70.0.3538.110 Safari/537.36"
43.241.144.40 - - [02/Jun/2019:11:49:25 +0000] "GET /css/project/images/home-slider.jpg HTTP/1.1" 304 153 "http://13.126.138.58/" "Mozilla/5.0 (X11; Linux x86_64) AppleWebKit/537.36 (KHTML, like Gecko) Chrome/70.0.3538.110 Safari/537.36"
43.241.144.40 - - [02/Jun/2019:11:49:25 +0000] "GET /css/project/images/about-pic.jpg HTTP/1.1" 304 154 "http://13.126.138.58/" "Mozilla/5.0 (X11; Linux x86_64) AppleWebKit/537.36 (KHTML, like Gecko) Chrome/70.0.3538.110 Safari/537.36"
